[2020-07-08T16:46:53.375+0000][0.005s] Heap region size: 1M
[2020-07-08T16:46:53.438+0000][0.067s] Using G1
[2020-07-08T16:46:53.438+0000][0.067s] Heap address: 0x00000000e0000000, size: 512 MB, Compressed Oops mode: 32-bit
[2020-07-08T16:46:54.125+0000][0.755s] GC(0) Pause Young (Normal) (G1 Evacuation Pause)
[2020-07-08T16:46:54.126+0000][0.756s] GC(0) Using 4 workers of 4 for evacuation
[2020-07-08T16:46:54.132+0000][0.762s] GC(0)   Pre Evacuate Collection Set: 0.0ms
[2020-07-08T16:46:54.132+0000][0.762s] GC(0)   Evacuate Collection Set: 5.5ms
[2020-07-08T16:46:54.132+0000][0.762s] GC(0)   Post Evacuate Collection Set: 0.5ms
[2020-07-08T16:46:54.132+0000][0.762s] GC(0)   Other: 0.8ms
[2020-07-08T16:46:54.132+0000][0.762s] GC(0) Eden regions: 25->0(304)
[2020-07-08T16:46:54.132+0000][0.762s] GC(0) Survivor regions: 0->3(4)
[2020-07-08T16:46:54.132+0000][0.762s] GC(0) Old regions: 0->0
[2020-07-08T16:46:54.132+0000][0.762s] GC(0) Humongous regions: 0->0
[2020-07-08T16:46:54.132+0000][0.762s] GC(0) Metaspace: 11935K->11935K(1060864K)
[2020-07-08T16:46:54.132+0000][0.762s] GC(0) Pause Young (Normal) (G1 Evacuation Pause) 25M->2M(512M) 6.969ms
[2020-07-08T16:46:54.132+0000][0.762s] GC(0) User=0.03s Sys=0.00s Real=0.01s
[2020-07-08T16:46:54.855+0000][1.485s] GC(1) Pause Young (Concurrent Start) (Metadata GC Threshold)
[2020-07-08T16:46:54.855+0000][1.485s] GC(1) Using 4 workers of 4 for evacuation
[2020-07-08T16:46:54.874+0000][1.504s] GC(1)   Pre Evacuate Collection Set: 0.0ms
[2020-07-08T16:46:54.874+0000][1.504s] GC(1)   Evacuate Collection Set: 17.8ms
[2020-07-08T16:46:54.874+0000][1.504s] GC(1)   Post Evacuate Collection Set: 1.3ms
[2020-07-08T16:46:54.874+0000][1.504s] GC(1)   Other: 0.2ms
[2020-07-08T16:46:54.874+0000][1.504s] GC(1) Eden regions: 30->0(35)
[2020-07-08T16:46:54.874+0000][1.504s] GC(1) Survivor regions: 3->12(39)
[2020-07-08T16:46:54.874+0000][1.504s] GC(1) Old regions: 0->0
[2020-07-08T16:46:54.874+0000][1.504s] GC(1) Humongous regions: 4->4
[2020-07-08T16:46:54.874+0000][1.504s] GC(1) Metaspace: 20554K->20554K(1069056K)
[2020-07-08T16:46:54.874+0000][1.504s] GC(1) Pause Young (Concurrent Start) (Metadata GC Threshold) 36M->15M(512M) 19.444ms
[2020-07-08T16:46:54.874+0000][1.504s] GC(1) User=0.05s Sys=0.00s Real=0.01s
[2020-07-08T16:46:54.875+0000][1.504s] GC(2) Concurrent Cycle
[2020-07-08T16:46:54.875+0000][1.504s] GC(2) Concurrent Clear Claimed Marks
[2020-07-08T16:46:54.875+0000][1.504s] GC(2) Concurrent Clear Claimed Marks 0.027ms
[2020-07-08T16:46:54.875+0000][1.504s] GC(2) Concurrent Scan Root Regions
[2020-07-08T16:46:54.891+0000][1.520s] GC(2) Concurrent Scan Root Regions 16.255ms
[2020-07-08T16:46:54.891+0000][1.521s] GC(2) Concurrent Mark (1.521s)
[2020-07-08T16:46:54.891+0000][1.521s] GC(2) Concurrent Mark From Roots
[2020-07-08T16:46:54.891+0000][1.521s] GC(2) Using 1 workers of 1 for marking
[2020-07-08T16:46:54.894+0000][1.524s] GC(2) Concurrent Mark From Roots 3.294ms
[2020-07-08T16:46:54.894+0000][1.524s] GC(2) Concurrent Preclean
[2020-07-08T16:46:54.894+0000][1.524s] GC(2) Concurrent Preclean 0.200ms
[2020-07-08T16:46:54.894+0000][1.524s] GC(2) Concurrent Mark (1.521s, 1.524s) 3.552ms
[2020-07-08T16:46:54.896+0000][1.526s] GC(2) Pause Remark
[2020-07-08T16:46:54.899+0000][1.529s] GC(2) Cleaned string and symbol table, strings: 10825 processed, 0 removed, symbols: 64157 processed, 18 removed
[2020-07-08T16:46:54.899+0000][1.529s] GC(2) Pause Remark 16M->16M(512M) 2.853ms
[2020-07-08T16:46:54.899+0000][1.529s] GC(2) User=0.00s Sys=0.00s Real=0.00s
[2020-07-08T16:46:54.899+0000][1.529s] GC(2) Concurrent Rebuild Remembered Sets
[2020-07-08T16:46:54.904+0000][1.533s] GC(2) Concurrent Rebuild Remembered Sets 4.162ms
[2020-07-08T16:46:54.904+0000][1.533s] GC(2) Pause Cleanup
[2020-07-08T16:46:54.904+0000][1.533s] GC(2) Pause Cleanup 18M->18M(512M) 0.140ms
[2020-07-08T16:46:54.904+0000][1.534s] GC(2) User=0.00s Sys=0.00s Real=0.00s
[2020-07-08T16:46:54.904+0000][1.534s] GC(2) Concurrent Cleanup for Next Mark
[2020-07-08T16:46:54.906+0000][1.535s] GC(2) Concurrent Cleanup for Next Mark 1.580ms
[2020-07-08T16:46:54.906+0000][1.535s] GC(2) Concurrent Cycle 31.029ms
[2020-07-08T16:46:55.371+0000][2.001s] GC(3) Pause Young (Normal) (G1 Evacuation Pause)
[2020-07-08T16:46:55.372+0000][2.001s] GC(3) Using 4 workers of 4 for evacuation
[2020-07-08T16:46:55.401+0000][2.031s] GC(3)   Pre Evacuate Collection Set: 0.0ms
[2020-07-08T16:46:55.401+0000][2.031s] GC(3)   Evacuate Collection Set: 27.9ms
[2020-07-08T16:46:55.401+0000][2.031s] GC(3)   Post Evacuate Collection Set: 1.6ms
[2020-07-08T16:46:55.401+0000][2.031s] GC(3)   Other: 0.2ms
[2020-07-08T16:46:55.401+0000][2.031s] GC(3) Eden regions: 31->0(41)
[2020-07-08T16:46:55.401+0000][2.031s] GC(3) Survivor regions: 12->6(6)
[2020-07-08T16:46:55.401+0000][2.031s] GC(3) Old regions: 0->13
[2020-07-08T16:46:55.401+0000][2.031s] GC(3) Humongous regions: 4->4
[2020-07-08T16:46:55.401+0000][2.031s] GC(3) Metaspace: 23056K->23056K(1071104K)
[2020-07-08T16:46:55.401+0000][2.031s] GC(3) Pause Young (Normal) (G1 Evacuation Pause) 46M->22M(512M) 29.811ms
[2020-07-08T16:46:55.401+0000][2.031s] GC(3) User=0.11s Sys=0.00s Real=0.03s
[2020-07-08T16:46:56.074+0000][2.704s] GC(4) Pause Young (Normal) (G1 Evacuation Pause)
[2020-07-08T16:46:56.074+0000][2.704s] GC(4) Using 4 workers of 4 for evacuation
[2020-07-08T16:46:56.079+0000][2.709s] GC(4)   Pre Evacuate Collection Set: 0.0ms
[2020-07-08T16:46:56.080+0000][2.709s] GC(4)   Evacuate Collection Set: 4.9ms
[2020-07-08T16:46:56.080+0000][2.709s] GC(4)   Post Evacuate Collection Set: 0.4ms
[2020-07-08T16:46:56.080+0000][2.709s] GC(4)   Other: 0.1ms
[2020-07-08T16:46:56.080+0000][2.709s] GC(4) Eden regions: 41->0(64)
[2020-07-08T16:46:56.080+0000][2.709s] GC(4) Survivor regions: 6->1(6)
[2020-07-08T16:46:56.080+0000][2.709s] GC(4) Old regions: 13->19
[2020-07-08T16:46:56.080+0000][2.709s] GC(4) Humongous regions: 4->4
[2020-07-08T16:46:56.080+0000][2.709s] GC(4) Metaspace: 27395K->27395K(1075200K)
[2020-07-08T16:46:56.080+0000][2.709s] GC(4) Pause Young (Normal) (G1 Evacuation Pause) 63M->23M(512M) 5.618ms
[2020-07-08T16:46:56.080+0000][2.709s] GC(4) User=0.02s Sys=0.00s Real=0.01s
[2020-07-08T16:46:56.829+0000][3.458s] GC(5) Pause Young (Concurrent Start) (Metadata GC Threshold)
[2020-07-08T16:46:56.829+0000][3.458s] GC(5) Using 4 workers of 4 for evacuation
[2020-07-08T16:46:56.836+0000][3.466s] GC(5)   Pre Evacuate Collection Set: 0.1ms
[2020-07-08T16:46:56.836+0000][3.466s] GC(5)   Evacuate Collection Set: 6.2ms
[2020-07-08T16:46:56.836+0000][3.466s] GC(5)   Post Evacuate Collection Set: 1.1ms
[2020-07-08T16:46:56.836+0000][3.466s] GC(5)   Other: 0.2ms
[2020-07-08T16:46:56.836+0000][3.466s] GC(5) Eden regions: 51->0(77)
[2020-07-08T16:46:56.836+0000][3.466s] GC(5) Survivor regions: 1->4(9)
[2020-07-08T16:46:56.836+0000][3.466s] GC(5) Old regions: 19->19
[2020-07-08T16:46:56.836+0000][3.466s] GC(5) Humongous regions: 4->4
[2020-07-08T16:46:56.836+0000][3.466s] GC(5) Metaspace: 34873K->34873K(1081344K)
[2020-07-08T16:46:56.836+0000][3.466s] GC(5) Pause Young (Concurrent Start) (Metadata GC Threshold) 74M->26M(512M) 7.642ms
[2020-07-08T16:46:56.836+0000][3.466s] GC(5) User=0.02s Sys=0.00s Real=0.01s
[2020-07-08T16:46:56.836+0000][3.466s] GC(6) Concurrent Cycle
[2020-07-08T16:46:56.836+0000][3.466s] GC(6) Concurrent Clear Claimed Marks
[2020-07-08T16:46:56.836+0000][3.466s] GC(6) Concurrent Clear Claimed Marks 0.035ms
[2020-07-08T16:46:56.836+0000][3.466s] GC(6) Concurrent Scan Root Regions
[2020-07-08T16:46:56.842+0000][3.472s] GC(6) Concurrent Scan Root Regions 6.023ms
[2020-07-08T16:46:56.842+0000][3.472s] GC(6) Concurrent Mark (3.472s)
[2020-07-08T16:46:56.842+0000][3.472s] GC(6) Concurrent Mark From Roots
[2020-07-08T16:46:56.842+0000][3.472s] GC(6) Using 1 workers of 1 for marking
[2020-07-08T16:46:56.910+0000][3.540s] GC(6) Concurrent Mark From Roots 67.880ms
[2020-07-08T16:46:56.910+0000][3.540s] GC(6) Concurrent Preclean
[2020-07-08T16:46:56.911+0000][3.540s] GC(6) Concurrent Preclean 0.296ms
[2020-07-08T16:46:56.911+0000][3.540s] GC(6) Concurrent Mark (3.472s, 3.540s) 68.251ms
[2020-07-08T16:46:56.911+0000][3.540s] GC(6) Pause Remark
[2020-07-08T16:46:56.916+0000][3.546s] GC(6) Cleaned string and symbol table, strings: 16977 processed, 22 removed, symbols: 109412 processed, 53 removed
[2020-07-08T16:46:56.916+0000][3.546s] GC(6) Pause Remark 32M->32M(512M) 5.517ms
[2020-07-08T16:46:56.916+0000][3.546s] GC(6) User=0.01s Sys=0.00s Real=0.01s
[2020-07-08T16:46:56.916+0000][3.546s] GC(6) Concurrent Rebuild Remembered Sets
[2020-07-08T16:46:56.945+0000][3.575s] GC(6) Concurrent Rebuild Remembered Sets 29.060ms
[2020-07-08T16:46:56.949+0000][3.578s] GC(6) Pause Cleanup
[2020-07-08T16:46:56.951+0000][3.580s] GC(6) Pause Cleanup 35M->35M(512M) 2.019ms
[2020-07-08T16:46:56.951+0000][3.580s] GC(6) User=0.00s Sys=0.00s Real=0.00s
[2020-07-08T16:46:56.951+0000][3.581s] GC(6) Concurrent Cleanup for Next Mark
[2020-07-08T16:46:56.954+0000][3.584s] GC(6) Concurrent Cleanup for Next Mark 2.542ms
[2020-07-08T16:46:56.954+0000][3.584s] GC(6) Concurrent Cycle 117.751ms
[2020-07-08T16:46:57.495+0000][4.124s] GC(7) Pause Young (Concurrent Start) (G1 Evacuation Pause)
[2020-07-08T16:46:57.495+0000][4.124s] GC(7) Using 4 workers of 4 for evacuation
[2020-07-08T16:46:57.507+0000][4.137s] GC(7)   Pre Evacuate Collection Set: 0.1ms
[2020-07-08T16:46:57.508+0000][4.137s] GC(7)   Evacuate Collection Set: 11.3ms
[2020-07-08T16:46:57.508+0000][4.137s] GC(7)   Post Evacuate Collection Set: 1.2ms
[2020-07-08T16:46:57.508+0000][4.137s] GC(7)   Other: 0.2ms
[2020-07-08T16:46:57.508+0000][4.137s] GC(7) Eden regions: 77->0(109)
[2020-07-08T16:46:57.508+0000][4.137s] GC(7) Survivor regions: 4->8(11)
[2020-07-08T16:46:57.508+0000][4.137s] GC(7) Old regions: 19->19
[2020-07-08T16:46:57.508+0000][4.137s] GC(7) Humongous regions: 5->4
[2020-07-08T16:46:57.508+0000][4.137s] GC(7) Metaspace: 39580K->39580K(1085440K)
[2020-07-08T16:46:57.508+0000][4.137s] GC(7) Pause Young (Concurrent Start) (G1 Evacuation Pause) 104M->30M(512M) 12.838ms
[2020-07-08T16:46:57.508+0000][4.137s] GC(7) User=0.04s Sys=0.00s Real=0.01s
[2020-07-08T16:46:57.508+0000][4.137s] GC(8) Concurrent Cycle
[2020-07-08T16:46:57.508+0000][4.137s] GC(8) Concurrent Clear Claimed Marks
[2020-07-08T16:46:57.508+0000][4.137s] GC(8) Concurrent Clear Claimed Marks 0.069ms
[2020-07-08T16:46:57.508+0000][4.137s] GC(8) Concurrent Scan Root Regions
[2020-07-08T16:46:57.516+0000][4.145s] GC(8) Concurrent Scan Root Regions 8.112ms
[2020-07-08T16:46:57.516+0000][4.146s] GC(8) Concurrent Mark (4.146s)
[2020-07-08T16:46:57.516+0000][4.146s] GC(8) Concurrent Mark From Roots
[2020-07-08T16:46:57.516+0000][4.146s] GC(8) Using 1 workers of 1 for marking
[2020-07-08T16:46:57.568+0000][4.198s] GC(8) Concurrent Mark From Roots 52.267ms
[2020-07-08T16:46:57.568+0000][4.198s] GC(8) Concurrent Preclean
[2020-07-08T16:46:57.569+0000][4.198s] GC(8) Concurrent Preclean 0.277ms
[2020-07-08T16:46:57.569+0000][4.198s] GC(8) Concurrent Mark (4.146s, 4.198s) 52.624ms
[2020-07-08T16:46:57.569+0000][4.198s] GC(8) Pause Remark
[2020-07-08T16:46:57.576+0000][4.206s] GC(8) Cleaned string and symbol table, strings: 19242 processed, 0 removed, symbols: 123516 processed, 45 removed
[2020-07-08T16:46:57.576+0000][4.206s] GC(8) Pause Remark 37M->37M(512M) 7.744ms
[2020-07-08T16:46:57.576+0000][4.206s] GC(8) User=0.03s Sys=0.00s Real=0.01s
[2020-07-08T16:46:57.577+0000][4.206s] GC(8) Concurrent Rebuild Remembered Sets
[2020-07-08T16:46:57.626+0000][4.256s] GC(8) Concurrent Rebuild Remembered Sets 49.768ms
[2020-07-08T16:46:57.626+0000][4.256s] GC(8) Pause Cleanup
[2020-07-08T16:46:57.627+0000][4.256s] GC(8) Pause Cleanup 44M->44M(512M) 0.124ms
[2020-07-08T16:46:57.627+0000][4.256s] GC(8) User=0.00s Sys=0.00s Real=0.00s
[2020-07-08T16:46:57.627+0000][4.256s] GC(8) Concurrent Cleanup for Next Mark
[2020-07-08T16:46:57.628+0000][4.258s] GC(8) Concurrent Cleanup for Next Mark 1.818ms
[2020-07-08T16:46:57.629+0000][4.258s] GC(8) Concurrent Cycle 120.876ms
[2020-07-08T16:46:57.923+0000][4.553s] GC(9) Pause Young (Normal) (GCLocker Initiated GC)
[2020-07-08T16:46:57.923+0000][4.553s] GC(9) Using 4 workers of 4 for evacuation
[2020-07-08T16:46:57.941+0000][4.571s] GC(9)   Pre Evacuate Collection Set: 0.0ms
[2020-07-08T16:46:57.941+0000][4.571s] GC(9)   Evacuate Collection Set: 17.1ms
[2020-07-08T16:46:57.941+0000][4.571s] GC(9)   Post Evacuate Collection Set: 0.5ms
[2020-07-08T16:46:57.941+0000][4.571s] GC(9)   Other: 0.2ms
[2020-07-08T16:46:57.941+0000][4.571s] GC(9) Eden regions: 112->0(171)
[2020-07-08T16:46:57.941+0000][4.571s] GC(9) Survivor regions: 8->10(15)
[2020-07-08T16:46:57.941+0000][4.571s] GC(9) Old regions: 19->19
[2020-07-08T16:46:57.941+0000][4.571s] GC(9) Humongous regions: 4->4
[2020-07-08T16:46:57.941+0000][4.571s] GC(9) Metaspace: 41825K->41825K(1087488K)
[2020-07-08T16:46:57.941+0000][4.571s] GC(9) Pause Young (Normal) (GCLocker Initiated GC) 142M->32M(512M) 17.970ms
[2020-07-08T16:46:57.941+0000][4.571s] GC(9) User=0.07s Sys=0.00s Real=0.02s
[2020-07-08T16:46:58.554+0000][5.183s] GC(10) Pause Young (Normal) (G1 Evacuation Pause)
[2020-07-08T16:46:58.554+0000][5.183s] GC(10) Using 4 workers of 4 for evacuation
[2020-07-08T16:46:58.566+0000][5.195s] GC(10)   Pre Evacuate Collection Set: 0.0ms
[2020-07-08T16:46:58.566+0000][5.195s] GC(10)   Evacuate Collection Set: 11.6ms
[2020-07-08T16:46:58.566+0000][5.195s] GC(10)   Post Evacuate Collection Set: 0.4ms
[2020-07-08T16:46:58.566+0000][5.195s] GC(10)   Other: 0.2ms
[2020-07-08T16:46:58.566+0000][5.195s] GC(10) Eden regions: 171->0(296)
[2020-07-08T16:46:58.566+0000][5.195s] GC(10) Survivor regions: 10->11(23)
[2020-07-08T16:46:58.566+0000][5.195s] GC(10) Old regions: 19->19
[2020-07-08T16:46:58.566+0000][5.195s] GC(10) Humongous regions: 4->4
[2020-07-08T16:46:58.566+0000][5.195s] GC(10) Metaspace: 45686K->45686K(1091584K)
[2020-07-08T16:46:58.566+0000][5.195s] GC(10) Pause Young (Normal) (G1 Evacuation Pause) 203M->32M(512M) 12.227ms
[2020-07-08T16:46:58.566+0000][5.195s] GC(10) User=0.05s Sys=0.00s Real=0.01s
[2020-07-08T19:14:32.498+0000][1449.912s] Heap
[2020-07-08T19:14:32.498+0000][1449.912s]  garbage-first heap   total 524288K, used 279450K [0x00000000e0000000, 0x0000000100000000)
[2020-07-08T19:14:32.498+0000][1449.912s]   region size 1024K, 250 young (256000K), 11 survivors (11264K)
[2020-07-08T19:14:32.498+0000][1449.912s]  Metaspace       used 58905K, capacity 60141K, committed 60492K, reserved 1101824K
[2020-07-08T19:14:32.498+0000][1449.912s]   class space    used 6900K, capacity 7403K, committed 7500K, reserved 1048576K
