[2020-07-08T16:15:20.458+0000][0.004s] Heap region size: 1M
[2020-07-08T16:15:20.519+0000][0.065s] Using G1
[2020-07-08T16:15:20.519+0000][0.065s] Heap address: 0x00000000e0000000, size: 512 MB, Compressed Oops mode: 32-bit
[2020-07-08T16:15:21.159+0000][0.705s] GC(0) Pause Young (Normal) (G1 Evacuation Pause)
[2020-07-08T16:15:21.159+0000][0.705s] GC(0) Using 4 workers of 4 for evacuation
[2020-07-08T16:15:21.167+0000][0.713s] GC(0)   Pre Evacuate Collection Set: 0.0ms
[2020-07-08T16:15:21.167+0000][0.713s] GC(0)   Evacuate Collection Set: 6.2ms
[2020-07-08T16:15:21.167+0000][0.713s] GC(0)   Post Evacuate Collection Set: 1.3ms
[2020-07-08T16:15:21.167+0000][0.713s] GC(0)   Other: 0.5ms
[2020-07-08T16:15:21.167+0000][0.713s] GC(0) Eden regions: 25->0(304)
[2020-07-08T16:15:21.167+0000][0.713s] GC(0) Survivor regions: 0->3(4)
[2020-07-08T16:15:21.167+0000][0.713s] GC(0) Old regions: 0->0
[2020-07-08T16:15:21.167+0000][0.713s] GC(0) Humongous regions: 0->0
[2020-07-08T16:15:21.167+0000][0.713s] GC(0) Metaspace: 11943K->11943K(1060864K)
[2020-07-08T16:15:21.167+0000][0.713s] GC(0) Pause Young (Normal) (G1 Evacuation Pause) 25M->2M(512M) 8.064ms
[2020-07-08T16:15:21.167+0000][0.713s] GC(0) User=0.02s Sys=0.01s Real=0.01s
[2020-07-08T16:15:21.845+0000][1.391s] GC(1) Pause Young (Concurrent Start) (Metadata GC Threshold)
[2020-07-08T16:15:21.845+0000][1.391s] GC(1) Using 4 workers of 4 for evacuation
[2020-07-08T16:15:21.863+0000][1.410s] GC(1)   Pre Evacuate Collection Set: 0.0ms
[2020-07-08T16:15:21.863+0000][1.410s] GC(1)   Evacuate Collection Set: 17.2ms
[2020-07-08T16:15:21.864+0000][1.410s] GC(1)   Post Evacuate Collection Set: 0.7ms
[2020-07-08T16:15:21.864+0000][1.410s] GC(1)   Other: 0.2ms
[2020-07-08T16:15:21.864+0000][1.410s] GC(1) Eden regions: 30->0(35)
[2020-07-08T16:15:21.864+0000][1.410s] GC(1) Survivor regions: 3->12(36)
[2020-07-08T16:15:21.864+0000][1.410s] GC(1) Old regions: 0->0
[2020-07-08T16:15:21.864+0000][1.410s] GC(1) Humongous regions: 4->4
[2020-07-08T16:15:21.864+0000][1.410s] GC(1) Metaspace: 20630K->20630K(1069056K)
[2020-07-08T16:15:21.864+0000][1.410s] GC(1) Pause Young (Concurrent Start) (Metadata GC Threshold) 36M->16M(512M) 18.237ms
[2020-07-08T16:15:21.864+0000][1.410s] GC(1) User=0.05s Sys=0.00s Real=0.02s
[2020-07-08T16:15:21.864+0000][1.410s] GC(2) Concurrent Cycle
[2020-07-08T16:15:21.864+0000][1.410s] GC(2) Concurrent Clear Claimed Marks
[2020-07-08T16:15:21.864+0000][1.410s] GC(2) Concurrent Clear Claimed Marks 0.032ms
[2020-07-08T16:15:21.864+0000][1.410s] GC(2) Concurrent Scan Root Regions
[2020-07-08T16:15:21.876+0000][1.422s] GC(2) Concurrent Scan Root Regions 11.981ms
[2020-07-08T16:15:21.876+0000][1.422s] GC(2) Concurrent Mark (1.422s)
[2020-07-08T16:15:21.876+0000][1.422s] GC(2) Concurrent Mark From Roots
[2020-07-08T16:15:21.876+0000][1.422s] GC(2) Using 1 workers of 1 for marking
[2020-07-08T16:15:21.879+0000][1.425s] GC(2) Concurrent Mark From Roots 3.547ms
[2020-07-08T16:15:21.879+0000][1.425s] GC(2) Concurrent Preclean
[2020-07-08T16:15:21.879+0000][1.426s] GC(2) Concurrent Preclean 0.172ms
[2020-07-08T16:15:21.879+0000][1.426s] GC(2) Concurrent Mark (1.422s, 1.426s) 3.781ms
[2020-07-08T16:15:21.880+0000][1.426s] GC(2) Pause Remark
[2020-07-08T16:15:21.882+0000][1.428s] GC(2) Cleaned string and symbol table, strings: 10819 processed, 0 removed, symbols: 64156 processed, 18 removed
[2020-07-08T16:15:21.882+0000][1.429s] GC(2) Pause Remark 18M->18M(512M) 2.820ms
[2020-07-08T16:15:21.882+0000][1.429s] GC(2) User=0.00s Sys=0.00s Real=0.00s
[2020-07-08T16:15:21.883+0000][1.429s] GC(2) Concurrent Rebuild Remembered Sets
[2020-07-08T16:15:21.887+0000][1.433s] GC(2) Concurrent Rebuild Remembered Sets 4.563ms
[2020-07-08T16:15:21.887+0000][1.433s] GC(2) Pause Cleanup
[2020-07-08T16:15:21.887+0000][1.434s] GC(2) Pause Cleanup 18M->18M(512M) 0.156ms
[2020-07-08T16:15:21.887+0000][1.434s] GC(2) User=0.00s Sys=0.00s Real=0.00s
[2020-07-08T16:15:21.888+0000][1.434s] GC(2) Concurrent Cleanup for Next Mark
[2020-07-08T16:15:21.889+0000][1.435s] GC(2) Concurrent Cleanup for Next Mark 1.573ms
[2020-07-08T16:15:21.889+0000][1.435s] GC(2) Concurrent Cycle 25.556ms
[2020-07-08T16:15:22.348+0000][1.895s] GC(3) Pause Young (Normal) (G1 Evacuation Pause)
[2020-07-08T16:15:22.349+0000][1.895s] GC(3) Using 4 workers of 4 for evacuation
[2020-07-08T16:15:22.368+0000][1.914s] GC(3)   Pre Evacuate Collection Set: 0.0ms
[2020-07-08T16:15:22.368+0000][1.914s] GC(3)   Evacuate Collection Set: 19.0ms
[2020-07-08T16:15:22.368+0000][1.914s] GC(3)   Post Evacuate Collection Set: 0.5ms
[2020-07-08T16:15:22.368+0000][1.914s] GC(3)   Other: 0.1ms
[2020-07-08T16:15:22.368+0000][1.914s] GC(3) Eden regions: 31->0(41)
[2020-07-08T16:15:22.368+0000][1.914s] GC(3) Survivor regions: 12->6(6)
[2020-07-08T16:15:22.368+0000][1.914s] GC(3) Old regions: 0->13
[2020-07-08T16:15:22.368+0000][1.914s] GC(3) Humongous regions: 4->4
[2020-07-08T16:15:22.368+0000][1.914s] GC(3) Metaspace: 23105K->23105K(1071104K)
[2020-07-08T16:15:22.368+0000][1.914s] GC(3) Pause Young (Normal) (G1 Evacuation Pause) 47M->22M(512M) 19.688ms
[2020-07-08T16:15:22.368+0000][1.914s] GC(3) User=0.08s Sys=0.00s Real=0.02s
[2020-07-08T16:15:23.046+0000][2.593s] GC(4) Pause Young (Normal) (G1 Evacuation Pause)
[2020-07-08T16:15:23.046+0000][2.593s] GC(4) Using 4 workers of 4 for evacuation
[2020-07-08T16:15:23.052+0000][2.598s] GC(4)   Pre Evacuate Collection Set: 0.0ms
[2020-07-08T16:15:23.052+0000][2.598s] GC(4)   Evacuate Collection Set: 5.0ms
[2020-07-08T16:15:23.052+0000][2.598s] GC(4)   Post Evacuate Collection Set: 0.4ms
[2020-07-08T16:15:23.052+0000][2.598s] GC(4)   Other: 0.1ms
[2020-07-08T16:15:23.052+0000][2.598s] GC(4) Eden regions: 41->0(64)
[2020-07-08T16:15:23.052+0000][2.598s] GC(4) Survivor regions: 6->1(6)
[2020-07-08T16:15:23.052+0000][2.598s] GC(4) Old regions: 13->19
[2020-07-08T16:15:23.052+0000][2.598s] GC(4) Humongous regions: 4->4
[2020-07-08T16:15:23.052+0000][2.598s] GC(4) Metaspace: 27629K->27629K(1075200K)
[2020-07-08T16:15:23.052+0000][2.598s] GC(4) Pause Young (Normal) (G1 Evacuation Pause) 63M->23M(512M) 5.644ms
[2020-07-08T16:15:23.052+0000][2.598s] GC(4) User=0.02s Sys=0.00s Real=0.01s
[2020-07-08T16:15:23.761+0000][3.307s] GC(5) Pause Young (Concurrent Start) (Metadata GC Threshold)
[2020-07-08T16:15:23.761+0000][3.307s] GC(5) Using 4 workers of 4 for evacuation
[2020-07-08T16:15:23.773+0000][3.319s] GC(5)   Pre Evacuate Collection Set: 0.1ms
[2020-07-08T16:15:23.773+0000][3.319s] GC(5)   Evacuate Collection Set: 10.2ms
[2020-07-08T16:15:23.773+0000][3.319s] GC(5)   Post Evacuate Collection Set: 2.0ms
[2020-07-08T16:15:23.773+0000][3.319s] GC(5)   Other: 0.2ms
[2020-07-08T16:15:23.773+0000][3.319s] GC(5) Eden regions: 51->0(78)
[2020-07-08T16:15:23.773+0000][3.319s] GC(5) Survivor regions: 1->4(9)
[2020-07-08T16:15:23.773+0000][3.319s] GC(5) Old regions: 19->19
[2020-07-08T16:15:23.773+0000][3.319s] GC(5) Humongous regions: 4->4
[2020-07-08T16:15:23.773+0000][3.319s] GC(5) Metaspace: 34961K->34961K(1081344K)
[2020-07-08T16:15:23.773+0000][3.319s] GC(5) Pause Young (Concurrent Start) (Metadata GC Threshold) 73M->26M(512M) 12.561ms
[2020-07-08T16:15:23.773+0000][3.319s] GC(5) User=0.04s Sys=0.00s Real=0.01s
[2020-07-08T16:15:23.773+0000][3.319s] GC(6) Concurrent Cycle
[2020-07-08T16:15:23.773+0000][3.319s] GC(6) Concurrent Clear Claimed Marks
[2020-07-08T16:15:23.773+0000][3.319s] GC(6) Concurrent Clear Claimed Marks 0.049ms
[2020-07-08T16:15:23.773+0000][3.319s] GC(6) Concurrent Scan Root Regions
[2020-07-08T16:15:23.779+0000][3.325s] GC(6) Concurrent Scan Root Regions 5.971ms
[2020-07-08T16:15:23.779+0000][3.325s] GC(6) Concurrent Mark (3.325s)
[2020-07-08T16:15:23.779+0000][3.325s] GC(6) Concurrent Mark From Roots
[2020-07-08T16:15:23.779+0000][3.325s] GC(6) Using 1 workers of 1 for marking
[2020-07-08T16:15:23.832+0000][3.379s] GC(6) Concurrent Mark From Roots 53.105ms
[2020-07-08T16:15:23.832+0000][3.379s] GC(6) Concurrent Preclean
[2020-07-08T16:15:23.833+0000][3.379s] GC(6) Concurrent Preclean 0.310ms
[2020-07-08T16:15:23.833+0000][3.379s] GC(6) Concurrent Mark (3.325s, 3.379s) 53.484ms
[2020-07-08T16:15:23.833+0000][3.379s] GC(6) Pause Remark
[2020-07-08T16:15:23.842+0000][3.388s] GC(6) Cleaned string and symbol table, strings: 16982 processed, 22 removed, symbols: 109166 processed, 54 removed
[2020-07-08T16:15:23.842+0000][3.388s] GC(6) Pause Remark 31M->31M(512M) 8.925ms
[2020-07-08T16:15:23.842+0000][3.388s] GC(6) User=0.02s Sys=0.00s Real=0.01s
[2020-07-08T16:15:23.842+0000][3.388s] GC(6) Concurrent Rebuild Remembered Sets
[2020-07-08T16:15:23.885+0000][3.431s] GC(6) Concurrent Rebuild Remembered Sets 43.102ms
[2020-07-08T16:15:23.885+0000][3.431s] GC(6) Pause Cleanup
[2020-07-08T16:15:23.885+0000][3.432s] GC(6) Pause Cleanup 33M->33M(512M) 0.158ms
[2020-07-08T16:15:23.885+0000][3.432s] GC(6) User=0.00s Sys=0.00s Real=0.00s
[2020-07-08T16:15:23.885+0000][3.432s] GC(6) Concurrent Cleanup for Next Mark
[2020-07-08T16:15:23.887+0000][3.433s] GC(6) Concurrent Cleanup for Next Mark 1.666ms
[2020-07-08T16:15:23.887+0000][3.433s] GC(6) Concurrent Cycle 114.000ms
[2020-07-08T16:15:24.519+0000][4.065s] GC(7) Pause Young (Concurrent Start) (G1 Evacuation Pause)
[2020-07-08T16:15:24.519+0000][4.065s] GC(7) Using 4 workers of 4 for evacuation
[2020-07-08T16:15:24.537+0000][4.083s] GC(7)   Pre Evacuate Collection Set: 0.1ms
[2020-07-08T16:15:24.537+0000][4.083s] GC(7)   Evacuate Collection Set: 16.9ms
[2020-07-08T16:15:24.537+0000][4.083s] GC(7)   Post Evacuate Collection Set: 1.2ms
[2020-07-08T16:15:24.537+0000][4.083s] GC(7)   Other: 0.2ms
[2020-07-08T16:15:24.537+0000][4.083s] GC(7) Eden regions: 78->0(108)
[2020-07-08T16:15:24.537+0000][4.083s] GC(7) Survivor regions: 4->8(11)
[2020-07-08T16:15:24.537+0000][4.083s] GC(7) Old regions: 19->19
[2020-07-08T16:15:24.537+0000][4.083s] GC(7) Humongous regions: 5->4
[2020-07-08T16:15:24.537+0000][4.083s] GC(7) Metaspace: 39639K->39639K(1085440K)
[2020-07-08T16:15:24.537+0000][4.083s] GC(7) Pause Young (Concurrent Start) (G1 Evacuation Pause) 105M->30M(512M) 18.480ms
[2020-07-08T16:15:24.537+0000][4.083s] GC(7) User=0.06s Sys=0.00s Real=0.02s
[2020-07-08T16:15:24.537+0000][4.084s] GC(8) Concurrent Cycle
[2020-07-08T16:15:24.537+0000][4.084s] GC(8) Concurrent Clear Claimed Marks
[2020-07-08T16:15:24.538+0000][4.084s] GC(8) Concurrent Clear Claimed Marks 0.080ms
[2020-07-08T16:15:24.538+0000][4.084s] GC(8) Concurrent Scan Root Regions
[2020-07-08T16:15:24.549+0000][4.095s] GC(8) Concurrent Scan Root Regions 11.110ms
[2020-07-08T16:15:24.549+0000][4.095s] GC(8) Concurrent Mark (4.095s)
[2020-07-08T16:15:24.549+0000][4.095s] GC(8) Concurrent Mark From Roots
[2020-07-08T16:15:24.549+0000][4.095s] GC(8) Using 1 workers of 1 for marking
[2020-07-08T16:15:24.606+0000][4.152s] GC(8) Concurrent Mark From Roots 57.386ms
[2020-07-08T16:15:24.606+0000][4.152s] GC(8) Concurrent Preclean
[2020-07-08T16:15:24.606+0000][4.153s] GC(8) Concurrent Preclean 0.278ms
[2020-07-08T16:15:24.606+0000][4.153s] GC(8) Concurrent Mark (4.095s, 4.153s) 57.747ms
[2020-07-08T16:15:24.611+0000][4.157s] GC(8) Pause Remark
[2020-07-08T16:15:24.619+0000][4.165s] GC(8) Cleaned string and symbol table, strings: 19327 processed, 0 removed, symbols: 123533 processed, 52 removed
[2020-07-08T16:15:24.619+0000][4.165s] GC(8) Pause Remark 40M->40M(512M) 8.565ms
[2020-07-08T16:15:24.619+0000][4.166s] GC(8) User=0.03s Sys=0.00s Real=0.01s
[2020-07-08T16:15:24.619+0000][4.166s] GC(8) Concurrent Rebuild Remembered Sets
[2020-07-08T16:15:24.668+0000][4.214s] GC(8) Concurrent Rebuild Remembered Sets 48.690ms
[2020-07-08T16:15:24.669+0000][4.215s] GC(8) Pause Cleanup
[2020-07-08T16:15:24.669+0000][4.215s] GC(8) Pause Cleanup 60M->60M(512M) 0.128ms
[2020-07-08T16:15:24.669+0000][4.216s] GC(8) User=0.01s Sys=0.00s Real=0.00s
[2020-07-08T16:15:24.669+0000][4.216s] GC(8) Concurrent Cleanup for Next Mark
[2020-07-08T16:15:24.672+0000][4.219s] GC(8) Concurrent Cleanup for Next Mark 2.969ms
[2020-07-08T16:15:24.673+0000][4.219s] GC(8) Concurrent Cycle 135.092ms
[2020-07-08T16:15:24.842+0000][4.388s] GC(9) Pause Young (Normal) (G1 Evacuation Pause)
[2020-07-08T16:15:24.842+0000][4.388s] GC(9) Using 4 workers of 4 for evacuation
[2020-07-08T16:15:24.856+0000][4.402s] GC(9)   Pre Evacuate Collection Set: 0.0ms
[2020-07-08T16:15:24.856+0000][4.402s] GC(9)   Evacuate Collection Set: 13.8ms
[2020-07-08T16:15:24.856+0000][4.402s] GC(9)   Post Evacuate Collection Set: 0.5ms
[2020-07-08T16:15:24.856+0000][4.402s] GC(9)   Other: 0.2ms
[2020-07-08T16:15:24.856+0000][4.403s] GC(9) Eden regions: 112->0(158)
[2020-07-08T16:15:24.856+0000][4.403s] GC(9) Survivor regions: 8->9(15)
[2020-07-08T16:15:24.856+0000][4.403s] GC(9) Old regions: 19->19
[2020-07-08T16:15:24.856+0000][4.403s] GC(9) Humongous regions: 4->4
[2020-07-08T16:15:24.856+0000][4.403s] GC(9) Metaspace: 41326K->41326K(1087488K)
[2020-07-08T16:15:24.856+0000][4.403s] GC(9) Pause Young (Normal) (G1 Evacuation Pause) 142M->31M(512M) 14.570ms
[2020-07-08T16:15:24.856+0000][4.403s] GC(9) User=0.04s Sys=0.00s Real=0.02s
[2020-07-08T16:15:25.241+0000][4.787s] GC(10) Pause Young (Normal) (G1 Evacuation Pause)
[2020-07-08T16:15:25.241+0000][4.787s] GC(10) Using 4 workers of 4 for evacuation
[2020-07-08T16:15:25.257+0000][4.803s] GC(10)   Pre Evacuate Collection Set: 0.0ms
[2020-07-08T16:15:25.257+0000][4.803s] GC(10)   Evacuate Collection Set: 15.8ms
[2020-07-08T16:15:25.257+0000][4.803s] GC(10)   Post Evacuate Collection Set: 0.5ms
[2020-07-08T16:15:25.257+0000][4.803s] GC(10)   Other: 0.2ms
[2020-07-08T16:15:25.257+0000][4.803s] GC(10) Eden regions: 158->0(218)
[2020-07-08T16:15:25.257+0000][4.803s] GC(10) Survivor regions: 9->11(21)
[2020-07-08T16:15:25.257+0000][4.803s] GC(10) Old regions: 19->19
[2020-07-08T16:15:25.257+0000][4.803s] GC(10) Humongous regions: 4->4
[2020-07-08T16:15:25.257+0000][4.803s] GC(10) Metaspace: 42145K->42145K(1087488K)
[2020-07-08T16:15:25.257+0000][4.803s] GC(10) Pause Young (Normal) (G1 Evacuation Pause) 189M->32M(512M) 16.601ms
[2020-07-08T16:15:25.257+0000][4.803s] GC(10) User=0.06s Sys=0.00s Real=0.02s
[2020-07-08T16:15:26.630+0000][6.176s] GC(11) Pause Young (Normal) (G1 Evacuation Pause)
[2020-07-08T16:15:26.630+0000][6.176s] GC(11) Using 4 workers of 4 for evacuation
[2020-07-08T16:15:26.662+0000][6.208s] GC(11)   Pre Evacuate Collection Set: 0.0ms
[2020-07-08T16:15:26.662+0000][6.208s] GC(11)   Evacuate Collection Set: 30.5ms
[2020-07-08T16:15:26.662+0000][6.208s] GC(11)   Post Evacuate Collection Set: 1.4ms
[2020-07-08T16:15:26.662+0000][6.208s] GC(11)   Other: 0.2ms
[2020-07-08T16:15:26.662+0000][6.208s] GC(11) Eden regions: 218->0(290)
[2020-07-08T16:15:26.662+0000][6.208s] GC(11) Survivor regions: 11->17(29)
[2020-07-08T16:15:26.662+0000][6.208s] GC(11) Old regions: 19->19
[2020-07-08T16:15:26.662+0000][6.208s] GC(11) Humongous regions: 4->4
[2020-07-08T16:15:26.662+0000][6.208s] GC(11) Metaspace: 50560K->50560K(1095680K)
[2020-07-08T16:15:26.662+0000][6.208s] GC(11) Pause Young (Normal) (G1 Evacuation Pause) 250M->38M(512M) 32.230ms
[2020-07-08T16:15:26.662+0000][6.208s] GC(11) User=0.12s Sys=0.00s Real=0.03s
[2020-07-08T16:17:32.743+0000][132.289s] Heap
[2020-07-08T16:17:32.743+0000][132.289s]  garbage-first heap   total 524288K, used 67471K [0x00000000e0000000, 0x0000000100000000)
[2020-07-08T16:17:32.743+0000][132.289s]   region size 1024K, 46 young (47104K), 17 survivors (17408K)
[2020-07-08T16:17:32.743+0000][132.289s]  Metaspace       used 52802K, capacity 53935K, committed 54092K, reserved 1097728K
[2020-07-08T16:17:32.743+0000][132.289s]   class space    used 6295K, capacity 6769K, committed 6784K, reserved 1048576K
