[2020-07-09T08:53:51.245+0000][0.006s] Heap region size: 1M
[2020-07-09T08:53:51.261+0000][0.022s] Using G1
[2020-07-09T08:53:51.261+0000][0.022s] Heap address: 0x00000000e0000000, size: 512 MB, Compressed Oops mode: 32-bit
[2020-07-09T08:53:51.967+0000][0.727s] GC(0) Pause Young (Normal) (G1 Evacuation Pause)
[2020-07-09T08:53:51.967+0000][0.728s] GC(0) Using 4 workers of 4 for evacuation
[2020-07-09T08:53:51.978+0000][0.739s] GC(0)   Pre Evacuate Collection Set: 0.0ms
[2020-07-09T08:53:51.978+0000][0.739s] GC(0)   Evacuate Collection Set: 9.2ms
[2020-07-09T08:53:51.978+0000][0.739s] GC(0)   Post Evacuate Collection Set: 2.0ms
[2020-07-09T08:53:51.978+0000][0.739s] GC(0)   Other: 0.6ms
[2020-07-09T08:53:51.978+0000][0.739s] GC(0) Eden regions: 25->0(304)
[2020-07-09T08:53:51.978+0000][0.739s] GC(0) Survivor regions: 0->3(4)
[2020-07-09T08:53:51.978+0000][0.739s] GC(0) Old regions: 0->0
[2020-07-09T08:53:51.978+0000][0.739s] GC(0) Humongous regions: 0->0
[2020-07-09T08:53:51.978+0000][0.739s] GC(0) Metaspace: 11917K->11917K(1060864K)
[2020-07-09T08:53:51.978+0000][0.739s] GC(0) Pause Young (Normal) (G1 Evacuation Pause) 25M->2M(512M) 11.816ms
[2020-07-09T08:53:51.978+0000][0.739s] GC(0) User=0.04s Sys=0.00s Real=0.01s
[2020-07-09T08:53:52.656+0000][1.417s] GC(1) Pause Young (Concurrent Start) (Metadata GC Threshold)
[2020-07-09T08:53:52.656+0000][1.417s] GC(1) Using 4 workers of 4 for evacuation
[2020-07-09T08:53:52.678+0000][1.438s] GC(1)   Pre Evacuate Collection Set: 0.0ms
[2020-07-09T08:53:52.678+0000][1.438s] GC(1)   Evacuate Collection Set: 20.0ms
[2020-07-09T08:53:52.678+0000][1.438s] GC(1)   Post Evacuate Collection Set: 1.4ms
[2020-07-09T08:53:52.678+0000][1.438s] GC(1)   Other: 0.2ms
[2020-07-09T08:53:52.678+0000][1.438s] GC(1) Eden regions: 30->0(35)
[2020-07-09T08:53:52.678+0000][1.438s] GC(1) Survivor regions: 3->12(36)
[2020-07-09T08:53:52.678+0000][1.438s] GC(1) Old regions: 0->0
[2020-07-09T08:53:52.678+0000][1.438s] GC(1) Humongous regions: 4->4
[2020-07-09T08:53:52.678+0000][1.438s] GC(1) Metaspace: 20552K->20552K(1069056K)
[2020-07-09T08:53:52.678+0000][1.438s] GC(1) Pause Young (Concurrent Start) (Metadata GC Threshold) 36M->15M(512M) 21.804ms
[2020-07-09T08:53:52.678+0000][1.438s] GC(1) User=0.07s Sys=0.00s Real=0.02s
[2020-07-09T08:53:52.678+0000][1.439s] GC(2) Concurrent Cycle
[2020-07-09T08:53:52.678+0000][1.439s] GC(2) Concurrent Clear Claimed Marks
[2020-07-09T08:53:52.678+0000][1.439s] GC(2) Concurrent Clear Claimed Marks 0.035ms
[2020-07-09T08:53:52.678+0000][1.439s] GC(2) Concurrent Scan Root Regions
[2020-07-09T08:53:52.691+0000][1.452s] GC(2) Concurrent Scan Root Regions 12.958ms
[2020-07-09T08:53:52.691+0000][1.452s] GC(2) Concurrent Mark (1.452s)
[2020-07-09T08:53:52.691+0000][1.452s] GC(2) Concurrent Mark From Roots
[2020-07-09T08:53:52.691+0000][1.452s] GC(2) Using 1 workers of 1 for marking
[2020-07-09T08:53:52.696+0000][1.456s] GC(2) Concurrent Mark From Roots 4.784ms
[2020-07-09T08:53:52.696+0000][1.456s] GC(2) Concurrent Preclean
[2020-07-09T08:53:52.696+0000][1.457s] GC(2) Concurrent Preclean 0.221ms
[2020-07-09T08:53:52.696+0000][1.457s] GC(2) Concurrent Mark (1.452s, 1.457s) 5.081ms
[2020-07-09T08:53:52.696+0000][1.457s] GC(2) Pause Remark
[2020-07-09T08:53:52.699+0000][1.460s] GC(2) Cleaned string and symbol table, strings: 10799 processed, 0 removed, symbols: 64115 processed, 18 removed
[2020-07-09T08:53:52.699+0000][1.460s] GC(2) Pause Remark 16M->16M(512M) 3.023ms
[2020-07-09T08:53:52.699+0000][1.460s] GC(2) User=0.00s Sys=0.00s Real=0.00s
[2020-07-09T08:53:52.699+0000][1.460s] GC(2) Concurrent Rebuild Remembered Sets
[2020-07-09T08:53:52.704+0000][1.464s] GC(2) Concurrent Rebuild Remembered Sets 4.122ms
[2020-07-09T08:53:52.704+0000][1.464s] GC(2) Pause Cleanup
[2020-07-09T08:53:52.704+0000][1.465s] GC(2) Pause Cleanup 16M->16M(512M) 0.235ms
[2020-07-09T08:53:52.704+0000][1.465s] GC(2) User=0.00s Sys=0.00s Real=0.00s
[2020-07-09T08:53:52.704+0000][1.465s] GC(2) Concurrent Cleanup for Next Mark
[2020-07-09T08:53:52.706+0000][1.466s] GC(2) Concurrent Cleanup for Next Mark 1.606ms
[2020-07-09T08:53:52.706+0000][1.466s] GC(2) Concurrent Cycle 27.850ms
[2020-07-09T08:53:53.172+0000][1.933s] GC(3) Pause Young (Normal) (G1 Evacuation Pause)
[2020-07-09T08:53:53.172+0000][1.933s] GC(3) Using 4 workers of 4 for evacuation
[2020-07-09T08:53:53.195+0000][1.956s] GC(3)   Pre Evacuate Collection Set: 0.0ms
[2020-07-09T08:53:53.195+0000][1.956s] GC(3)   Evacuate Collection Set: 22.0ms
[2020-07-09T08:53:53.195+0000][1.956s] GC(3)   Post Evacuate Collection Set: 0.5ms
[2020-07-09T08:53:53.195+0000][1.956s] GC(3)   Other: 0.1ms
[2020-07-09T08:53:53.195+0000][1.956s] GC(3) Eden regions: 31->0(40)
[2020-07-09T08:53:53.195+0000][1.956s] GC(3) Survivor regions: 12->6(6)
[2020-07-09T08:53:53.195+0000][1.956s] GC(3) Old regions: 0->13
[2020-07-09T08:53:53.195+0000][1.956s] GC(3) Humongous regions: 4->4
[2020-07-09T08:53:53.195+0000][1.956s] GC(3) Metaspace: 23062K->23062K(1071104K)
[2020-07-09T08:53:53.195+0000][1.956s] GC(3) Pause Young (Normal) (G1 Evacuation Pause) 46M->22M(512M) 22.685ms
[2020-07-09T08:53:53.195+0000][1.956s] GC(3) User=0.08s Sys=0.01s Real=0.02s
[2020-07-09T08:53:53.955+0000][2.716s] GC(4) Pause Young (Normal) (G1 Evacuation Pause)
[2020-07-09T08:53:53.955+0000][2.716s] GC(4) Using 4 workers of 4 for evacuation
[2020-07-09T08:53:53.961+0000][2.722s] GC(4)   Pre Evacuate Collection Set: 0.0ms
[2020-07-09T08:53:53.961+0000][2.722s] GC(4)   Evacuate Collection Set: 5.1ms
[2020-07-09T08:53:53.961+0000][2.722s] GC(4)   Post Evacuate Collection Set: 0.4ms
[2020-07-09T08:53:53.961+0000][2.722s] GC(4)   Other: 0.2ms
[2020-07-09T08:53:53.961+0000][2.722s] GC(4) Eden regions: 40->0(63)
[2020-07-09T08:53:53.961+0000][2.722s] GC(4) Survivor regions: 6->1(6)
[2020-07-09T08:53:53.961+0000][2.722s] GC(4) Old regions: 13->20
[2020-07-09T08:53:53.961+0000][2.722s] GC(4) Humongous regions: 4->4
[2020-07-09T08:53:53.961+0000][2.722s] GC(4) Metaspace: 26770K->26770K(1073152K)
[2020-07-09T08:53:53.961+0000][2.722s] GC(4) Pause Young (Normal) (G1 Evacuation Pause) 62M->24M(512M) 5.748ms
[2020-07-09T08:53:53.961+0000][2.722s] GC(4) User=0.02s Sys=0.00s Real=0.00s
[2020-07-09T08:53:54.685+0000][3.446s] GC(5) Pause Young (Concurrent Start) (Metadata GC Threshold)
[2020-07-09T08:53:54.685+0000][3.446s] GC(5) Using 4 workers of 4 for evacuation
[2020-07-09T08:53:54.696+0000][3.456s] GC(5)   Pre Evacuate Collection Set: 0.1ms
[2020-07-09T08:53:54.696+0000][3.456s] GC(5)   Evacuate Collection Set: 9.0ms
[2020-07-09T08:53:54.696+0000][3.456s] GC(5)   Post Evacuate Collection Set: 1.1ms
[2020-07-09T08:53:54.696+0000][3.456s] GC(5)   Other: 0.2ms
[2020-07-09T08:53:54.696+0000][3.456s] GC(5) Eden regions: 56->0(83)
[2020-07-09T08:53:54.696+0000][3.456s] GC(5) Survivor regions: 1->4(8)
[2020-07-09T08:53:54.696+0000][3.456s] GC(5) Old regions: 20->20
[2020-07-09T08:53:54.696+0000][3.456s] GC(5) Humongous regions: 4->4
[2020-07-09T08:53:54.696+0000][3.456s] GC(5) Metaspace: 34872K->34872K(1081344K)
[2020-07-09T08:53:54.696+0000][3.456s] GC(5) Pause Young (Concurrent Start) (Metadata GC Threshold) 79M->27M(512M) 10.471ms
[2020-07-09T08:53:54.696+0000][3.456s] GC(5) User=0.03s Sys=0.00s Real=0.01s
[2020-07-09T08:53:54.696+0000][3.456s] GC(6) Concurrent Cycle
[2020-07-09T08:53:54.696+0000][3.456s] GC(6) Concurrent Clear Claimed Marks
[2020-07-09T08:53:54.696+0000][3.456s] GC(6) Concurrent Clear Claimed Marks 0.052ms
[2020-07-09T08:53:54.696+0000][3.456s] GC(6) Concurrent Scan Root Regions
[2020-07-09T08:53:54.702+0000][3.462s] GC(6) Concurrent Scan Root Regions 5.913ms
[2020-07-09T08:53:54.702+0000][3.462s] GC(6) Concurrent Mark (3.462s)
[2020-07-09T08:53:54.702+0000][3.462s] GC(6) Concurrent Mark From Roots
[2020-07-09T08:53:54.702+0000][3.462s] GC(6) Using 1 workers of 1 for marking
[2020-07-09T08:53:54.759+0000][3.520s] GC(6) Concurrent Mark From Roots 57.405ms
[2020-07-09T08:53:54.759+0000][3.520s] GC(6) Concurrent Preclean
[2020-07-09T08:53:54.760+0000][3.520s] GC(6) Concurrent Preclean 0.331ms
[2020-07-09T08:53:54.760+0000][3.520s] GC(6) Concurrent Mark (3.462s, 3.520s) 57.811ms
[2020-07-09T08:53:54.760+0000][3.520s] GC(6) Pause Remark
[2020-07-09T08:53:54.768+0000][3.529s] GC(6) Cleaned string and symbol table, strings: 16857 processed, 22 removed, symbols: 108956 processed, 52 removed
[2020-07-09T08:53:54.768+0000][3.529s] GC(6) Pause Remark 33M->33M(512M) 8.778ms
[2020-07-09T08:53:54.769+0000][3.529s] GC(6) User=0.02s Sys=0.00s Real=0.01s
[2020-07-09T08:53:54.769+0000][3.529s] GC(6) Concurrent Rebuild Remembered Sets
[2020-07-09T08:53:54.809+0000][3.570s] GC(6) Concurrent Rebuild Remembered Sets 40.762ms
[2020-07-09T08:53:54.810+0000][3.570s] GC(6) Pause Cleanup
[2020-07-09T08:53:54.810+0000][3.570s] GC(6) Pause Cleanup 35M->35M(512M) 0.127ms
[2020-07-09T08:53:54.810+0000][3.570s] GC(6) User=0.00s Sys=0.00s Real=0.00s
[2020-07-09T08:53:54.810+0000][3.570s] GC(6) Concurrent Cleanup for Next Mark
[2020-07-09T08:53:54.811+0000][3.572s] GC(6) Concurrent Cleanup for Next Mark 1.486ms
[2020-07-09T08:53:54.811+0000][3.572s] GC(6) Concurrent Cycle 115.524ms
[2020-07-09T08:53:55.343+0000][4.104s] GC(7) Pause Young (Concurrent Start) (G1 Evacuation Pause)
[2020-07-09T08:53:55.343+0000][4.104s] GC(7) Using 4 workers of 4 for evacuation
[2020-07-09T08:53:55.354+0000][4.115s] GC(7)   Pre Evacuate Collection Set: 0.1ms
[2020-07-09T08:53:55.354+0000][4.115s] GC(7)   Evacuate Collection Set: 9.7ms
[2020-07-09T08:53:55.354+0000][4.115s] GC(7)   Post Evacuate Collection Set: 1.4ms
[2020-07-09T08:53:55.354+0000][4.115s] GC(7)   Other: 0.2ms
[2020-07-09T08:53:55.354+0000][4.115s] GC(7) Eden regions: 83->0(114)
[2020-07-09T08:53:55.354+0000][4.115s] GC(7) Survivor regions: 4->8(11)
[2020-07-09T08:53:55.354+0000][4.115s] GC(7) Old regions: 20->20
[2020-07-09T08:53:55.354+0000][4.115s] GC(7) Humongous regions: 5->4
[2020-07-09T08:53:55.354+0000][4.115s] GC(7) Metaspace: 39911K->39911K(1085440K)
[2020-07-09T08:53:55.355+0000][4.115s] GC(7) Pause Young (Concurrent Start) (G1 Evacuation Pause) 111M->30M(512M) 11.357ms
[2020-07-09T08:53:55.355+0000][4.115s] GC(7) User=0.04s Sys=0.00s Real=0.01s
[2020-07-09T08:53:55.355+0000][4.115s] GC(8) Concurrent Cycle
[2020-07-09T08:53:55.355+0000][4.115s] GC(8) Concurrent Clear Claimed Marks
[2020-07-09T08:53:55.355+0000][4.115s] GC(8) Concurrent Clear Claimed Marks 0.079ms
[2020-07-09T08:53:55.355+0000][4.115s] GC(8) Concurrent Scan Root Regions
[2020-07-09T08:53:55.364+0000][4.125s] GC(8) Concurrent Scan Root Regions 9.448ms
[2020-07-09T08:53:55.364+0000][4.125s] GC(8) Concurrent Mark (4.125s)
[2020-07-09T08:53:55.364+0000][4.125s] GC(8) Concurrent Mark From Roots
[2020-07-09T08:53:55.364+0000][4.125s] GC(8) Using 1 workers of 1 for marking
[2020-07-09T08:53:55.427+0000][4.187s] GC(8) Concurrent Mark From Roots 62.314ms
[2020-07-09T08:53:55.427+0000][4.187s] GC(8) Concurrent Preclean
[2020-07-09T08:53:55.427+0000][4.187s] GC(8) Concurrent Preclean 0.292ms
[2020-07-09T08:53:55.427+0000][4.187s] GC(8) Concurrent Mark (4.125s, 4.187s) 62.682ms
[2020-07-09T08:53:55.427+0000][4.188s] GC(8) Pause Remark
[2020-07-09T08:53:55.434+0000][4.195s] GC(8) Cleaned string and symbol table, strings: 19294 processed, 0 removed, symbols: 124183 processed, 48 removed
[2020-07-09T08:53:55.435+0000][4.195s] GC(8) Pause Remark 39M->39M(512M) 7.642ms
[2020-07-09T08:53:55.435+0000][4.195s] GC(8) User=0.03s Sys=0.00s Real=0.01s
[2020-07-09T08:53:55.435+0000][4.195s] GC(8) Concurrent Rebuild Remembered Sets
[2020-07-09T08:53:55.470+0000][4.231s] GC(8) Concurrent Rebuild Remembered Sets 35.370ms
[2020-07-09T08:53:55.475+0000][4.236s] GC(8) Pause Cleanup
[2020-07-09T08:53:55.475+0000][4.236s] GC(8) Pause Cleanup 46M->46M(512M) 0.141ms
[2020-07-09T08:53:55.475+0000][4.236s] GC(8) User=0.00s Sys=0.00s Real=0.00s
[2020-07-09T08:53:55.476+0000][4.236s] GC(8) Concurrent Cleanup for Next Mark
[2020-07-09T08:53:55.477+0000][4.238s] GC(8) Concurrent Cleanup for Next Mark 1.842ms
[2020-07-09T08:53:55.477+0000][4.238s] GC(8) Concurrent Cycle 122.820ms
[2020-07-09T08:53:55.765+0000][4.526s] GC(9) Pause Young (Normal) (G1 Evacuation Pause)
[2020-07-09T08:53:55.765+0000][4.526s] GC(9) Using 4 workers of 4 for evacuation
[2020-07-09T08:53:55.787+0000][4.547s] GC(9)   Pre Evacuate Collection Set: 0.0ms
[2020-07-09T08:53:55.787+0000][4.548s] GC(9)   Evacuate Collection Set: 21.1ms
[2020-07-09T08:53:55.787+0000][4.548s] GC(9)   Post Evacuate Collection Set: 0.6ms
[2020-07-09T08:53:55.787+0000][4.548s] GC(9)   Other: 0.2ms
[2020-07-09T08:53:55.787+0000][4.548s] GC(9) Eden regions: 118->0(199)
[2020-07-09T08:53:55.787+0000][4.548s] GC(9) Survivor regions: 8->10(16)
[2020-07-09T08:53:55.787+0000][4.548s] GC(9) Old regions: 20->20
[2020-07-09T08:53:55.787+0000][4.548s] GC(9) Humongous regions: 4->4
[2020-07-09T08:53:55.787+0000][4.548s] GC(9) Metaspace: 42282K->42282K(1087488K)
[2020-07-09T08:53:55.787+0000][4.548s] GC(9) Pause Young (Normal) (G1 Evacuation Pause) 148M->33M(512M) 21.969ms
[2020-07-09T08:53:55.787+0000][4.548s] GC(9) User=0.07s Sys=0.01s Real=0.02s
[2020-07-09T08:53:56.428+0000][5.189s] GC(10) Pause Young (Normal) (G1 Evacuation Pause)
[2020-07-09T08:53:56.428+0000][5.189s] GC(10) Using 4 workers of 4 for evacuation
[2020-07-09T08:53:56.447+0000][5.207s] GC(10)   Pre Evacuate Collection Set: 0.0ms
[2020-07-09T08:53:56.447+0000][5.207s] GC(10)   Evacuate Collection Set: 15.4ms
[2020-07-09T08:53:56.447+0000][5.207s] GC(10)   Post Evacuate Collection Set: 2.7ms
[2020-07-09T08:53:56.447+0000][5.207s] GC(10)   Other: 0.5ms
[2020-07-09T08:53:56.447+0000][5.207s] GC(10) Eden regions: 199->0(296)
[2020-07-09T08:53:56.447+0000][5.207s] GC(10) Survivor regions: 10->11(27)
[2020-07-09T08:53:56.447+0000][5.207s] GC(10) Old regions: 20->20
[2020-07-09T08:53:56.447+0000][5.207s] GC(10) Humongous regions: 4->4
[2020-07-09T08:53:56.447+0000][5.207s] GC(10) Metaspace: 47170K->47170K(1091584K)
[2020-07-09T08:53:56.447+0000][5.207s] GC(10) Pause Young (Normal) (G1 Evacuation Pause) 232M->34M(512M) 18.735ms
[2020-07-09T08:53:56.447+0000][5.207s] GC(10) User=0.06s Sys=0.00s Real=0.02s
[2020-07-09T08:55:02.364+0000][71.125s] Heap
[2020-07-09T08:55:02.364+0000][71.125s]  garbage-first heap   total 524288K, used 168022K [0x00000000e0000000, 0x0000000100000000)
[2020-07-09T08:55:02.364+0000][71.125s]   region size 1024K, 142 young (145408K), 11 survivors (11264K)
[2020-07-09T08:55:02.364+0000][71.125s]  Metaspace       used 54823K, capacity 56005K, committed 56268K, reserved 1097728K
[2020-07-09T08:55:02.364+0000][71.125s]   class space    used 6528K, capacity 7003K, committed 7116K, reserved 1048576K
