[2020-07-08T16:01:12.735+0000][0.005s] Heap region size: 1M
[2020-07-08T16:01:12.794+0000][0.064s] Using G1
[2020-07-08T16:01:12.794+0000][0.064s] Heap address: 0x00000000e0000000, size: 512 MB, Compressed Oops mode: 32-bit
[2020-07-08T16:01:13.467+0000][0.736s] GC(0) Pause Young (Normal) (G1 Evacuation Pause)
[2020-07-08T16:01:13.467+0000][0.736s] GC(0) Using 4 workers of 4 for evacuation
[2020-07-08T16:01:13.472+0000][0.741s] GC(0)   Pre Evacuate Collection Set: 0.0ms
[2020-07-08T16:01:13.472+0000][0.741s] GC(0)   Evacuate Collection Set: 3.8ms
[2020-07-08T16:01:13.472+0000][0.741s] GC(0)   Post Evacuate Collection Set: 1.2ms
[2020-07-08T16:01:13.472+0000][0.742s] GC(0)   Other: 0.5ms
[2020-07-08T16:01:13.472+0000][0.742s] GC(0) Eden regions: 25->0(304)
[2020-07-08T16:01:13.472+0000][0.742s] GC(0) Survivor regions: 0->3(4)
[2020-07-08T16:01:13.472+0000][0.742s] GC(0) Old regions: 0->0
[2020-07-08T16:01:13.472+0000][0.742s] GC(0) Humongous regions: 0->0
[2020-07-08T16:01:13.472+0000][0.742s] GC(0) Metaspace: 11929K->11929K(1060864K)
[2020-07-08T16:01:13.472+0000][0.742s] GC(0) Pause Young (Normal) (G1 Evacuation Pause) 25M->2M(512M) 5.572ms
[2020-07-08T16:01:13.472+0000][0.742s] GC(0) User=0.01s Sys=0.00s Real=0.01s
[2020-07-08T16:01:14.182+0000][1.452s] GC(1) Pause Young (Concurrent Start) (Metadata GC Threshold)
[2020-07-08T16:01:14.182+0000][1.452s] GC(1) Using 4 workers of 4 for evacuation
[2020-07-08T16:01:14.200+0000][1.469s] GC(1)   Pre Evacuate Collection Set: 0.0ms
[2020-07-08T16:01:14.200+0000][1.469s] GC(1)   Evacuate Collection Set: 16.8ms
[2020-07-08T16:01:14.200+0000][1.469s] GC(1)   Post Evacuate Collection Set: 0.7ms
[2020-07-08T16:01:14.200+0000][1.469s] GC(1)   Other: 0.2ms
[2020-07-08T16:01:14.200+0000][1.469s] GC(1) Eden regions: 34->0(38)
[2020-07-08T16:01:14.200+0000][1.469s] GC(1) Survivor regions: 3->12(36)
[2020-07-08T16:01:14.200+0000][1.469s] GC(1) Old regions: 0->0
[2020-07-08T16:01:14.200+0000][1.469s] GC(1) Humongous regions: 4->4
[2020-07-08T16:01:14.200+0000][1.469s] GC(1) Metaspace: 20760K->20760K(1069056K)
[2020-07-08T16:01:14.200+0000][1.469s] GC(1) Pause Young (Concurrent Start) (Metadata GC Threshold) 40M->16M(512M) 17.878ms
[2020-07-08T16:01:14.200+0000][1.469s] GC(1) User=0.06s Sys=0.00s Real=0.02s
[2020-07-08T16:01:14.200+0000][1.469s] GC(2) Concurrent Cycle
[2020-07-08T16:01:14.200+0000][1.469s] GC(2) Concurrent Clear Claimed Marks
[2020-07-08T16:01:14.200+0000][1.470s] GC(2) Concurrent Clear Claimed Marks 0.031ms
[2020-07-08T16:01:14.200+0000][1.470s] GC(2) Concurrent Scan Root Regions
[2020-07-08T16:01:14.215+0000][1.485s] GC(2) Concurrent Scan Root Regions 15.285ms
[2020-07-08T16:01:14.215+0000][1.485s] GC(2) Concurrent Mark (1.485s)
[2020-07-08T16:01:14.215+0000][1.485s] GC(2) Concurrent Mark From Roots
[2020-07-08T16:01:14.215+0000][1.485s] GC(2) Using 1 workers of 1 for marking
[2020-07-08T16:01:14.220+0000][1.490s] GC(2) Concurrent Mark From Roots 4.726ms
[2020-07-08T16:01:14.220+0000][1.490s] GC(2) Concurrent Preclean
[2020-07-08T16:01:14.220+0000][1.490s] GC(2) Concurrent Preclean 0.162ms
[2020-07-08T16:01:14.220+0000][1.490s] GC(2) Concurrent Mark (1.485s, 1.490s) 4.940ms
[2020-07-08T16:01:14.220+0000][1.490s] GC(2) Pause Remark
[2020-07-08T16:01:14.224+0000][1.494s] GC(2) Cleaned string and symbol table, strings: 10908 processed, 0 removed, symbols: 64509 processed, 18 removed
[2020-07-08T16:01:14.225+0000][1.494s] GC(2) Pause Remark 16M->16M(512M) 4.530ms
[2020-07-08T16:01:14.225+0000][1.494s] GC(2) User=0.01s Sys=0.00s Real=0.00s
[2020-07-08T16:01:14.225+0000][1.494s] GC(2) Concurrent Rebuild Remembered Sets
[2020-07-08T16:01:14.228+0000][1.497s] GC(2) Concurrent Rebuild Remembered Sets 2.692ms
[2020-07-08T16:01:14.229+0000][1.498s] GC(2) Pause Cleanup
[2020-07-08T16:01:14.229+0000][1.498s] GC(2) Pause Cleanup 17M->17M(512M) 0.146ms
[2020-07-08T16:01:14.229+0000][1.498s] GC(2) User=0.00s Sys=0.00s Real=0.00s
[2020-07-08T16:01:14.229+0000][1.498s] GC(2) Concurrent Cleanup for Next Mark
[2020-07-08T16:01:14.231+0000][1.501s] GC(2) Concurrent Cleanup for Next Mark 2.340ms
[2020-07-08T16:01:14.231+0000][1.501s] GC(2) Concurrent Cycle 31.330ms
[2020-07-08T16:01:14.736+0000][2.006s] GC(3) Pause Young (Normal) (G1 Evacuation Pause)
[2020-07-08T16:01:14.736+0000][2.006s] GC(3) Using 4 workers of 4 for evacuation
[2020-07-08T16:01:14.757+0000][2.026s] GC(3)   Pre Evacuate Collection Set: 0.0ms
[2020-07-08T16:01:14.757+0000][2.026s] GC(3)   Evacuate Collection Set: 18.5ms
[2020-07-08T16:01:14.757+0000][2.026s] GC(3)   Post Evacuate Collection Set: 1.5ms
[2020-07-08T16:01:14.757+0000][2.026s] GC(3)   Other: 0.2ms
[2020-07-08T16:01:14.757+0000][2.026s] GC(3) Eden regions: 34->0(44)
[2020-07-08T16:01:14.757+0000][2.026s] GC(3) Survivor regions: 12->6(6)
[2020-07-08T16:01:14.757+0000][2.026s] GC(3) Old regions: 0->13
[2020-07-08T16:01:14.757+0000][2.026s] GC(3) Humongous regions: 4->4
[2020-07-08T16:01:14.757+0000][2.026s] GC(3) Metaspace: 23694K->23694K(1071104K)
[2020-07-08T16:01:14.757+0000][2.026s] GC(3) Pause Young (Normal) (G1 Evacuation Pause) 50M->22M(512M) 20.266ms
[2020-07-08T16:01:14.757+0000][2.026s] GC(3) User=0.07s Sys=0.00s Real=0.02s
[2020-07-08T16:01:15.490+0000][2.760s] GC(4) Pause Young (Normal) (G1 Evacuation Pause)
[2020-07-08T16:01:15.490+0000][2.760s] GC(4) Using 4 workers of 4 for evacuation
[2020-07-08T16:01:15.496+0000][2.765s] GC(4)   Pre Evacuate Collection Set: 0.0ms
[2020-07-08T16:01:15.496+0000][2.765s] GC(4)   Evacuate Collection Set: 4.8ms
[2020-07-08T16:01:15.496+0000][2.765s] GC(4)   Post Evacuate Collection Set: 0.3ms
[2020-07-08T16:01:15.496+0000][2.765s] GC(4)   Other: 0.1ms
[2020-07-08T16:01:15.496+0000][2.765s] GC(4) Eden regions: 44->0(68)
[2020-07-08T16:01:15.496+0000][2.765s] GC(4) Survivor regions: 6->1(7)
[2020-07-08T16:01:15.496+0000][2.765s] GC(4) Old regions: 13->19
[2020-07-08T16:01:15.496+0000][2.765s] GC(4) Humongous regions: 4->4
[2020-07-08T16:01:15.496+0000][2.765s] GC(4) Metaspace: 28716K->28716K(1075200K)
[2020-07-08T16:01:15.496+0000][2.765s] GC(4) Pause Young (Normal) (G1 Evacuation Pause) 66M->23M(512M) 5.299ms
[2020-07-08T16:01:15.496+0000][2.765s] GC(4) User=0.02s Sys=0.00s Real=0.01s
[2020-07-08T16:01:16.186+0000][3.456s] GC(5) Pause Young (Concurrent Start) (Metadata GC Threshold)
[2020-07-08T16:01:16.186+0000][3.456s] GC(5) Using 4 workers of 4 for evacuation
[2020-07-08T16:01:16.194+0000][3.464s] GC(5)   Pre Evacuate Collection Set: 0.1ms
[2020-07-08T16:01:16.194+0000][3.464s] GC(5)   Evacuate Collection Set: 6.3ms
[2020-07-08T16:01:16.194+0000][3.464s] GC(5)   Post Evacuate Collection Set: 1.2ms
[2020-07-08T16:01:16.194+0000][3.464s] GC(5)   Other: 0.2ms
[2020-07-08T16:01:16.194+0000][3.464s] GC(5) Eden regions: 47->0(75)
[2020-07-08T16:01:16.194+0000][3.464s] GC(5) Survivor regions: 1->4(9)
[2020-07-08T16:01:16.194+0000][3.464s] GC(5) Old regions: 19->19
[2020-07-08T16:01:16.194+0000][3.464s] GC(5) Humongous regions: 4->4
[2020-07-08T16:01:16.194+0000][3.464s] GC(5) Metaspace: 34936K->34936K(1081344K)
[2020-07-08T16:01:16.194+0000][3.464s] GC(5) Pause Young (Concurrent Start) (Metadata GC Threshold) 70M->26M(512M) 7.883ms
[2020-07-08T16:01:16.194+0000][3.464s] GC(5) User=0.02s Sys=0.01s Real=0.01s
[2020-07-08T16:01:16.194+0000][3.464s] GC(6) Concurrent Cycle
[2020-07-08T16:01:16.194+0000][3.464s] GC(6) Concurrent Clear Claimed Marks
[2020-07-08T16:01:16.194+0000][3.464s] GC(6) Concurrent Clear Claimed Marks 0.043ms
[2020-07-08T16:01:16.194+0000][3.464s] GC(6) Concurrent Scan Root Regions
[2020-07-08T16:01:16.201+0000][3.470s] GC(6) Concurrent Scan Root Regions 6.191ms
[2020-07-08T16:01:16.201+0000][3.470s] GC(6) Concurrent Mark (3.470s)
[2020-07-08T16:01:16.201+0000][3.470s] GC(6) Concurrent Mark From Roots
[2020-07-08T16:01:16.201+0000][3.470s] GC(6) Using 1 workers of 1 for marking
[2020-07-08T16:01:16.266+0000][3.535s] GC(6) Concurrent Mark From Roots 65.171ms
[2020-07-08T16:01:16.266+0000][3.535s] GC(6) Concurrent Preclean
[2020-07-08T16:01:16.266+0000][3.536s] GC(6) Concurrent Preclean 0.207ms
[2020-07-08T16:01:16.266+0000][3.536s] GC(6) Concurrent Mark (3.470s, 3.536s) 65.438ms
[2020-07-08T16:01:16.267+0000][3.536s] GC(6) Pause Remark
[2020-07-08T16:01:16.275+0000][3.544s] GC(6) Cleaned string and symbol table, strings: 16995 processed, 22 removed, symbols: 109510 processed, 54 removed
[2020-07-08T16:01:16.275+0000][3.545s] GC(6) Pause Remark 34M->34M(512M) 8.506ms
[2020-07-08T16:01:16.275+0000][3.545s] GC(6) User=0.02s Sys=0.01s Real=0.02s
[2020-07-08T16:01:16.275+0000][3.545s] GC(6) Concurrent Rebuild Remembered Sets
[2020-07-08T16:01:16.301+0000][3.571s] GC(6) Concurrent Rebuild Remembered Sets 25.791ms
[2020-07-08T16:01:16.301+0000][3.571s] GC(6) Pause Cleanup
[2020-07-08T16:01:16.301+0000][3.571s] GC(6) Pause Cleanup 36M->36M(512M) 0.119ms
[2020-07-08T16:01:16.301+0000][3.571s] GC(6) User=0.00s Sys=0.00s Real=0.00s
[2020-07-08T16:01:16.301+0000][3.571s] GC(6) Concurrent Cleanup for Next Mark
[2020-07-08T16:01:16.303+0000][3.572s] GC(6) Concurrent Cleanup for Next Mark 1.533ms
[2020-07-08T16:01:16.303+0000][3.572s] GC(6) Concurrent Cycle 108.629ms
[2020-07-08T16:01:16.740+0000][4.010s] GC(7) Pause Young (Concurrent Start) (G1 Evacuation Pause)
[2020-07-08T16:01:16.740+0000][4.010s] GC(7) Using 4 workers of 4 for evacuation
[2020-07-08T16:01:16.768+0000][4.038s] GC(7)   Pre Evacuate Collection Set: 0.1ms
[2020-07-08T16:01:16.768+0000][4.038s] GC(7)   Evacuate Collection Set: 25.0ms
[2020-07-08T16:01:16.768+0000][4.038s] GC(7)   Post Evacuate Collection Set: 2.9ms
[2020-07-08T16:01:16.768+0000][4.038s] GC(7)   Other: 0.2ms
[2020-07-08T16:01:16.768+0000][4.038s] GC(7) Eden regions: 75->0(109)
[2020-07-08T16:01:16.768+0000][4.038s] GC(7) Survivor regions: 4->6(10)
[2020-07-08T16:01:16.768+0000][4.038s] GC(7) Old regions: 19->19
[2020-07-08T16:01:16.769+0000][4.038s] GC(7) Humongous regions: 4->4
[2020-07-08T16:01:16.769+0000][4.038s] GC(7) Metaspace: 38119K->38119K(1083392K)
[2020-07-08T16:01:16.769+0000][4.038s] GC(7) Pause Young (Concurrent Start) (G1 Evacuation Pause) 101M->28M(512M) 28.307ms
[2020-07-08T16:01:16.769+0000][4.038s] GC(7) User=0.07s Sys=0.00s Real=0.03s
[2020-07-08T16:01:16.769+0000][4.038s] GC(8) Concurrent Cycle
[2020-07-08T16:01:16.769+0000][4.038s] GC(8) Concurrent Clear Claimed Marks
[2020-07-08T16:01:16.769+0000][4.038s] GC(8) Concurrent Clear Claimed Marks 0.060ms
[2020-07-08T16:01:16.769+0000][4.038s] GC(8) Concurrent Scan Root Regions
[2020-07-08T16:01:16.778+0000][4.047s] GC(8) Concurrent Scan Root Regions 8.994ms
[2020-07-08T16:01:16.778+0000][4.047s] GC(8) Concurrent Mark (4.047s)
[2020-07-08T16:01:16.778+0000][4.047s] GC(8) Concurrent Mark From Roots
[2020-07-08T16:01:16.778+0000][4.047s] GC(8) Using 1 workers of 1 for marking
[2020-07-08T16:01:16.837+0000][4.106s] GC(8) Concurrent Mark From Roots 58.964ms
[2020-07-08T16:01:16.837+0000][4.106s] GC(8) Concurrent Preclean
[2020-07-08T16:01:16.837+0000][4.107s] GC(8) Concurrent Preclean 0.269ms
[2020-07-08T16:01:16.837+0000][4.107s] GC(8) Concurrent Mark (4.047s, 4.107s) 59.309ms
[2020-07-08T16:01:16.838+0000][4.108s] GC(8) Pause Remark
[2020-07-08T16:01:16.847+0000][4.116s] GC(8) Cleaned string and symbol table, strings: 18326 processed, 0 removed, symbols: 116862 processed, 45 removed
[2020-07-08T16:01:16.847+0000][4.116s] GC(8) Pause Remark 44M->44M(512M) 8.901ms
[2020-07-08T16:01:16.847+0000][4.116s] GC(8) User=0.03s Sys=0.00s Real=0.01s
[2020-07-08T16:01:16.847+0000][4.116s] GC(8) Concurrent Rebuild Remembered Sets
[2020-07-08T16:01:16.888+0000][4.157s] GC(8) Concurrent Rebuild Remembered Sets 40.622ms
[2020-07-08T16:01:16.893+0000][4.162s] GC(8) Pause Cleanup
[2020-07-08T16:01:16.893+0000][4.162s] GC(8) Pause Cleanup 46M->46M(512M) 0.228ms
[2020-07-08T16:01:16.893+0000][4.163s] GC(8) User=0.00s Sys=0.00s Real=0.00s
[2020-07-08T16:01:16.893+0000][4.163s] GC(8) Concurrent Cleanup for Next Mark
[2020-07-08T16:01:16.899+0000][4.169s] GC(8) Concurrent Cleanup for Next Mark 6.409ms
[2020-07-08T16:01:16.900+0000][4.169s] GC(8) Concurrent Cycle 130.795ms
[2020-07-08T16:01:17.285+0000][4.555s] GC(9) Pause Young (Normal) (G1 Evacuation Pause)
[2020-07-08T16:01:17.285+0000][4.555s] GC(9) Using 4 workers of 4 for evacuation
[2020-07-08T16:01:17.307+0000][4.577s] GC(9)   Pre Evacuate Collection Set: 0.0ms
[2020-07-08T16:01:17.307+0000][4.577s] GC(9)   Evacuate Collection Set: 21.3ms
[2020-07-08T16:01:17.307+0000][4.577s] GC(9)   Post Evacuate Collection Set: 0.5ms
[2020-07-08T16:01:17.307+0000][4.577s] GC(9)   Other: 0.2ms
[2020-07-08T16:01:17.307+0000][4.577s] GC(9) Eden regions: 113->0(160)
[2020-07-08T16:01:17.307+0000][4.577s] GC(9) Survivor regions: 6->8(15)
[2020-07-08T16:01:17.307+0000][4.577s] GC(9) Old regions: 19->19
[2020-07-08T16:01:17.307+0000][4.577s] GC(9) Humongous regions: 4->4
[2020-07-08T16:01:17.308+0000][4.577s] GC(9) Metaspace: 40670K->40670K(1085440K)
[2020-07-08T16:01:17.308+0000][4.577s] GC(9) Pause Young (Normal) (G1 Evacuation Pause) 141M->30M(512M) 22.079ms
[2020-07-08T16:01:17.308+0000][4.577s] GC(9) User=0.08s Sys=0.00s Real=0.03s
[2020-07-08T16:01:17.515+0000][4.784s] GC(10) Pause Young (Normal) (G1 Evacuation Pause)
[2020-07-08T16:01:17.515+0000][4.784s] GC(10) Using 4 workers of 4 for evacuation
[2020-07-08T16:01:17.529+0000][4.798s] GC(10)   Pre Evacuate Collection Set: 0.0ms
[2020-07-08T16:01:17.529+0000][4.798s] GC(10)   Evacuate Collection Set: 13.2ms
[2020-07-08T16:01:17.529+0000][4.798s] GC(10)   Post Evacuate Collection Set: 0.4ms
[2020-07-08T16:01:17.529+0000][4.798s] GC(10)   Other: 0.2ms
[2020-07-08T16:01:17.529+0000][4.798s] GC(10) Eden regions: 160->0(284)
[2020-07-08T16:01:17.529+0000][4.798s] GC(10) Survivor regions: 8->9(21)
[2020-07-08T16:01:17.529+0000][4.798s] GC(10) Old regions: 19->19
[2020-07-08T16:01:17.529+0000][4.798s] GC(10) Humongous regions: 5->4
[2020-07-08T16:01:17.529+0000][4.798s] GC(10) Metaspace: 40999K->40999K(1085440K)
[2020-07-08T16:01:17.529+0000][4.798s] GC(10) Pause Young (Normal) (G1 Evacuation Pause) 191M->31M(512M) 13.958ms
[2020-07-08T16:01:17.529+0000][4.798s] GC(10) User=0.05s Sys=0.00s Real=0.01s
[2020-07-08T16:15:15.838+0000][843.108s] GC(11) Pause Young (Normal) (G1 Evacuation Pause)
[2020-07-08T16:15:15.838+0000][843.108s] GC(11) Using 4 workers of 4 for evacuation
[2020-07-08T16:15:15.867+0000][843.137s] GC(11)   Pre Evacuate Collection Set: 0.0ms
[2020-07-08T16:15:15.867+0000][843.137s] GC(11)   Evacuate Collection Set: 27.5ms
[2020-07-08T16:15:15.867+0000][843.137s] GC(11)   Post Evacuate Collection Set: 1.5ms
[2020-07-08T16:15:15.868+0000][843.137s] GC(11)   Other: 0.3ms
[2020-07-08T16:15:15.868+0000][843.137s] GC(11) Eden regions: 284->0(290)
[2020-07-08T16:15:15.868+0000][843.137s] GC(11) Survivor regions: 9->17(37)
[2020-07-08T16:15:15.868+0000][843.137s] GC(11) Old regions: 19->19
[2020-07-08T16:15:15.868+0000][843.137s] GC(11) Humongous regions: 4->4
[2020-07-08T16:15:15.868+0000][843.137s] GC(11) Metaspace: 52979K->52979K(1097728K)
[2020-07-08T16:15:15.868+0000][843.137s] GC(11) Pause Young (Normal) (G1 Evacuation Pause) 315M->40M(512M) 29.469ms
[2020-07-08T16:15:15.868+0000][843.137s] GC(11) User=0.06s Sys=0.00s Real=0.03s
[2020-07-08T16:15:15.906+0000][843.176s] Heap
[2020-07-08T16:15:15.906+0000][843.176s]  garbage-first heap   total 524288K, used 47104K [0x00000000e0000000, 0x0000000100000000)
[2020-07-08T16:15:15.906+0000][843.176s]   region size 1024K, 24 young (24576K), 17 survivors (17408K)
[2020-07-08T16:15:15.906+0000][843.176s]  Metaspace       used 53063K, capacity 54236K, committed 54348K, reserved 1097728K
[2020-07-08T16:15:15.906+0000][843.176s]   class space    used 6306K, capacity 6753K, committed 6784K, reserved 1048576K
