<<<<<<< HEAD
[2020-07-10T12:24:38.060+0000][0.020s] Heap region size: 1M
[2020-07-10T12:24:38.097+0000][0.057s] Using G1
[2020-07-10T12:24:38.097+0000][0.057s] Heap address: 0x00000000e0000000, size: 512 MB, Compressed Oops mode: 32-bit
[2020-07-10T12:24:38.997+0000][0.957s] GC(0) Pause Young (Normal) (G1 Evacuation Pause)
[2020-07-10T12:24:38.998+0000][0.958s] GC(0) Using 4 workers of 4 for evacuation
[2020-07-10T12:24:39.005+0000][0.965s] GC(0)   Pre Evacuate Collection Set: 0.0ms
[2020-07-10T12:24:39.005+0000][0.965s] GC(0)   Evacuate Collection Set: 5.3ms
[2020-07-10T12:24:39.005+0000][0.965s] GC(0)   Post Evacuate Collection Set: 1.8ms
[2020-07-10T12:24:39.005+0000][0.965s] GC(0)   Other: 0.6ms
[2020-07-10T12:24:39.005+0000][0.965s] GC(0) Eden regions: 25->0(303)
[2020-07-10T12:24:39.005+0000][0.965s] GC(0) Survivor regions: 0->4(4)
[2020-07-10T12:24:39.005+0000][0.965s] GC(0) Old regions: 0->0
[2020-07-10T12:24:39.005+0000][0.965s] GC(0) Humongous regions: 0->0
[2020-07-10T12:24:39.005+0000][0.965s] GC(0) Metaspace: 11967K->11967K(1060864K)
[2020-07-10T12:24:39.005+0000][0.965s] GC(0) Pause Young (Normal) (G1 Evacuation Pause) 25M->3M(512M) 7.768ms
[2020-07-10T12:24:39.005+0000][0.965s] GC(0) User=0.02s Sys=0.00s Real=0.01s
[2020-07-10T12:24:39.757+0000][1.717s] GC(1) Pause Young (Concurrent Start) (Metadata GC Threshold)
[2020-07-10T12:24:39.757+0000][1.717s] GC(1) Using 4 workers of 4 for evacuation
[2020-07-10T12:24:39.778+0000][1.738s] GC(1)   Pre Evacuate Collection Set: 0.0ms
[2020-07-10T12:24:39.778+0000][1.738s] GC(1)   Evacuate Collection Set: 20.3ms
[2020-07-10T12:24:39.778+0000][1.738s] GC(1)   Post Evacuate Collection Set: 0.7ms
[2020-07-10T12:24:39.778+0000][1.738s] GC(1)   Other: 0.2ms
[2020-07-10T12:24:39.778+0000][1.738s] GC(1) Eden regions: 30->0(208)
[2020-07-10T12:24:39.778+0000][1.738s] GC(1) Survivor regions: 4->13(39)
[2020-07-10T12:24:39.778+0000][1.738s] GC(1) Old regions: 0->0
[2020-07-10T12:24:39.778+0000][1.738s] GC(1) Humongous regions: 4->4
[2020-07-10T12:24:39.778+0000][1.738s] GC(1) Metaspace: 20655K->20655K(1069056K)
[2020-07-10T12:24:39.778+0000][1.738s] GC(1) Pause Young (Concurrent Start) (Metadata GC Threshold) 36M->16M(512M) 21.388ms
[2020-07-10T12:24:39.778+0000][1.738s] GC(1) User=0.05s Sys=0.01s Real=0.02s
[2020-07-10T12:24:39.779+0000][1.739s] GC(2) Concurrent Cycle
[2020-07-10T12:24:39.779+0000][1.739s] GC(2) Concurrent Clear Claimed Marks
[2020-07-10T12:24:39.779+0000][1.739s] GC(2) Concurrent Clear Claimed Marks 0.027ms
[2020-07-10T12:24:39.779+0000][1.739s] GC(2) Concurrent Scan Root Regions
[2020-07-10T12:24:39.791+0000][1.751s] GC(2) Concurrent Scan Root Regions 12.052ms
[2020-07-10T12:24:39.791+0000][1.751s] GC(2) Concurrent Mark (1.751s)
[2020-07-10T12:24:39.791+0000][1.751s] GC(2) Concurrent Mark From Roots
[2020-07-10T12:24:39.791+0000][1.751s] GC(2) Using 1 workers of 1 for marking
[2020-07-10T12:24:39.795+0000][1.755s] GC(2) Concurrent Mark From Roots 4.706ms
[2020-07-10T12:24:39.795+0000][1.755s] GC(2) Concurrent Preclean
[2020-07-10T12:24:39.796+0000][1.756s] GC(2) Concurrent Preclean 0.205ms
[2020-07-10T12:24:39.796+0000][1.756s] GC(2) Concurrent Mark (1.751s, 1.756s) 4.979ms
[2020-07-10T12:24:39.796+0000][1.756s] GC(2) Pause Remark
[2020-07-10T12:24:39.799+0000][1.759s] GC(2) Cleaned string and symbol table, strings: 10850 processed, 0 removed, symbols: 64220 processed, 18 removed
[2020-07-10T12:24:39.799+0000][1.759s] GC(2) Pause Remark 20M->20M(512M) 3.391ms
[2020-07-10T12:24:39.799+0000][1.759s] GC(2) User=0.01s Sys=0.00s Real=0.00s
[2020-07-10T12:24:39.799+0000][1.759s] GC(2) Concurrent Rebuild Remembered Sets
[2020-07-10T12:24:39.804+0000][1.764s] GC(2) Concurrent Rebuild Remembered Sets 4.757ms
[2020-07-10T12:24:39.804+0000][1.764s] GC(2) Pause Cleanup
[2020-07-10T12:24:39.804+0000][1.764s] GC(2) Pause Cleanup 20M->20M(512M) 0.183ms
[2020-07-10T12:24:39.804+0000][1.764s] GC(2) User=0.00s Sys=0.00s Real=0.00s
[2020-07-10T12:24:39.804+0000][1.764s] GC(2) Concurrent Cleanup for Next Mark
[2020-07-10T12:24:39.806+0000][1.766s] GC(2) Concurrent Cleanup for Next Mark 1.690ms
[2020-07-10T12:24:39.806+0000][1.766s] GC(2) Concurrent Cycle 27.723ms
[2020-07-10T12:24:41.185+0000][3.145s] GC(3) Pause Young (Normal) (G1 Evacuation Pause)
[2020-07-10T12:24:41.186+0000][3.145s] GC(3) Using 4 workers of 4 for evacuation
[2020-07-10T12:24:41.214+0000][3.174s] GC(3)   Pre Evacuate Collection Set: 0.0ms
[2020-07-10T12:24:41.214+0000][3.174s] GC(3)   Evacuate Collection Set: 27.2ms
[2020-07-10T12:24:41.214+0000][3.174s] GC(3)   Post Evacuate Collection Set: 1.6ms
[2020-07-10T12:24:41.214+0000][3.174s] GC(3)   Other: 0.2ms
[2020-07-10T12:24:41.214+0000][3.174s] GC(3) Eden regions: 91->0(80)
[2020-07-10T12:24:41.214+0000][3.174s] GC(3) Survivor regions: 13->8(13)
[2020-07-10T12:24:41.214+0000][3.174s] GC(3) Old regions: 0->12
[2020-07-10T12:24:41.214+0000][3.174s] GC(3) Humongous regions: 4->4
[2020-07-10T12:24:41.214+0000][3.174s] GC(3) Metaspace: 29955K->29955K(1077248K)
[2020-07-10T12:24:41.215+0000][3.175s] GC(3) Pause Young (Normal) (G1 Evacuation Pause) 107M->23M(512M) 29.047ms
[2020-07-10T12:24:41.215+0000][3.175s] GC(3) User=0.10s Sys=0.00s Real=0.03s
[2020-07-10T12:24:41.878+0000][3.838s] GC(4) Pause Young (Concurrent Start) (Metadata GC Threshold)
[2020-07-10T12:24:41.878+0000][3.838s] GC(4) Using 4 workers of 4 for evacuation
[2020-07-10T12:24:41.891+0000][3.851s] GC(4)   Pre Evacuate Collection Set: 0.1ms
[2020-07-10T12:24:41.891+0000][3.851s] GC(4)   Evacuate Collection Set: 11.5ms
[2020-07-10T12:24:41.891+0000][3.851s] GC(4)   Post Evacuate Collection Set: 1.1ms
[2020-07-10T12:24:41.891+0000][3.851s] GC(4)   Other: 0.2ms
[2020-07-10T12:24:41.891+0000][3.851s] GC(4) Eden regions: 37->0(303)
[2020-07-10T12:24:41.891+0000][3.851s] GC(4) Survivor regions: 8->4(11)
[2020-07-10T12:24:41.891+0000][3.851s] GC(4) Old regions: 12->19
[2020-07-10T12:24:41.891+0000][3.851s] GC(4) Humongous regions: 4->4
[2020-07-10T12:24:41.891+0000][3.851s] GC(4) Metaspace: 34864K->34864K(1081344K)
[2020-07-10T12:24:41.891+0000][3.851s] GC(4) Pause Young (Concurrent Start) (Metadata GC Threshold) 60M->26M(512M) 13.007ms
[2020-07-10T12:24:41.891+0000][3.851s] GC(4) User=0.04s Sys=0.01s Real=0.02s
[2020-07-10T12:24:41.891+0000][3.851s] GC(5) Concurrent Cycle
[2020-07-10T12:24:41.891+0000][3.851s] GC(5) Concurrent Clear Claimed Marks
[2020-07-10T12:24:41.891+0000][3.851s] GC(5) Concurrent Clear Claimed Marks 0.050ms
[2020-07-10T12:24:41.891+0000][3.851s] GC(5) Concurrent Scan Root Regions
[2020-07-10T12:24:41.894+0000][3.854s] GC(5) Concurrent Scan Root Regions 3.222ms
[2020-07-10T12:24:41.894+0000][3.854s] GC(5) Concurrent Mark (3.854s)
[2020-07-10T12:24:41.894+0000][3.854s] GC(5) Concurrent Mark From Roots
[2020-07-10T12:24:41.894+0000][3.854s] GC(5) Using 1 workers of 1 for marking
[2020-07-10T12:24:41.962+0000][3.922s] GC(5) Concurrent Mark From Roots 68.286ms
[2020-07-10T12:24:41.962+0000][3.922s] GC(5) Concurrent Preclean
[2020-07-10T12:24:41.963+0000][3.923s] GC(5) Concurrent Preclean 0.279ms
[2020-07-10T12:24:41.963+0000][3.923s] GC(5) Concurrent Mark (3.854s, 3.923s) 68.635ms
[2020-07-10T12:24:41.963+0000][3.923s] GC(5) Pause Remark
[2020-07-10T12:24:41.969+0000][3.929s] GC(5) Cleaned string and symbol table, strings: 16897 processed, 21 removed, symbols: 108706 processed, 53 removed
[2020-07-10T12:24:41.969+0000][3.929s] GC(5) Pause Remark 32M->32M(512M) 6.331ms
[2020-07-10T12:24:41.969+0000][3.929s] GC(5) User=0.02s Sys=0.00s Real=0.00s
[2020-07-10T12:24:41.969+0000][3.929s] GC(5) Concurrent Rebuild Remembered Sets
[2020-07-10T12:24:42.005+0000][3.965s] GC(5) Concurrent Rebuild Remembered Sets 36.026ms
[2020-07-10T12:24:42.006+0000][3.966s] GC(5) Pause Cleanup
[2020-07-10T12:24:42.006+0000][3.966s] GC(5) Pause Cleanup 34M->34M(512M) 0.138ms
[2020-07-10T12:24:42.006+0000][3.966s] GC(5) User=0.00s Sys=0.00s Real=0.00s
[2020-07-10T12:24:42.006+0000][3.966s] GC(5) Concurrent Cleanup for Next Mark
[2020-07-10T12:24:42.008+0000][3.968s] GC(5) Concurrent Cleanup for Next Mark 1.870ms
[2020-07-10T12:24:42.008+0000][3.968s] GC(5) Concurrent Cycle 116.914ms
[2020-07-10T12:24:43.361+0000][5.321s] GC(6) Pause Young (Normal) (G1 Evacuation Pause)
[2020-07-10T12:24:43.361+0000][5.321s] GC(6) Using 4 workers of 4 for evacuation
[2020-07-10T12:24:43.379+0000][5.339s] GC(6)   Pre Evacuate Collection Set: 0.0ms
[2020-07-10T12:24:43.379+0000][5.339s] GC(6)   Evacuate Collection Set: 16.5ms
[2020-07-10T12:24:43.379+0000][5.339s] GC(6)   Post Evacuate Collection Set: 1.4ms
[2020-07-10T12:24:43.379+0000][5.339s] GC(6)   Other: 0.3ms
[2020-07-10T12:24:43.379+0000][5.339s] GC(6) Eden regions: 303->0(298)
[2020-07-10T12:24:43.379+0000][5.339s] GC(6) Survivor regions: 4->9(39)
[2020-07-10T12:24:43.379+0000][5.339s] GC(6) Old regions: 19->19
[2020-07-10T12:24:43.379+0000][5.339s] GC(6) Humongous regions: 5->4
[2020-07-10T12:24:43.379+0000][5.339s] GC(6) Metaspace: 42703K->42703K(1087488K)
[2020-07-10T12:24:43.379+0000][5.339s] GC(6) Pause Young (Normal) (G1 Evacuation Pause) 330M->31M(512M) 18.332ms
[2020-07-10T12:24:43.379+0000][5.339s] GC(6) User=0.06s Sys=0.00s Real=0.02s
[2020-07-10T12:30:24.511+0000][266.609s] Heap
[2020-07-10T12:30:24.511+0000][266.609s]  garbage-first heap   total 524288K, used 271275K [0x00000000e0000000, 0x0000000100000000)
[2020-07-10T12:30:24.511+0000][266.609s]   region size 1024K, 243 young (248832K), 9 survivors (9216K)
[2020-07-10T12:30:24.511+0000][266.609s]  Metaspace       used 55699K, capacity 56832K, committed 57036K, reserved 1099776K
[2020-07-10T12:30:24.511+0000][266.609s]   class space    used 6635K, capacity 7121K, committed 7168K, reserved 1048576K
=======
[2020-07-09T16:00:05.871+0000][0.020s] Heap region size: 1M
[2020-07-09T16:00:05.905+0000][0.054s] Using G1
[2020-07-09T16:00:05.905+0000][0.054s] Heap address: 0x00000000e0000000, size: 512 MB, Compressed Oops mode: 32-bit
[2020-07-09T16:00:06.750+0000][0.899s] GC(0) Pause Young (Normal) (G1 Evacuation Pause)
[2020-07-09T16:00:06.751+0000][0.900s] GC(0) Using 4 workers of 4 for evacuation
[2020-07-09T16:00:06.762+0000][0.911s] GC(0)   Pre Evacuate Collection Set: 0.0ms
[2020-07-09T16:00:06.763+0000][0.911s] GC(0)   Evacuate Collection Set: 9.3ms
[2020-07-09T16:00:06.763+0000][0.911s] GC(0)   Post Evacuate Collection Set: 2.4ms
[2020-07-09T16:00:06.763+0000][0.911s] GC(0)   Other: 0.6ms
[2020-07-09T16:00:06.763+0000][0.911s] GC(0) Eden regions: 25->0(304)
[2020-07-09T16:00:06.763+0000][0.911s] GC(0) Survivor regions: 0->3(4)
[2020-07-09T16:00:06.763+0000][0.911s] GC(0) Old regions: 0->0
[2020-07-09T16:00:06.763+0000][0.912s] GC(0) Humongous regions: 0->0
[2020-07-09T16:00:06.763+0000][0.912s] GC(0) Metaspace: 11952K->11952K(1060864K)
[2020-07-09T16:00:06.763+0000][0.912s] GC(0) Pause Young (Normal) (G1 Evacuation Pause) 25M->2M(512M) 12.361ms
[2020-07-09T16:00:06.763+0000][0.912s] GC(0) User=0.02s Sys=0.00s Real=0.01s
[2020-07-09T16:00:07.767+0000][1.916s] GC(1) Pause Young (Concurrent Start) (Metadata GC Threshold)
[2020-07-09T16:00:07.767+0000][1.916s] GC(1) Using 4 workers of 4 for evacuation
[2020-07-09T16:00:07.789+0000][1.938s] GC(1)   Pre Evacuate Collection Set: 0.0ms
[2020-07-09T16:00:07.789+0000][1.938s] GC(1)   Evacuate Collection Set: 20.4ms
[2020-07-09T16:00:07.789+0000][1.938s] GC(1)   Post Evacuate Collection Set: 1.4ms
[2020-07-09T16:00:07.789+0000][1.938s] GC(1)   Other: 0.2ms
[2020-07-09T16:00:07.789+0000][1.938s] GC(1) Eden regions: 29->0(34)
[2020-07-09T16:00:07.789+0000][1.938s] GC(1) Survivor regions: 3->12(39)
[2020-07-09T16:00:07.789+0000][1.938s] GC(1) Old regions: 0->0
[2020-07-09T16:00:07.789+0000][1.938s] GC(1) Humongous regions: 4->4
[2020-07-09T16:00:07.789+0000][1.938s] GC(1) Metaspace: 20568K->20568K(1069056K)
[2020-07-09T16:00:07.789+0000][1.938s] GC(1) Pause Young (Concurrent Start) (Metadata GC Threshold) 35M->15M(512M) 22.074ms
[2020-07-09T16:00:07.789+0000][1.938s] GC(1) User=0.07s Sys=0.00s Real=0.02s
[2020-07-09T16:00:07.789+0000][1.938s] GC(2) Concurrent Cycle
[2020-07-09T16:00:07.789+0000][1.938s] GC(2) Concurrent Clear Claimed Marks
[2020-07-09T16:00:07.789+0000][1.938s] GC(2) Concurrent Clear Claimed Marks 0.027ms
[2020-07-09T16:00:07.789+0000][1.938s] GC(2) Concurrent Scan Root Regions
[2020-07-09T16:00:07.804+0000][1.953s] GC(2) Concurrent Scan Root Regions 14.497ms
[2020-07-09T16:00:07.804+0000][1.953s] GC(2) Concurrent Mark (1.953s)
[2020-07-09T16:00:07.804+0000][1.953s] GC(2) Concurrent Mark From Roots
[2020-07-09T16:00:07.804+0000][1.953s] GC(2) Using 1 workers of 1 for marking
[2020-07-09T16:00:07.808+0000][1.957s] GC(2) Concurrent Mark From Roots 4.767ms
[2020-07-09T16:00:07.808+0000][1.957s] GC(2) Concurrent Preclean
[2020-07-09T16:00:07.809+0000][1.958s] GC(2) Concurrent Preclean 0.211ms
[2020-07-09T16:00:07.809+0000][1.958s] GC(2) Concurrent Mark (1.953s, 1.958s) 5.046ms
[2020-07-09T16:00:07.810+0000][1.959s] GC(2) Pause Remark
[2020-07-09T16:00:07.815+0000][1.964s] GC(2) Cleaned string and symbol table, strings: 10829 processed, 0 removed, symbols: 64157 processed, 18 removed
[2020-07-09T16:00:07.815+0000][1.964s] GC(2) Pause Remark 16M->16M(512M) 4.931ms
[2020-07-09T16:00:07.815+0000][1.964s] GC(2) User=0.01s Sys=0.00s Real=0.00s
[2020-07-09T16:00:07.815+0000][1.964s] GC(2) Concurrent Rebuild Remembered Sets
[2020-07-09T16:00:07.820+0000][1.969s] GC(2) Concurrent Rebuild Remembered Sets 4.829ms
[2020-07-09T16:00:07.820+0000][1.969s] GC(2) Pause Cleanup
[2020-07-09T16:00:07.820+0000][1.969s] GC(2) Pause Cleanup 17M->17M(512M) 0.134ms
[2020-07-09T16:00:07.820+0000][1.969s] GC(2) User=0.00s Sys=0.00s Real=0.00s
[2020-07-09T16:00:07.820+0000][1.969s] GC(2) Concurrent Cleanup for Next Mark
[2020-07-09T16:00:07.822+0000][1.971s] GC(2) Concurrent Cleanup for Next Mark 1.419ms
[2020-07-09T16:00:07.822+0000][1.971s] GC(2) Concurrent Cycle 32.897ms
[2020-07-09T16:00:08.348+0000][2.497s] GC(3) Pause Young (Normal) (G1 Evacuation Pause)
[2020-07-09T16:00:08.348+0000][2.497s] GC(3) Using 4 workers of 4 for evacuation
[2020-07-09T16:00:08.366+0000][2.515s] GC(3)   Pre Evacuate Collection Set: 0.0ms
[2020-07-09T16:00:08.366+0000][2.515s] GC(3)   Evacuate Collection Set: 15.9ms
[2020-07-09T16:00:08.366+0000][2.515s] GC(3)   Post Evacuate Collection Set: 1.7ms
[2020-07-09T16:00:08.366+0000][2.515s] GC(3)   Other: 0.1ms
[2020-07-09T16:00:08.366+0000][2.515s] GC(3) Eden regions: 30->0(40)
[2020-07-09T16:00:08.366+0000][2.515s] GC(3) Survivor regions: 12->6(6)
[2020-07-09T16:00:08.366+0000][2.515s] GC(3) Old regions: 0->13
[2020-07-09T16:00:08.366+0000][2.515s] GC(3) Humongous regions: 4->4
[2020-07-09T16:00:08.366+0000][2.515s] GC(3) Metaspace: 22880K->22880K(1071104K)
[2020-07-09T16:00:08.366+0000][2.515s] GC(3) Pause Young (Normal) (G1 Evacuation Pause) 45M->22M(512M) 17.813ms
[2020-07-09T16:00:08.366+0000][2.515s] GC(3) User=0.07s Sys=0.00s Real=0.02s
[2020-07-09T16:00:09.137+0000][3.286s] GC(4) Pause Young (Normal) (G1 Evacuation Pause)
[2020-07-09T16:00:09.137+0000][3.286s] GC(4) Using 4 workers of 4 for evacuation
[2020-07-09T16:00:09.145+0000][3.294s] GC(4)   Pre Evacuate Collection Set: 0.0ms
[2020-07-09T16:00:09.145+0000][3.294s] GC(4)   Evacuate Collection Set: 6.9ms
[2020-07-09T16:00:09.145+0000][3.294s] GC(4)   Post Evacuate Collection Set: 0.4ms
[2020-07-09T16:00:09.145+0000][3.294s] GC(4)   Other: 0.2ms
[2020-07-09T16:00:09.145+0000][3.294s] GC(4) Eden regions: 40->0(63)
[2020-07-09T16:00:09.145+0000][3.294s] GC(4) Survivor regions: 6->1(6)
[2020-07-09T16:00:09.145+0000][3.294s] GC(4) Old regions: 13->19
[2020-07-09T16:00:09.145+0000][3.294s] GC(4) Humongous regions: 4->4
[2020-07-09T16:00:09.145+0000][3.294s] GC(4) Metaspace: 26763K->26763K(1073152K)
[2020-07-09T16:00:09.145+0000][3.294s] GC(4) Pause Young (Normal) (G1 Evacuation Pause) 62M->23M(512M) 7.618ms
[2020-07-09T16:00:09.145+0000][3.294s] GC(4) User=0.02s Sys=0.00s Real=0.01s
[2020-07-09T16:00:10.026+0000][4.175s] GC(5) Pause Young (Concurrent Start) (Metadata GC Threshold)
[2020-07-09T16:00:10.026+0000][4.175s] GC(5) Using 4 workers of 4 for evacuation
[2020-07-09T16:00:10.051+0000][4.200s] GC(5)   Pre Evacuate Collection Set: 0.1ms
[2020-07-09T16:00:10.051+0000][4.200s] GC(5)   Evacuate Collection Set: 21.4ms
[2020-07-09T16:00:10.051+0000][4.200s] GC(5)   Post Evacuate Collection Set: 2.7ms
[2020-07-09T16:00:10.051+0000][4.200s] GC(5)   Other: 0.2ms
[2020-07-09T16:00:10.051+0000][4.200s] GC(5) Eden regions: 57->0(81)
[2020-07-09T16:00:10.051+0000][4.200s] GC(5) Survivor regions: 1->4(8)
[2020-07-09T16:00:10.051+0000][4.200s] GC(5) Old regions: 19->19
[2020-07-09T16:00:10.051+0000][4.200s] GC(5) Humongous regions: 4->4
[2020-07-09T16:00:10.051+0000][4.200s] GC(5) Metaspace: 34890K->34890K(1081344K)
[2020-07-09T16:00:10.051+0000][4.200s] GC(5) Pause Young (Concurrent Start) (Metadata GC Threshold) 80M->26M(512M) 24.419ms
[2020-07-09T16:00:10.051+0000][4.200s] GC(5) User=0.05s Sys=0.00s Real=0.03s
[2020-07-09T16:00:10.051+0000][4.200s] GC(6) Concurrent Cycle
[2020-07-09T16:00:10.051+0000][4.200s] GC(6) Concurrent Clear Claimed Marks
[2020-07-09T16:00:10.051+0000][4.200s] GC(6) Concurrent Clear Claimed Marks 0.029ms
[2020-07-09T16:00:10.051+0000][4.200s] GC(6) Concurrent Scan Root Regions
[2020-07-09T16:00:10.057+0000][4.206s] GC(6) Concurrent Scan Root Regions 5.901ms
[2020-07-09T16:00:10.057+0000][4.206s] GC(6) Concurrent Mark (4.206s)
[2020-07-09T16:00:10.057+0000][4.206s] GC(6) Concurrent Mark From Roots
[2020-07-09T16:00:10.057+0000][4.206s] GC(6) Using 1 workers of 1 for marking
[2020-07-09T16:00:10.109+0000][4.258s] GC(6) Concurrent Mark From Roots 52.664ms
[2020-07-09T16:00:10.110+0000][4.258s] GC(6) Concurrent Preclean
[2020-07-09T16:00:10.110+0000][4.259s] GC(6) Concurrent Preclean 0.284ms
[2020-07-09T16:00:10.110+0000][4.259s] GC(6) Concurrent Mark (4.206s, 4.259s) 53.018ms
[2020-07-09T16:00:10.110+0000][4.259s] GC(6) Pause Remark
[2020-07-09T16:00:10.118+0000][4.267s] GC(6) Cleaned string and symbol table, strings: 16926 processed, 22 removed, symbols: 108693 processed, 54 removed
[2020-07-09T16:00:10.118+0000][4.267s] GC(6) Pause Remark 32M->32M(512M) 7.886ms
[2020-07-09T16:00:10.118+0000][4.267s] GC(6) User=0.02s Sys=0.00s Real=0.01s
[2020-07-09T16:00:10.118+0000][4.267s] GC(6) Concurrent Rebuild Remembered Sets
[2020-07-09T16:00:10.150+0000][4.299s] GC(6) Concurrent Rebuild Remembered Sets 32.349ms
[2020-07-09T16:00:10.154+0000][4.303s] GC(6) Pause Cleanup
[2020-07-09T16:00:10.154+0000][4.303s] GC(6) Pause Cleanup 34M->34M(512M) 0.208ms
[2020-07-09T16:00:10.154+0000][4.303s] GC(6) User=0.00s Sys=0.00s Real=0.00s
[2020-07-09T16:00:10.155+0000][4.303s] GC(6) Concurrent Cleanup for Next Mark
[2020-07-09T16:00:10.156+0000][4.305s] GC(6) Concurrent Cleanup for Next Mark 1.425ms
[2020-07-09T16:00:10.156+0000][4.305s] GC(6) Concurrent Cycle 105.213ms
[2020-07-09T16:00:10.772+0000][4.921s] GC(7) Pause Young (Normal) (G1 Evacuation Pause)
[2020-07-09T16:00:10.772+0000][4.921s] GC(7) Using 4 workers of 4 for evacuation
[2020-07-09T16:00:10.793+0000][4.942s] GC(7)   Pre Evacuate Collection Set: 0.0ms
[2020-07-09T16:00:10.793+0000][4.942s] GC(7)   Evacuate Collection Set: 18.9ms
[2020-07-09T16:00:10.793+0000][4.942s] GC(7)   Post Evacuate Collection Set: 2.7ms
[2020-07-09T16:00:10.793+0000][4.942s] GC(7)   Other: 0.2ms
[2020-07-09T16:00:10.793+0000][4.942s] GC(7) Eden regions: 81->0(114)
[2020-07-09T16:00:10.793+0000][4.942s] GC(7) Survivor regions: 4->7(11)
[2020-07-09T16:00:10.794+0000][4.942s] GC(7) Old regions: 19->19
[2020-07-09T16:00:10.794+0000][4.942s] GC(7) Humongous regions: 5->4
[2020-07-09T16:00:10.794+0000][4.942s] GC(7) Metaspace: 40177K->40177K(1085440K)
[2020-07-09T16:00:10.794+0000][4.942s] GC(7) Pause Young (Normal) (G1 Evacuation Pause) 108M->29M(512M) 21.865ms
[2020-07-09T16:00:10.794+0000][4.942s] GC(7) User=0.09s Sys=0.00s Real=0.02s
[2020-07-09T16:00:11.705+0000][5.854s] GC(8) Pause Young (Normal) (G1 Evacuation Pause)
[2020-07-09T16:00:11.705+0000][5.854s] GC(8) Using 4 workers of 4 for evacuation
[2020-07-09T16:00:11.719+0000][5.868s] GC(8)   Pre Evacuate Collection Set: 0.0ms
[2020-07-09T16:00:11.719+0000][5.868s] GC(8)   Evacuate Collection Set: 12.5ms
[2020-07-09T16:00:11.719+0000][5.868s] GC(8)   Post Evacuate Collection Set: 1.2ms
[2020-07-09T16:00:11.719+0000][5.868s] GC(8)   Other: 0.2ms
[2020-07-09T16:00:11.719+0000][5.868s] GC(8) Eden regions: 114->0(158)
[2020-07-09T16:00:11.719+0000][5.868s] GC(8) Survivor regions: 7->9(16)
[2020-07-09T16:00:11.719+0000][5.868s] GC(8) Old regions: 19->19
[2020-07-09T16:00:11.719+0000][5.868s] GC(8) Humongous regions: 4->4
[2020-07-09T16:00:11.719+0000][5.868s] GC(8) Metaspace: 45411K->45411K(1089536K)
[2020-07-09T16:00:11.719+0000][5.868s] GC(8) Pause Young (Normal) (G1 Evacuation Pause) 143M->31M(512M) 13.937ms
[2020-07-09T16:00:11.719+0000][5.868s] GC(8) User=0.05s Sys=0.00s Real=0.02s
[2020-07-10T09:10:04.951+0000][1406.275s] GC(9) Pause Young (Normal) (G1 Evacuation Pause)
[2020-07-10T09:10:04.951+0000][1406.275s] GC(9) Using 4 workers of 4 for evacuation
[2020-07-10T09:10:04.985+0000][1406.310s] GC(9)   Pre Evacuate Collection Set: 0.1ms
[2020-07-10T09:10:04.985+0000][1406.310s] GC(9)   Evacuate Collection Set: 31.4ms
[2020-07-10T09:10:04.985+0000][1406.310s] GC(9)   Post Evacuate Collection Set: 2.4ms
[2020-07-10T09:10:04.985+0000][1406.310s] GC(9)   Other: 0.3ms
[2020-07-10T09:10:04.985+0000][1406.310s] GC(9) Eden regions: 158->0(293)
[2020-07-10T09:10:04.985+0000][1406.310s] GC(9) Survivor regions: 9->14(21)
[2020-07-10T09:10:04.985+0000][1406.310s] GC(9) Old regions: 19->19
[2020-07-10T09:10:04.985+0000][1406.310s] GC(9) Humongous regions: 4->4
[2020-07-10T09:10:04.985+0000][1406.310s] GC(9) Metaspace: 55894K->55894K(1099776K)
[2020-07-10T09:10:04.985+0000][1406.310s] GC(9) Pause Young (Normal) (G1 Evacuation Pause) 189M->36M(512M) 34.403ms
[2020-07-10T09:10:04.985+0000][1406.310s] GC(9) User=0.06s Sys=0.01s Real=0.04s
[2020-07-10T09:11:36.704+0000][1498.029s] Heap
[2020-07-10T09:11:36.704+0000][1498.029s]  garbage-first heap   total 524288K, used 51376K [0x00000000e0000000, 0x0000000100000000)
[2020-07-10T09:11:36.704+0000][1498.029s]   region size 1024K, 29 young (29696K), 14 survivors (14336K)
[2020-07-10T09:11:36.704+0000][1498.029s]  Metaspace       used 56264K, capacity 57380K, committed 57548K, reserved 1099776K
[2020-07-10T09:11:36.704+0000][1498.029s]   class space    used 6636K, capacity 7117K, committed 7168K, reserved 1048576K
>>>>>>> f1deafe8096b4efb8bd9cd65f052f5830b3df77d
