<<<<<<< HEAD
[2020-07-09T12:22:51.753+0000][0.005s] Heap region size: 1M
[2020-07-09T12:22:51.778+0000][0.031s] Using G1
[2020-07-09T12:22:51.778+0000][0.031s] Heap address: 0x00000000e0000000, size: 512 MB, Compressed Oops mode: 32-bit
[2020-07-09T12:22:52.567+0000][0.820s] GC(0) Pause Young (Normal) (G1 Evacuation Pause)
[2020-07-09T12:22:52.568+0000][0.820s] GC(0) Using 4 workers of 4 for evacuation
[2020-07-09T12:22:52.576+0000][0.828s] GC(0)   Pre Evacuate Collection Set: 0.0ms
[2020-07-09T12:22:52.576+0000][0.828s] GC(0)   Evacuate Collection Set: 6.6ms
[2020-07-09T12:22:52.576+0000][0.828s] GC(0)   Post Evacuate Collection Set: 1.2ms
[2020-07-09T12:22:52.576+0000][0.828s] GC(0)   Other: 0.6ms
[2020-07-09T12:22:52.576+0000][0.828s] GC(0) Eden regions: 25->0(304)
[2020-07-09T12:22:52.576+0000][0.828s] GC(0) Survivor regions: 0->3(4)
[2020-07-09T12:22:52.576+0000][0.828s] GC(0) Old regions: 0->0
[2020-07-09T12:22:52.576+0000][0.828s] GC(0) Humongous regions: 0->0
[2020-07-09T12:22:52.576+0000][0.828s] GC(0) Metaspace: 11944K->11944K(1060864K)
[2020-07-09T12:22:52.576+0000][0.828s] GC(0) Pause Young (Normal) (G1 Evacuation Pause) 25M->2M(512M) 8.591ms
[2020-07-09T12:22:52.576+0000][0.828s] GC(0) User=0.02s Sys=0.00s Real=0.01s
[2020-07-09T12:22:53.366+0000][1.619s] GC(1) Pause Young (Concurrent Start) (Metadata GC Threshold)
[2020-07-09T12:22:53.366+0000][1.619s] GC(1) Using 4 workers of 4 for evacuation
[2020-07-09T12:22:53.398+0000][1.650s] GC(1)   Pre Evacuate Collection Set: 0.0ms
[2020-07-09T12:22:53.398+0000][1.650s] GC(1)   Evacuate Collection Set: 23.9ms
[2020-07-09T12:22:53.398+0000][1.650s] GC(1)   Post Evacuate Collection Set: 7.1ms
[2020-07-09T12:22:53.398+0000][1.650s] GC(1)   Other: 0.2ms
[2020-07-09T12:22:53.398+0000][1.650s] GC(1) Eden regions: 30->0(34)
[2020-07-09T12:22:53.398+0000][1.650s] GC(1) Survivor regions: 3->12(39)
[2020-07-09T12:22:53.398+0000][1.650s] GC(1) Old regions: 0->0
[2020-07-09T12:22:53.398+0000][1.650s] GC(1) Humongous regions: 4->4
[2020-07-09T12:22:53.398+0000][1.650s] GC(1) Metaspace: 20628K->20628K(1069056K)
[2020-07-09T12:22:53.398+0000][1.650s] GC(1) Pause Young (Concurrent Start) (Metadata GC Threshold) 36M->16M(512M) 31.311ms
[2020-07-09T12:22:53.398+0000][1.650s] GC(1) User=0.07s Sys=0.01s Real=0.03s
[2020-07-09T12:22:53.398+0000][1.650s] GC(2) Concurrent Cycle
[2020-07-09T12:22:53.398+0000][1.650s] GC(2) Concurrent Clear Claimed Marks
[2020-07-09T12:22:53.398+0000][1.650s] GC(2) Concurrent Clear Claimed Marks 0.044ms
[2020-07-09T12:22:53.398+0000][1.650s] GC(2) Concurrent Scan Root Regions
[2020-07-09T12:22:53.414+0000][1.666s] GC(2) Concurrent Scan Root Regions 16.023ms
[2020-07-09T12:22:53.414+0000][1.666s] GC(2) Concurrent Mark (1.666s)
[2020-07-09T12:22:53.414+0000][1.666s] GC(2) Concurrent Mark From Roots
[2020-07-09T12:22:53.414+0000][1.666s] GC(2) Using 1 workers of 1 for marking
[2020-07-09T12:22:53.424+0000][1.676s] GC(2) Concurrent Mark From Roots 9.650ms
[2020-07-09T12:22:53.424+0000][1.676s] GC(2) Concurrent Preclean
[2020-07-09T12:22:53.424+0000][1.676s] GC(2) Concurrent Preclean 0.208ms
[2020-07-09T12:22:53.424+0000][1.676s] GC(2) Concurrent Mark (1.666s, 1.676s) 9.920ms
[2020-07-09T12:22:53.426+0000][1.679s] GC(2) Pause Remark
[2020-07-09T12:22:53.437+0000][1.689s] GC(2) Cleaned string and symbol table, strings: 10825 processed, 0 removed, symbols: 64183 processed, 18 removed
[2020-07-09T12:22:53.437+0000][1.690s] GC(2) Pause Remark 18M->18M(512M) 10.910ms
[2020-07-09T12:22:53.437+0000][1.690s] GC(2) User=0.02s Sys=0.00s Real=0.01s
[2020-07-09T12:22:53.437+0000][1.690s] GC(2) Concurrent Rebuild Remembered Sets
[2020-07-09T12:22:53.441+0000][1.693s] GC(2) Concurrent Rebuild Remembered Sets 3.604ms
[2020-07-09T12:22:53.441+0000][1.693s] GC(2) Pause Cleanup
[2020-07-09T12:22:53.441+0000][1.694s] GC(2) Pause Cleanup 18M->18M(512M) 0.145ms
[2020-07-09T12:22:53.441+0000][1.694s] GC(2) User=0.00s Sys=0.00s Real=0.00s
[2020-07-09T12:22:53.441+0000][1.694s] GC(2) Concurrent Cleanup for Next Mark
[2020-07-09T12:22:53.443+0000][1.695s] GC(2) Concurrent Cleanup for Next Mark 1.685ms
[2020-07-09T12:22:53.443+0000][1.695s] GC(2) Concurrent Cycle 45.379ms
[2020-07-09T12:22:53.993+0000][2.245s] GC(3) Pause Young (Normal) (G1 Evacuation Pause)
[2020-07-09T12:22:53.993+0000][2.245s] GC(3) Using 4 workers of 4 for evacuation
[2020-07-09T12:22:54.018+0000][2.270s] GC(3)   Pre Evacuate Collection Set: 0.0ms
[2020-07-09T12:22:54.018+0000][2.270s] GC(3)   Evacuate Collection Set: 20.9ms
[2020-07-09T12:22:54.018+0000][2.270s] GC(3)   Post Evacuate Collection Set: 4.2ms
[2020-07-09T12:22:54.018+0000][2.270s] GC(3)   Other: 0.1ms
[2020-07-09T12:22:54.018+0000][2.270s] GC(3) Eden regions: 31->0(40)
[2020-07-09T12:22:54.018+0000][2.270s] GC(3) Survivor regions: 12->6(6)
[2020-07-09T12:22:54.018+0000][2.270s] GC(3) Old regions: 0->13
[2020-07-09T12:22:54.018+0000][2.270s] GC(3) Humongous regions: 4->4
[2020-07-09T12:22:54.018+0000][2.270s] GC(3) Metaspace: 23112K->23112K(1071104K)
[2020-07-09T12:22:54.018+0000][2.270s] GC(3) Pause Young (Normal) (G1 Evacuation Pause) 47M->22M(512M) 25.349ms
[2020-07-09T12:22:54.018+0000][2.270s] GC(3) User=0.07s Sys=0.00s Real=0.02s
[2020-07-09T12:22:55.151+0000][3.403s] GC(4) Pause Young (Normal) (G1 Evacuation Pause)
[2020-07-09T12:22:55.151+0000][3.403s] GC(4) Using 4 workers of 4 for evacuation
[2020-07-09T12:22:55.159+0000][3.411s] GC(4)   Pre Evacuate Collection Set: 0.0ms
[2020-07-09T12:22:55.159+0000][3.411s] GC(4)   Evacuate Collection Set: 7.2ms
[2020-07-09T12:22:55.159+0000][3.411s] GC(4)   Post Evacuate Collection Set: 0.5ms
[2020-07-09T12:22:55.159+0000][3.411s] GC(4)   Other: 0.2ms
[2020-07-09T12:22:55.159+0000][3.411s] GC(4) Eden regions: 40->0(63)
[2020-07-09T12:22:55.159+0000][3.411s] GC(4) Survivor regions: 6->1(6)
[2020-07-09T12:22:55.159+0000][3.411s] GC(4) Old regions: 13->18
[2020-07-09T12:22:55.159+0000][3.411s] GC(4) Humongous regions: 4->4
[2020-07-09T12:22:55.159+0000][3.411s] GC(4) Metaspace: 27364K->27364K(1075200K)
[2020-07-09T12:22:55.159+0000][3.411s] GC(4) Pause Young (Normal) (G1 Evacuation Pause) 62M->22M(512M) 7.980ms
[2020-07-09T12:22:55.159+0000][3.411s] GC(4) User=0.01s Sys=0.00s Real=0.01s
[2020-07-09T12:22:55.961+0000][4.214s] GC(5) Pause Young (Concurrent Start) (Metadata GC Threshold)
[2020-07-09T12:22:55.961+0000][4.214s] GC(5) Using 4 workers of 4 for evacuation
[2020-07-09T12:22:55.973+0000][4.225s] GC(5)   Pre Evacuate Collection Set: 0.1ms
[2020-07-09T12:22:55.973+0000][4.225s] GC(5)   Evacuate Collection Set: 9.4ms
[2020-07-09T12:22:55.973+0000][4.225s] GC(5)   Post Evacuate Collection Set: 1.9ms
[2020-07-09T12:22:55.973+0000][4.225s] GC(5)   Other: 0.2ms
[2020-07-09T12:22:55.973+0000][4.225s] GC(5) Eden regions: 52->0(78)
[2020-07-09T12:22:55.973+0000][4.225s] GC(5) Survivor regions: 1->4(8)
[2020-07-09T12:22:55.973+0000][4.225s] GC(5) Old regions: 18->18
[2020-07-09T12:22:55.973+0000][4.225s] GC(5) Humongous regions: 4->4
[2020-07-09T12:22:55.973+0000][4.225s] GC(5) Metaspace: 34910K->34910K(1081344K)
[2020-07-09T12:22:55.973+0000][4.225s] GC(5) Pause Young (Concurrent Start) (Metadata GC Threshold) 74M->25M(512M) 11.641ms
[2020-07-09T12:22:55.973+0000][4.225s] GC(5) User=0.03s Sys=0.01s Real=0.01s
[2020-07-09T12:22:55.973+0000][4.225s] GC(6) Concurrent Cycle
[2020-07-09T12:22:55.973+0000][4.225s] GC(6) Concurrent Clear Claimed Marks
[2020-07-09T12:22:55.973+0000][4.225s] GC(6) Concurrent Clear Claimed Marks 0.052ms
[2020-07-09T12:22:55.973+0000][4.225s] GC(6) Concurrent Scan Root Regions
[2020-07-09T12:22:55.978+0000][4.231s] GC(6) Concurrent Scan Root Regions 5.171ms
[2020-07-09T12:22:55.978+0000][4.231s] GC(6) Concurrent Mark (4.231s)
[2020-07-09T12:22:55.978+0000][4.231s] GC(6) Concurrent Mark From Roots
[2020-07-09T12:22:55.978+0000][4.231s] GC(6) Using 1 workers of 1 for marking
[2020-07-09T12:22:56.018+0000][4.270s] GC(6) Concurrent Mark From Roots 39.471ms
[2020-07-09T12:22:56.018+0000][4.270s] GC(6) Concurrent Preclean
[2020-07-09T12:22:56.018+0000][4.270s] GC(6) Concurrent Preclean 0.219ms
[2020-07-09T12:22:56.018+0000][4.270s] GC(6) Concurrent Mark (4.231s, 4.270s) 39.746ms
[2020-07-09T12:22:56.019+0000][4.271s] GC(6) Pause Remark
[2020-07-09T12:22:56.026+0000][4.278s] GC(6) Cleaned string and symbol table, strings: 16797 processed, 22 removed, symbols: 107956 processed, 52 removed
[2020-07-09T12:22:56.026+0000][4.278s] GC(6) Pause Remark 30M->30M(512M) 7.332ms
[2020-07-09T12:22:56.026+0000][4.278s] GC(6) User=0.02s Sys=0.00s Real=0.00s
[2020-07-09T12:22:56.026+0000][4.278s] GC(6) Concurrent Rebuild Remembered Sets
[2020-07-09T12:22:56.050+0000][4.302s] GC(6) Concurrent Rebuild Remembered Sets 23.686ms
[2020-07-09T12:22:56.050+0000][4.302s] GC(6) Pause Cleanup
[2020-07-09T12:22:56.050+0000][4.302s] GC(6) Pause Cleanup 31M->31M(512M) 0.116ms
[2020-07-09T12:22:56.050+0000][4.302s] GC(6) User=0.00s Sys=0.00s Real=0.00s
[2020-07-09T12:22:56.050+0000][4.302s] GC(6) Concurrent Cleanup for Next Mark
[2020-07-09T12:22:56.052+0000][4.304s] GC(6) Concurrent Cleanup for Next Mark 1.612ms
[2020-07-09T12:22:56.052+0000][4.304s] GC(6) Concurrent Cycle 78.618ms
[2020-07-09T12:22:56.617+0000][4.869s] GC(7) Pause Young (Normal) (G1 Evacuation Pause)
[2020-07-09T12:22:56.617+0000][4.869s] GC(7) Using 4 workers of 4 for evacuation
[2020-07-09T12:22:56.652+0000][4.904s] GC(7)   Pre Evacuate Collection Set: 0.0ms
[2020-07-09T12:22:56.652+0000][4.904s] GC(7)   Evacuate Collection Set: 26.2ms
[2020-07-09T12:22:56.652+0000][4.904s] GC(7)   Post Evacuate Collection Set: 8.7ms
[2020-07-09T12:22:56.652+0000][4.904s] GC(7)   Other: 0.4ms
[2020-07-09T12:22:56.652+0000][4.904s] GC(7) Eden regions: 78->0(108)
[2020-07-09T12:22:56.652+0000][4.904s] GC(7) Survivor regions: 4->8(11)
[2020-07-09T12:22:56.652+0000][4.904s] GC(7) Old regions: 18->18
[2020-07-09T12:22:56.652+0000][4.904s] GC(7) Humongous regions: 5->4
[2020-07-09T12:22:56.652+0000][4.904s] GC(7) Metaspace: 39665K->39665K(1085440K)
[2020-07-09T12:22:56.652+0000][4.904s] GC(7) Pause Young (Normal) (G1 Evacuation Pause) 104M->29M(512M) 35.470ms
[2020-07-09T12:22:56.652+0000][4.904s] GC(7) User=0.07s Sys=0.00s Real=0.04s
[2020-07-09T12:22:57.007+0000][5.259s] GC(8) Pause Young (Normal) (GCLocker Initiated GC)
[2020-07-09T12:22:57.007+0000][5.259s] GC(8) Using 4 workers of 4 for evacuation
[2020-07-09T12:22:57.025+0000][5.278s] GC(8)   Pre Evacuate Collection Set: 0.0ms
[2020-07-09T12:22:57.025+0000][5.278s] GC(8)   Evacuate Collection Set: 18.0ms
[2020-07-09T12:22:57.025+0000][5.278s] GC(8)   Post Evacuate Collection Set: 0.5ms
[2020-07-09T12:22:57.025+0000][5.278s] GC(8)   Other: 0.2ms
[2020-07-09T12:22:57.025+0000][5.278s] GC(8) Eden regions: 109->0(206)
[2020-07-09T12:22:57.025+0000][5.278s] GC(8) Survivor regions: 8->9(15)
[2020-07-09T12:22:57.025+0000][5.278s] GC(8) Old regions: 18->18
[2020-07-09T12:22:57.025+0000][5.278s] GC(8) Humongous regions: 4->4
[2020-07-09T12:22:57.025+0000][5.278s] GC(8) Metaspace: 41564K->41564K(1087488K)
[2020-07-09T12:22:57.026+0000][5.278s] GC(8) Pause Young (Normal) (GCLocker Initiated GC) 138M->30M(512M) 18.824ms
[2020-07-09T12:22:57.026+0000][5.278s] GC(8) User=0.04s Sys=0.01s Real=0.02s
[2020-07-09T12:22:57.833+0000][6.085s] GC(9) Pause Young (Normal) (G1 Evacuation Pause)
[2020-07-09T12:22:57.833+0000][6.085s] GC(9) Using 4 workers of 4 for evacuation
[2020-07-09T12:22:57.871+0000][6.124s] GC(9)   Pre Evacuate Collection Set: 0.0ms
[2020-07-09T12:22:57.871+0000][6.124s] GC(9)   Evacuate Collection Set: 33.1ms
[2020-07-09T12:22:57.871+0000][6.124s] GC(9)   Post Evacuate Collection Set: 4.9ms
[2020-07-09T12:22:57.871+0000][6.124s] GC(9)   Other: 0.2ms
[2020-07-09T12:22:57.871+0000][6.124s] GC(9) Eden regions: 206->0(259)
[2020-07-09T12:22:57.871+0000][6.124s] GC(9) Survivor regions: 9->11(27)
[2020-07-09T12:22:57.871+0000][6.124s] GC(9) Old regions: 18->18
[2020-07-09T12:22:57.871+0000][6.124s] GC(9) Humongous regions: 4->4
[2020-07-09T12:22:57.871+0000][6.124s] GC(9) Metaspace: 47269K->47269K(1091584K)
[2020-07-09T12:22:57.871+0000][6.124s] GC(9) Pause Young (Normal) (G1 Evacuation Pause) 236M->32M(512M) 38.338ms
[2020-07-09T12:22:57.871+0000][6.124s] GC(9) User=0.09s Sys=0.01s Real=0.04s
[2020-07-09T12:31:48.027+0000][478.871s] Heap
[2020-07-09T12:31:48.027+0000][478.872s]  garbage-first heap   total 524288K, used 173008K [0x00000000e0000000, 0x0000000100000000)
[2020-07-09T12:31:48.028+0000][478.872s]   region size 1024K, 148 young (151552K), 11 survivors (11264K)
[2020-07-09T12:31:48.028+0000][478.872s]  Metaspace       used 56354K, capacity 57550K, committed 57804K, reserved 1099776K
[2020-07-09T12:31:48.028+0000][478.872s]   class space    used 6699K, capacity 7168K, committed 7168K, reserved 1048576K
=======
[2020-07-09T12:36:23.127+0000][0.005s] Heap region size: 1M
[2020-07-09T12:36:23.153+0000][0.031s] Using G1
[2020-07-09T12:36:23.153+0000][0.031s] Heap address: 0x00000000e0000000, size: 512 MB, Compressed Oops mode: 32-bit
[2020-07-09T12:36:23.959+0000][0.838s] GC(0) Pause Young (Normal) (G1 Evacuation Pause)
[2020-07-09T12:36:23.960+0000][0.838s] GC(0) Using 4 workers of 4 for evacuation
[2020-07-09T12:36:23.967+0000][0.846s] GC(0)   Pre Evacuate Collection Set: 0.0ms
[2020-07-09T12:36:23.968+0000][0.846s] GC(0)   Evacuate Collection Set: 6.4ms
[2020-07-09T12:36:23.968+0000][0.846s] GC(0)   Post Evacuate Collection Set: 1.2ms
[2020-07-09T12:36:23.968+0000][0.846s] GC(0)   Other: 0.6ms
[2020-07-09T12:36:23.968+0000][0.846s] GC(0) Eden regions: 25->0(304)
[2020-07-09T12:36:23.968+0000][0.846s] GC(0) Survivor regions: 0->3(4)
[2020-07-09T12:36:23.968+0000][0.846s] GC(0) Old regions: 0->0
[2020-07-09T12:36:23.968+0000][0.846s] GC(0) Humongous regions: 0->0
[2020-07-09T12:36:23.968+0000][0.846s] GC(0) Metaspace: 11929K->11929K(1060864K)
[2020-07-09T12:36:23.968+0000][0.846s] GC(0) Pause Young (Normal) (G1 Evacuation Pause) 25M->2M(512M) 8.293ms
[2020-07-09T12:36:23.968+0000][0.846s] GC(0) User=0.02s Sys=0.00s Real=0.01s
[2020-07-09T12:36:24.734+0000][1.613s] GC(1) Pause Young (Concurrent Start) (Metadata GC Threshold)
[2020-07-09T12:36:24.734+0000][1.613s] GC(1) Using 4 workers of 4 for evacuation
[2020-07-09T12:36:24.755+0000][1.634s] GC(1)   Pre Evacuate Collection Set: 0.0ms
[2020-07-09T12:36:24.755+0000][1.634s] GC(1)   Evacuate Collection Set: 19.6ms
[2020-07-09T12:36:24.755+0000][1.634s] GC(1)   Post Evacuate Collection Set: 1.5ms
[2020-07-09T12:36:24.755+0000][1.634s] GC(1)   Other: 0.2ms
[2020-07-09T12:36:24.755+0000][1.634s] GC(1) Eden regions: 29->0(34)
[2020-07-09T12:36:24.755+0000][1.634s] GC(1) Survivor regions: 3->12(39)
[2020-07-09T12:36:24.755+0000][1.634s] GC(1) Old regions: 0->0
[2020-07-09T12:36:24.755+0000][1.634s] GC(1) Humongous regions: 4->4
[2020-07-09T12:36:24.755+0000][1.634s] GC(1) Metaspace: 20559K->20559K(1069056K)
[2020-07-09T12:36:24.756+0000][1.634s] GC(1) Pause Young (Concurrent Start) (Metadata GC Threshold) 35M->15M(512M) 21.291ms
[2020-07-09T12:36:24.756+0000][1.634s] GC(1) User=0.05s Sys=0.01s Real=0.02s
[2020-07-09T12:36:24.756+0000][1.634s] GC(2) Concurrent Cycle
[2020-07-09T12:36:24.756+0000][1.634s] GC(2) Concurrent Clear Claimed Marks
[2020-07-09T12:36:24.756+0000][1.634s] GC(2) Concurrent Clear Claimed Marks 0.073ms
[2020-07-09T12:36:24.756+0000][1.634s] GC(2) Concurrent Scan Root Regions
[2020-07-09T12:36:24.769+0000][1.648s] GC(2) Concurrent Scan Root Regions 13.579ms
[2020-07-09T12:36:24.769+0000][1.648s] GC(2) Concurrent Mark (1.648s)
[2020-07-09T12:36:24.769+0000][1.648s] GC(2) Concurrent Mark From Roots
[2020-07-09T12:36:24.769+0000][1.648s] GC(2) Using 1 workers of 1 for marking
[2020-07-09T12:36:24.773+0000][1.652s] GC(2) Concurrent Mark From Roots 3.916ms
[2020-07-09T12:36:24.773+0000][1.652s] GC(2) Concurrent Preclean
[2020-07-09T12:36:24.773+0000][1.652s] GC(2) Concurrent Preclean 0.166ms
[2020-07-09T12:36:24.773+0000][1.652s] GC(2) Concurrent Mark (1.648s, 1.652s) 4.137ms
[2020-07-09T12:36:24.774+0000][1.652s] GC(2) Pause Remark
[2020-07-09T12:36:24.777+0000][1.656s] GC(2) Cleaned string and symbol table, strings: 10814 processed, 0 removed, symbols: 64117 processed, 18 removed
[2020-07-09T12:36:24.778+0000][1.656s] GC(2) Pause Remark 16M->16M(512M) 3.996ms
[2020-07-09T12:36:24.778+0000][1.656s] GC(2) User=0.01s Sys=0.00s Real=0.00s
[2020-07-09T12:36:24.778+0000][1.656s] GC(2) Concurrent Rebuild Remembered Sets
[2020-07-09T12:36:24.781+0000][1.659s] GC(2) Concurrent Rebuild Remembered Sets 3.140ms
[2020-07-09T12:36:24.781+0000][1.659s] GC(2) Pause Cleanup
[2020-07-09T12:36:24.781+0000][1.659s] GC(2) Pause Cleanup 16M->16M(512M) 0.131ms
[2020-07-09T12:36:24.781+0000][1.659s] GC(2) User=0.00s Sys=0.00s Real=0.00s
[2020-07-09T12:36:24.781+0000][1.659s] GC(2) Concurrent Cleanup for Next Mark
[2020-07-09T12:36:24.783+0000][1.661s] GC(2) Concurrent Cleanup for Next Mark 1.412ms
[2020-07-09T12:36:24.783+0000][1.661s] GC(2) Concurrent Cycle 27.031ms
[2020-07-09T12:36:25.302+0000][2.180s] GC(3) Pause Young (Normal) (G1 Evacuation Pause)
[2020-07-09T12:36:25.302+0000][2.180s] GC(3) Using 4 workers of 4 for evacuation
[2020-07-09T12:36:25.320+0000][2.198s] GC(3)   Pre Evacuate Collection Set: 0.0ms
[2020-07-09T12:36:25.320+0000][2.199s] GC(3)   Evacuate Collection Set: 17.5ms
[2020-07-09T12:36:25.320+0000][2.199s] GC(3)   Post Evacuate Collection Set: 0.6ms
[2020-07-09T12:36:25.320+0000][2.199s] GC(3)   Other: 0.1ms
[2020-07-09T12:36:25.320+0000][2.199s] GC(3) Eden regions: 30->0(40)
[2020-07-09T12:36:25.320+0000][2.199s] GC(3) Survivor regions: 12->6(6)
[2020-07-09T12:36:25.320+0000][2.199s] GC(3) Old regions: 0->13
[2020-07-09T12:36:25.320+0000][2.199s] GC(3) Humongous regions: 4->4
[2020-07-09T12:36:25.320+0000][2.199s] GC(3) Metaspace: 22909K->22909K(1071104K)
[2020-07-09T12:36:25.320+0000][2.199s] GC(3) Pause Young (Normal) (G1 Evacuation Pause) 45M->22M(512M) 18.315ms
[2020-07-09T12:36:25.320+0000][2.199s] GC(3) User=0.07s Sys=0.00s Real=0.02s
[2020-07-09T12:36:26.129+0000][3.007s] GC(4) Pause Young (Normal) (G1 Evacuation Pause)
[2020-07-09T12:36:26.129+0000][3.007s] GC(4) Using 4 workers of 4 for evacuation
[2020-07-09T12:36:26.136+0000][3.014s] GC(4)   Pre Evacuate Collection Set: 0.0ms
[2020-07-09T12:36:26.136+0000][3.014s] GC(4)   Evacuate Collection Set: 6.4ms
[2020-07-09T12:36:26.136+0000][3.014s] GC(4)   Post Evacuate Collection Set: 0.4ms
[2020-07-09T12:36:26.136+0000][3.014s] GC(4)   Other: 0.2ms
[2020-07-09T12:36:26.136+0000][3.014s] GC(4) Eden regions: 40->0(63)
[2020-07-09T12:36:26.136+0000][3.014s] GC(4) Survivor regions: 6->1(6)
[2020-07-09T12:36:26.136+0000][3.014s] GC(4) Old regions: 13->19
[2020-07-09T12:36:26.136+0000][3.014s] GC(4) Humongous regions: 4->4
[2020-07-09T12:36:26.136+0000][3.014s] GC(4) Metaspace: 26341K->26341K(1073152K)
[2020-07-09T12:36:26.136+0000][3.014s] GC(4) Pause Young (Normal) (G1 Evacuation Pause) 62M->24M(512M) 7.121ms
[2020-07-09T12:36:26.136+0000][3.014s] GC(4) User=0.03s Sys=0.00s Real=0.00s
[2020-07-09T12:36:27.222+0000][4.101s] GC(5) Pause Young (Concurrent Start) (Metadata GC Threshold)
[2020-07-09T12:36:27.222+0000][4.101s] GC(5) Using 4 workers of 4 for evacuation
[2020-07-09T12:36:27.234+0000][4.112s] GC(5)   Pre Evacuate Collection Set: 0.1ms
[2020-07-09T12:36:27.234+0000][4.112s] GC(5)   Evacuate Collection Set: 8.6ms
[2020-07-09T12:36:27.234+0000][4.112s] GC(5)   Post Evacuate Collection Set: 2.6ms
[2020-07-09T12:36:27.234+0000][4.112s] GC(5)   Other: 0.2ms
[2020-07-09T12:36:27.234+0000][4.112s] GC(5) Eden regions: 59->0(89)
[2020-07-09T12:36:27.234+0000][4.112s] GC(5) Survivor regions: 1->4(8)
[2020-07-09T12:36:27.234+0000][4.112s] GC(5) Old regions: 19->19
[2020-07-09T12:36:27.234+0000][4.112s] GC(5) Humongous regions: 4->4
[2020-07-09T12:36:27.234+0000][4.112s] GC(5) Metaspace: 34922K->34922K(1081344K)
[2020-07-09T12:36:27.234+0000][4.112s] GC(5) Pause Young (Concurrent Start) (Metadata GC Threshold) 83M->26M(512M) 11.509ms
[2020-07-09T12:36:27.234+0000][4.112s] GC(5) User=0.03s Sys=0.01s Real=0.01s
[2020-07-09T12:36:27.234+0000][4.112s] GC(6) Concurrent Cycle
[2020-07-09T12:36:27.234+0000][4.112s] GC(6) Concurrent Clear Claimed Marks
[2020-07-09T12:36:27.234+0000][4.112s] GC(6) Concurrent Clear Claimed Marks 0.056ms
[2020-07-09T12:36:27.234+0000][4.112s] GC(6) Concurrent Scan Root Regions
[2020-07-09T12:36:27.240+0000][4.118s] GC(6) Concurrent Scan Root Regions 6.102ms
[2020-07-09T12:36:27.240+0000][4.119s] GC(6) Concurrent Mark (4.119s)
[2020-07-09T12:36:27.240+0000][4.119s] GC(6) Concurrent Mark From Roots
[2020-07-09T12:36:27.240+0000][4.119s] GC(6) Using 1 workers of 1 for marking
[2020-07-09T12:36:27.291+0000][4.169s] GC(6) Concurrent Mark From Roots 50.758ms
[2020-07-09T12:36:27.291+0000][4.169s] GC(6) Concurrent Preclean
[2020-07-09T12:36:27.291+0000][4.170s] GC(6) Concurrent Preclean 0.313ms
[2020-07-09T12:36:27.291+0000][4.170s] GC(6) Concurrent Mark (4.119s, 4.170s) 51.144ms
[2020-07-09T12:36:27.292+0000][4.170s] GC(6) Pause Remark
[2020-07-09T12:36:27.297+0000][4.175s] GC(6) Cleaned string and symbol table, strings: 16831 processed, 22 removed, symbols: 108156 processed, 52 removed
[2020-07-09T12:36:27.297+0000][4.175s] GC(6) Pause Remark 30M->30M(512M) 5.534ms
[2020-07-09T12:36:27.297+0000][4.176s] GC(6) User=0.02s Sys=0.01s Real=0.00s
[2020-07-09T12:36:27.297+0000][4.176s] GC(6) Concurrent Rebuild Remembered Sets
[2020-07-09T12:36:27.335+0000][4.213s] GC(6) Concurrent Rebuild Remembered Sets 37.633ms
[2020-07-09T12:36:27.335+0000][4.213s] GC(6) Pause Cleanup
[2020-07-09T12:36:27.335+0000][4.214s] GC(6) Pause Cleanup 33M->33M(512M) 0.151ms
[2020-07-09T12:36:27.335+0000][4.214s] GC(6) User=0.00s Sys=0.00s Real=0.00s
[2020-07-09T12:36:27.335+0000][4.214s] GC(6) Concurrent Cleanup for Next Mark
[2020-07-09T12:36:27.337+0000][4.215s] GC(6) Concurrent Cleanup for Next Mark 1.656ms
[2020-07-09T12:36:27.337+0000][4.215s] GC(6) Concurrent Cycle 103.048ms
[2020-07-09T12:36:28.028+0000][4.906s] GC(7) Pause Young (Normal) (G1 Evacuation Pause)
[2020-07-09T12:36:28.028+0000][4.906s] GC(7) Using 4 workers of 4 for evacuation
[2020-07-09T12:36:28.043+0000][4.922s] GC(7)   Pre Evacuate Collection Set: 0.0ms
[2020-07-09T12:36:28.043+0000][4.922s] GC(7)   Evacuate Collection Set: 8.8ms
[2020-07-09T12:36:28.043+0000][4.922s] GC(7)   Post Evacuate Collection Set: 6.8ms
[2020-07-09T12:36:28.043+0000][4.922s] GC(7)   Other: 0.2ms
[2020-07-09T12:36:28.043+0000][4.922s] GC(7) Eden regions: 89->0(126)
[2020-07-09T12:36:28.043+0000][4.922s] GC(7) Survivor regions: 4->7(12)
[2020-07-09T12:36:28.043+0000][4.922s] GC(7) Old regions: 19->19
[2020-07-09T12:36:28.043+0000][4.922s] GC(7) Humongous regions: 4->4
[2020-07-09T12:36:28.043+0000][4.922s] GC(7) Metaspace: 38918K->38918K(1085440K)
[2020-07-09T12:36:28.043+0000][4.922s] GC(7) Pause Young (Normal) (G1 Evacuation Pause) 115M->29M(512M) 15.882ms
[2020-07-09T12:36:28.043+0000][4.922s] GC(7) User=0.04s Sys=0.01s Real=0.01s
[2020-07-09T12:36:28.508+0000][5.386s] GC(8) Pause Young (Normal) (G1 Evacuation Pause)
[2020-07-09T12:36:28.508+0000][5.386s] GC(8) Using 4 workers of 4 for evacuation
[2020-07-09T12:36:28.521+0000][5.399s] GC(8)   Pre Evacuate Collection Set: 0.0ms
[2020-07-09T12:36:28.521+0000][5.399s] GC(8)   Evacuate Collection Set: 11.9ms
[2020-07-09T12:36:28.521+0000][5.399s] GC(8)   Post Evacuate Collection Set: 0.6ms
[2020-07-09T12:36:28.521+0000][5.399s] GC(8)   Other: 0.2ms
[2020-07-09T12:36:28.521+0000][5.399s] GC(8) Eden regions: 126->0(299)
[2020-07-09T12:36:28.521+0000][5.399s] GC(8) Survivor regions: 7->8(17)
[2020-07-09T12:36:28.521+0000][5.399s] GC(8) Old regions: 19->19
[2020-07-09T12:36:28.521+0000][5.399s] GC(8) Humongous regions: 5->4
[2020-07-09T12:36:28.521+0000][5.399s] GC(8) Metaspace: 40979K->40979K(1085440K)
[2020-07-09T12:36:28.521+0000][5.399s] GC(8) Pause Young (Normal) (G1 Evacuation Pause) 156M->30M(512M) 12.829ms
[2020-07-09T12:36:28.521+0000][5.399s] GC(8) User=0.04s Sys=0.01s Real=0.01s
[2020-07-09T12:37:52.323+0000][89.201s] Heap
[2020-07-09T12:37:52.323+0000][89.201s]  garbage-first heap   total 524288K, used 209402K [0x00000000e0000000, 0x0000000100000000)
[2020-07-09T12:37:52.323+0000][89.201s]   region size 1024K, 183 young (187392K), 8 survivors (8192K)
[2020-07-09T12:37:52.323+0000][89.201s]  Metaspace       used 51889K, capacity 53019K, committed 53196K, reserved 1095680K
[2020-07-09T12:37:52.323+0000][89.201s]   class space    used 6199K, capacity 6641K, committed 6656K, reserved 1048576K
>>>>>>> f1deafe8096b4efb8bd9cd65f052f5830b3df77d
