[2020-07-08T16:19:44.548+0000][0.005s] Heap region size: 1M
[2020-07-08T16:19:44.616+0000][0.072s] Using G1
[2020-07-08T16:19:44.616+0000][0.072s] Heap address: 0x00000000e0000000, size: 512 MB, Compressed Oops mode: 32-bit
[2020-07-08T16:19:45.298+0000][0.755s] GC(0) Pause Young (Normal) (G1 Evacuation Pause)
[2020-07-08T16:19:45.299+0000][0.755s] GC(0) Using 4 workers of 4 for evacuation
[2020-07-08T16:19:45.304+0000][0.761s] GC(0)   Pre Evacuate Collection Set: 0.0ms
[2020-07-08T16:19:45.304+0000][0.761s] GC(0)   Evacuate Collection Set: 4.1ms
[2020-07-08T16:19:45.304+0000][0.761s] GC(0)   Post Evacuate Collection Set: 1.3ms
[2020-07-08T16:19:45.304+0000][0.761s] GC(0)   Other: 0.7ms
[2020-07-08T16:19:45.304+0000][0.761s] GC(0) Eden regions: 25->0(304)
[2020-07-08T16:19:45.304+0000][0.761s] GC(0) Survivor regions: 0->3(4)
[2020-07-08T16:19:45.304+0000][0.761s] GC(0) Old regions: 0->0
[2020-07-08T16:19:45.304+0000][0.761s] GC(0) Humongous regions: 0->0
[2020-07-08T16:19:45.304+0000][0.761s] GC(0) Metaspace: 11940K->11940K(1060864K)
[2020-07-08T16:19:45.304+0000][0.761s] GC(0) Pause Young (Normal) (G1 Evacuation Pause) 25M->2M(512M) 6.114ms
[2020-07-08T16:19:45.304+0000][0.761s] GC(0) User=0.01s Sys=0.00s Real=0.00s
[2020-07-08T16:19:46.017+0000][1.474s] GC(1) Pause Young (Concurrent Start) (Metadata GC Threshold)
[2020-07-08T16:19:46.017+0000][1.474s] GC(1) Using 4 workers of 4 for evacuation
[2020-07-08T16:19:46.037+0000][1.494s] GC(1)   Pre Evacuate Collection Set: 0.0ms
[2020-07-08T16:19:46.038+0000][1.494s] GC(1)   Evacuate Collection Set: 18.7ms
[2020-07-08T16:19:46.038+0000][1.494s] GC(1)   Post Evacuate Collection Set: 1.4ms
[2020-07-08T16:19:46.038+0000][1.494s] GC(1)   Other: 0.2ms
[2020-07-08T16:19:46.038+0000][1.494s] GC(1) Eden regions: 34->0(39)
[2020-07-08T16:19:46.038+0000][1.494s] GC(1) Survivor regions: 3->13(39)
[2020-07-08T16:19:46.038+0000][1.494s] GC(1) Old regions: 0->0
[2020-07-08T16:19:46.038+0000][1.494s] GC(1) Humongous regions: 4->4
[2020-07-08T16:19:46.038+0000][1.494s] GC(1) Metaspace: 20771K->20771K(1069056K)
[2020-07-08T16:19:46.038+0000][1.494s] GC(1) Pause Young (Concurrent Start) (Metadata GC Threshold) 40M->16M(512M) 20.411ms
[2020-07-08T16:19:46.038+0000][1.494s] GC(1) User=0.06s Sys=0.00s Real=0.02s
[2020-07-08T16:19:46.038+0000][1.494s] GC(2) Concurrent Cycle
[2020-07-08T16:19:46.038+0000][1.494s] GC(2) Concurrent Clear Claimed Marks
[2020-07-08T16:19:46.038+0000][1.494s] GC(2) Concurrent Clear Claimed Marks 0.036ms
[2020-07-08T16:19:46.038+0000][1.494s] GC(2) Concurrent Scan Root Regions
[2020-07-08T16:19:46.056+0000][1.512s] GC(2) Concurrent Scan Root Regions 17.911ms
[2020-07-08T16:19:46.056+0000][1.512s] GC(2) Concurrent Mark (1.512s)
[2020-07-08T16:19:46.056+0000][1.512s] GC(2) Concurrent Mark From Roots
[2020-07-08T16:19:46.056+0000][1.512s] GC(2) Using 1 workers of 1 for marking
[2020-07-08T16:19:46.068+0000][1.524s] GC(2) Concurrent Mark From Roots 11.922ms
[2020-07-08T16:19:46.068+0000][1.524s] GC(2) Concurrent Preclean
[2020-07-08T16:19:46.068+0000][1.524s] GC(2) Concurrent Preclean 0.205ms
[2020-07-08T16:19:46.068+0000][1.524s] GC(2) Concurrent Mark (1.512s, 1.524s) 12.197ms
[2020-07-08T16:19:46.068+0000][1.524s] GC(2) Pause Remark
[2020-07-08T16:19:46.073+0000][1.529s] GC(2) Cleaned string and symbol table, strings: 10913 processed, 0 removed, symbols: 64509 processed, 18 removed
[2020-07-08T16:19:46.073+0000][1.530s] GC(2) Pause Remark 16M->16M(512M) 5.256ms
[2020-07-08T16:19:46.073+0000][1.530s] GC(2) User=0.02s Sys=0.00s Real=0.00s
[2020-07-08T16:19:46.073+0000][1.530s] GC(2) Concurrent Rebuild Remembered Sets
[2020-07-08T16:19:46.078+0000][1.535s] GC(2) Concurrent Rebuild Remembered Sets 5.168ms
[2020-07-08T16:19:46.079+0000][1.535s] GC(2) Pause Cleanup
[2020-07-08T16:19:46.079+0000][1.535s] GC(2) Pause Cleanup 17M->17M(512M) 0.147ms
[2020-07-08T16:19:46.079+0000][1.535s] GC(2) User=0.00s Sys=0.00s Real=0.00s
[2020-07-08T16:19:46.079+0000][1.535s] GC(2) Concurrent Cleanup for Next Mark
[2020-07-08T16:19:46.080+0000][1.536s] GC(2) Concurrent Cleanup for Next Mark 1.316ms
[2020-07-08T16:19:46.080+0000][1.537s] GC(2) Concurrent Cycle 42.540ms
[2020-07-08T16:19:46.607+0000][2.063s] GC(3) Pause Young (Normal) (G1 Evacuation Pause)
[2020-07-08T16:19:46.607+0000][2.063s] GC(3) Using 4 workers of 4 for evacuation
[2020-07-08T16:19:46.630+0000][2.087s] GC(3)   Pre Evacuate Collection Set: 0.0ms
[2020-07-08T16:19:46.631+0000][2.087s] GC(3)   Evacuate Collection Set: 21.7ms
[2020-07-08T16:19:46.631+0000][2.087s] GC(3)   Post Evacuate Collection Set: 1.6ms
[2020-07-08T16:19:46.631+0000][2.087s] GC(3)   Other: 0.2ms
[2020-07-08T16:19:46.631+0000][2.087s] GC(3) Eden regions: 35->0(301)
[2020-07-08T16:19:46.631+0000][2.087s] GC(3) Survivor regions: 13->6(6)
[2020-07-08T16:19:46.631+0000][2.087s] GC(3) Old regions: 0->14
[2020-07-08T16:19:46.631+0000][2.087s] GC(3) Humongous regions: 4->4
[2020-07-08T16:19:46.631+0000][2.087s] GC(3) Metaspace: 23976K->23976K(1071104K)
[2020-07-08T16:19:46.631+0000][2.087s] GC(3) Pause Young (Normal) (G1 Evacuation Pause) 51M->23M(512M) 23.690ms
[2020-07-08T16:19:46.631+0000][2.087s] GC(3) User=0.07s Sys=0.01s Real=0.02s
[2020-07-08T16:19:48.117+0000][3.573s] GC(4) Pause Young (Concurrent Start) (Metadata GC Threshold)
[2020-07-08T16:19:48.117+0000][3.573s] GC(4) Using 4 workers of 4 for evacuation
[2020-07-08T16:19:48.126+0000][3.582s] GC(4)   Pre Evacuate Collection Set: 0.1ms
[2020-07-08T16:19:48.126+0000][3.582s] GC(4)   Evacuate Collection Set: 7.6ms
[2020-07-08T16:19:48.126+0000][3.582s] GC(4)   Post Evacuate Collection Set: 1.3ms
[2020-07-08T16:19:48.126+0000][3.582s] GC(4)   Other: 0.2ms
[2020-07-08T16:19:48.126+0000][3.582s] GC(4) Eden regions: 90->0(101)
[2020-07-08T16:19:48.126+0000][3.582s] GC(4) Survivor regions: 6->9(39)
[2020-07-08T16:19:48.126+0000][3.582s] GC(4) Old regions: 14->14
[2020-07-08T16:19:48.126+0000][3.582s] GC(4) Humongous regions: 4->4
[2020-07-08T16:19:48.126+0000][3.582s] GC(4) Metaspace: 34868K->34868K(1081344K)
[2020-07-08T16:19:48.126+0000][3.582s] GC(4) Pause Young (Concurrent Start) (Metadata GC Threshold) 113M->26M(512M) 9.225ms
[2020-07-08T16:19:48.126+0000][3.582s] GC(4) User=0.03s Sys=0.00s Real=0.00s
[2020-07-08T16:19:48.126+0000][3.582s] GC(5) Concurrent Cycle
[2020-07-08T16:19:48.126+0000][3.582s] GC(5) Concurrent Clear Claimed Marks
[2020-07-08T16:19:48.126+0000][3.582s] GC(5) Concurrent Clear Claimed Marks 0.053ms
[2020-07-08T16:19:48.126+0000][3.582s] GC(5) Concurrent Scan Root Regions
[2020-07-08T16:19:48.133+0000][3.589s] GC(5) Concurrent Scan Root Regions 7.096ms
[2020-07-08T16:19:48.133+0000][3.589s] GC(5) Concurrent Mark (3.589s)
[2020-07-08T16:19:48.133+0000][3.589s] GC(5) Concurrent Mark From Roots
[2020-07-08T16:19:48.133+0000][3.589s] GC(5) Using 1 workers of 1 for marking
[2020-07-08T16:19:48.183+0000][3.639s] GC(5) Concurrent Mark From Roots 49.932ms
[2020-07-08T16:19:48.183+0000][3.639s] GC(5) Concurrent Preclean
[2020-07-08T16:19:48.183+0000][3.640s] GC(5) Concurrent Preclean 0.251ms
[2020-07-08T16:19:48.183+0000][3.640s] GC(5) Concurrent Mark (3.589s, 3.640s) 50.251ms
[2020-07-08T16:19:48.187+0000][3.643s] GC(5) Pause Remark
[2020-07-08T16:19:48.191+0000][3.648s] GC(5) Cleaned string and symbol table, strings: 16837 processed, 21 removed, symbols: 107706 processed, 52 removed
[2020-07-08T16:19:48.192+0000][3.648s] GC(5) Pause Remark 30M->30M(512M) 4.510ms
[2020-07-08T16:19:48.192+0000][3.648s] GC(5) User=0.01s Sys=0.00s Real=0.00s
[2020-07-08T16:19:48.192+0000][3.648s] GC(5) Concurrent Rebuild Remembered Sets
[2020-07-08T16:19:48.221+0000][3.677s] GC(5) Concurrent Rebuild Remembered Sets 28.782ms
[2020-07-08T16:19:48.221+0000][3.677s] GC(5) Pause Cleanup
[2020-07-08T16:19:48.221+0000][3.677s] GC(5) Pause Cleanup 32M->32M(512M) 0.137ms
[2020-07-08T16:19:48.221+0000][3.677s] GC(5) User=0.00s Sys=0.00s Real=0.00s
[2020-07-08T16:19:48.221+0000][3.677s] GC(5) Concurrent Cleanup for Next Mark
[2020-07-08T16:19:48.222+0000][3.679s] GC(5) Concurrent Cleanup for Next Mark 1.571ms
[2020-07-08T16:19:48.223+0000][3.679s] GC(5) Concurrent Cycle 96.676ms
[2020-07-08T16:19:49.017+0000][4.474s] GC(6) Pause Young (Normal) (G1 Evacuation Pause)
[2020-07-08T16:19:49.017+0000][4.474s] GC(6) Using 4 workers of 4 for evacuation
[2020-07-08T16:19:49.028+0000][4.485s] GC(6)   Pre Evacuate Collection Set: 0.0ms
[2020-07-08T16:19:49.029+0000][4.485s] GC(6)   Evacuate Collection Set: 9.7ms
[2020-07-08T16:19:49.029+0000][4.485s] GC(6)   Post Evacuate Collection Set: 1.3ms
[2020-07-08T16:19:49.029+0000][4.485s] GC(6)   Other: 0.2ms
[2020-07-08T16:19:49.029+0000][4.485s] GC(6) Eden regions: 103->0(126)
[2020-07-08T16:19:49.029+0000][4.485s] GC(6) Survivor regions: 9->9(14)
[2020-07-08T16:19:49.029+0000][4.485s] GC(6) Old regions: 14->19
[2020-07-08T16:19:49.029+0000][4.485s] GC(6) Humongous regions: 5->4
[2020-07-08T16:19:49.029+0000][4.485s] GC(6) Metaspace: 40803K->40803K(1085440K)
[2020-07-08T16:19:49.029+0000][4.485s] GC(6) Pause Young (Normal) (G1 Evacuation Pause) 130M->31M(512M) 11.329ms
[2020-07-08T16:19:49.029+0000][4.485s] GC(6) User=0.04s Sys=0.00s Real=0.01s
[2020-07-08T16:19:49.371+0000][4.827s] GC(7) Pause Young (Normal) (G1 Evacuation Pause)
[2020-07-08T16:19:49.371+0000][4.827s] GC(7) Using 4 workers of 4 for evacuation
[2020-07-08T16:19:49.380+0000][4.836s] GC(7)   Pre Evacuate Collection Set: 0.0ms
[2020-07-08T16:19:49.380+0000][4.836s] GC(7)   Evacuate Collection Set: 8.1ms
[2020-07-08T16:19:49.380+0000][4.836s] GC(7)   Post Evacuate Collection Set: 0.5ms
[2020-07-08T16:19:49.380+0000][4.836s] GC(7)   Other: 0.1ms
[2020-07-08T16:19:49.380+0000][4.836s] GC(7) Eden regions: 126->0(298)
[2020-07-08T16:19:49.380+0000][4.836s] GC(7) Survivor regions: 9->9(17)
[2020-07-08T16:19:49.380+0000][4.836s] GC(7) Old regions: 19->19
[2020-07-08T16:19:49.380+0000][4.836s] GC(7) Humongous regions: 4->4
[2020-07-08T16:19:49.380+0000][4.836s] GC(7) Metaspace: 42002K->42002K(1087488K)
[2020-07-08T16:19:49.380+0000][4.836s] GC(7) Pause Young (Normal) (G1 Evacuation Pause) 157M->31M(512M) 8.809ms
[2020-07-08T16:19:49.380+0000][4.836s] GC(7) User=0.03s Sys=0.00s Real=0.01s
[2020-07-08T16:22:13.273+0000][148.729s] GC(8) Pause Young (Normal) (G1 Evacuation Pause)
[2020-07-08T16:22:13.273+0000][148.729s] GC(8) Using 4 workers of 4 for evacuation
[2020-07-08T16:22:13.292+0000][148.749s] GC(8)   Pre Evacuate Collection Set: 0.0ms
[2020-07-08T16:22:13.293+0000][148.749s] GC(8)   Evacuate Collection Set: 18.2ms
[2020-07-08T16:22:13.293+0000][148.749s] GC(8)   Post Evacuate Collection Set: 1.5ms
[2020-07-08T16:22:13.293+0000][148.749s] GC(8)   Other: 0.2ms
[2020-07-08T16:22:13.293+0000][148.749s] GC(8) Eden regions: 298->0(289)
[2020-07-08T16:22:13.293+0000][148.749s] GC(8) Survivor regions: 9->18(39)
[2020-07-08T16:22:13.293+0000][148.749s] GC(8) Old regions: 19->19
[2020-07-08T16:22:13.293+0000][148.749s] GC(8) Humongous regions: 4->4
[2020-07-08T16:22:13.293+0000][148.749s] GC(8) Metaspace: 54806K->54806K(1097728K)
[2020-07-08T16:22:13.293+0000][148.749s] GC(8) Pause Young (Normal) (G1 Evacuation Pause) 329M->40M(512M) 19.950ms
[2020-07-08T16:22:13.293+0000][148.749s] GC(8) User=0.07s Sys=0.00s Real=0.02s
[2020-07-08T16:29:08.578+0000][564.035s] GC(9) Pause Young (Concurrent Start) (Metadata GC Threshold)
[2020-07-08T16:29:08.579+0000][564.035s] GC(9) Using 4 workers of 4 for evacuation
[2020-07-08T16:29:08.625+0000][564.082s] GC(9)   Pre Evacuate Collection Set: 0.1ms
[2020-07-08T16:29:08.626+0000][564.082s] GC(9)   Evacuate Collection Set: 44.8ms
[2020-07-08T16:29:08.626+0000][564.082s] GC(9)   Post Evacuate Collection Set: 1.5ms
[2020-07-08T16:29:08.626+0000][564.082s] GC(9)   Other: 0.7ms
[2020-07-08T16:29:08.626+0000][564.082s] GC(9) Eden regions: 109->0(287)
[2020-07-08T16:29:08.626+0000][564.082s] GC(9) Survivor regions: 18->20(39)
[2020-07-08T16:29:08.626+0000][564.082s] GC(9) Old regions: 19->19
[2020-07-08T16:29:08.626+0000][564.082s] GC(9) Humongous regions: 7->7
[2020-07-08T16:29:08.626+0000][564.082s] GC(9) Metaspace: 58960K->58960K(1101824K)
[2020-07-08T16:29:08.626+0000][564.082s] GC(9) Pause Young (Concurrent Start) (Metadata GC Threshold) 151M->45M(512M) 47.197ms
[2020-07-08T16:29:08.626+0000][564.082s] GC(9) User=0.09s Sys=0.00s Real=0.04s
[2020-07-08T16:29:08.626+0000][564.082s] GC(10) Concurrent Cycle
[2020-07-08T16:29:08.626+0000][564.082s] GC(10) Concurrent Clear Claimed Marks
[2020-07-08T16:29:08.626+0000][564.082s] GC(10) Concurrent Clear Claimed Marks 0.099ms
[2020-07-08T16:29:08.626+0000][564.082s] GC(10) Concurrent Scan Root Regions
[2020-07-08T16:29:08.651+0000][564.107s] GC(10) Concurrent Scan Root Regions 24.681ms
[2020-07-08T16:29:08.651+0000][564.107s] GC(10) Concurrent Mark (564.107s)
[2020-07-08T16:29:08.651+0000][564.107s] GC(10) Concurrent Mark From Roots
[2020-07-08T16:29:08.651+0000][564.107s] GC(10) Using 1 workers of 1 for marking
[2020-07-08T16:29:08.719+0000][564.175s] GC(10) Concurrent Mark From Roots 68.368ms
[2020-07-08T16:29:08.719+0000][564.175s] GC(10) Concurrent Preclean
[2020-07-08T16:29:08.719+0000][564.176s] GC(10) Concurrent Preclean 0.375ms
[2020-07-08T16:29:08.719+0000][564.176s] GC(10) Concurrent Mark (564.107s, 564.176s) 68.813ms
[2020-07-08T16:29:08.720+0000][564.176s] GC(10) Pause Remark
[2020-07-08T16:29:08.739+0000][564.195s] GC(10) Cleaned string and symbol table, strings: 29282 processed, 889 removed, symbols: 165509 processed, 649 removed
[2020-07-08T16:29:08.739+0000][564.196s] GC(10) Pause Remark 48M->48M(512M) 19.916ms
[2020-07-08T16:29:08.740+0000][564.196s] GC(10) User=0.05s Sys=0.00s Real=0.02s
[2020-07-08T16:29:08.740+0000][564.196s] GC(10) Concurrent Rebuild Remembered Sets
[2020-07-08T16:29:08.767+0000][564.223s] GC(10) Concurrent Rebuild Remembered Sets 26.977ms
[2020-07-08T16:29:08.767+0000][564.223s] GC(10) Pause Cleanup
[2020-07-08T16:29:08.767+0000][564.223s] GC(10) Pause Cleanup 48M->48M(512M) 0.176ms
[2020-07-08T16:29:08.767+0000][564.223s] GC(10) User=0.00s Sys=0.00s Real=0.00s
[2020-07-08T16:29:08.767+0000][564.223s] GC(10) Concurrent Cleanup for Next Mark
[2020-07-08T16:29:08.768+0000][564.225s] GC(10) Concurrent Cleanup for Next Mark 1.280ms
[2020-07-08T16:29:08.768+0000][564.225s] GC(10) Concurrent Cycle 142.531ms
[2020-07-08T16:30:21.941+0000][637.397s] Heap
[2020-07-08T16:30:21.941+0000][637.397s]  garbage-first heap   total 524288K, used 70724K [0x00000000e0000000, 0x0000000100000000)
[2020-07-08T16:30:21.941+0000][637.397s]   region size 1024K, 46 young (47104K), 20 survivors (20480K)
[2020-07-08T16:30:21.941+0000][637.397s]  Metaspace       used 59044K, capacity 60192K, committed 60672K, reserved 1101824K
[2020-07-08T16:30:21.941+0000][637.397s]   class space    used 6875K, capacity 7350K, committed 7552K, reserved 1048576K
