[2020-07-08T16:30:27.323+0000][0.005s] Heap region size: 1M
[2020-07-08T16:30:27.389+0000][0.070s] Using G1
[2020-07-08T16:30:27.389+0000][0.070s] Heap address: 0x00000000e0000000, size: 512 MB, Compressed Oops mode: 32-bit
[2020-07-08T16:30:28.052+0000][0.734s] GC(0) Pause Young (Normal) (G1 Evacuation Pause)
[2020-07-08T16:30:28.053+0000][0.735s] GC(0) Using 4 workers of 4 for evacuation
[2020-07-08T16:30:28.063+0000][0.745s] GC(0)   Pre Evacuate Collection Set: 0.0ms
[2020-07-08T16:30:28.063+0000][0.745s] GC(0)   Evacuate Collection Set: 6.1ms
[2020-07-08T16:30:28.063+0000][0.745s] GC(0)   Post Evacuate Collection Set: 4.0ms
[2020-07-08T16:30:28.063+0000][0.745s] GC(0)   Other: 0.5ms
[2020-07-08T16:30:28.063+0000][0.745s] GC(0) Eden regions: 25->0(304)
[2020-07-08T16:30:28.063+0000][0.745s] GC(0) Survivor regions: 0->3(4)
[2020-07-08T16:30:28.063+0000][0.745s] GC(0) Old regions: 0->0
[2020-07-08T16:30:28.063+0000][0.745s] GC(0) Humongous regions: 0->0
[2020-07-08T16:30:28.063+0000][0.745s] GC(0) Metaspace: 11939K->11939K(1060864K)
[2020-07-08T16:30:28.063+0000][0.745s] GC(0) Pause Young (Normal) (G1 Evacuation Pause) 25M->2M(512M) 10.615ms
[2020-07-08T16:30:28.063+0000][0.745s] GC(0) User=0.04s Sys=0.00s Real=0.01s
[2020-07-08T16:30:28.745+0000][1.426s] GC(1) Pause Young (Concurrent Start) (Metadata GC Threshold)
[2020-07-08T16:30:28.745+0000][1.426s] GC(1) Using 4 workers of 4 for evacuation
[2020-07-08T16:30:28.765+0000][1.446s] GC(1)   Pre Evacuate Collection Set: 0.0ms
[2020-07-08T16:30:28.765+0000][1.446s] GC(1)   Evacuate Collection Set: 18.6ms
[2020-07-08T16:30:28.765+0000][1.446s] GC(1)   Post Evacuate Collection Set: 1.3ms
[2020-07-08T16:30:28.765+0000][1.446s] GC(1)   Other: 0.2ms
[2020-07-08T16:30:28.765+0000][1.446s] GC(1) Eden regions: 30->0(35)
[2020-07-08T16:30:28.765+0000][1.446s] GC(1) Survivor regions: 3->12(36)
[2020-07-08T16:30:28.765+0000][1.446s] GC(1) Old regions: 0->0
[2020-07-08T16:30:28.765+0000][1.446s] GC(1) Humongous regions: 4->4
[2020-07-08T16:30:28.765+0000][1.446s] GC(1) Metaspace: 20557K->20557K(1069056K)
[2020-07-08T16:30:28.765+0000][1.447s] GC(1) Pause Young (Concurrent Start) (Metadata GC Threshold) 36M->15M(512M) 20.232ms
[2020-07-08T16:30:28.765+0000][1.447s] GC(1) User=0.05s Sys=0.00s Real=0.02s
[2020-07-08T16:30:28.765+0000][1.447s] GC(2) Concurrent Cycle
[2020-07-08T16:30:28.765+0000][1.447s] GC(2) Concurrent Clear Claimed Marks
[2020-07-08T16:30:28.765+0000][1.447s] GC(2) Concurrent Clear Claimed Marks 0.027ms
[2020-07-08T16:30:28.765+0000][1.447s] GC(2) Concurrent Scan Root Regions
[2020-07-08T16:30:28.777+0000][1.458s] GC(2) Concurrent Scan Root Regions 11.743ms
[2020-07-08T16:30:28.777+0000][1.458s] GC(2) Concurrent Mark (1.458s)
[2020-07-08T16:30:28.777+0000][1.458s] GC(2) Concurrent Mark From Roots
[2020-07-08T16:30:28.777+0000][1.458s] GC(2) Using 1 workers of 1 for marking
[2020-07-08T16:30:28.782+0000][1.464s] GC(2) Concurrent Mark From Roots 5.145ms
[2020-07-08T16:30:28.782+0000][1.464s] GC(2) Concurrent Preclean
[2020-07-08T16:30:28.782+0000][1.464s] GC(2) Concurrent Preclean 0.169ms
[2020-07-08T16:30:28.782+0000][1.464s] GC(2) Concurrent Mark (1.458s, 1.464s) 5.367ms
[2020-07-08T16:30:28.782+0000][1.464s] GC(2) Pause Remark
[2020-07-08T16:30:28.784+0000][1.466s] GC(2) Cleaned string and symbol table, strings: 10822 processed, 0 removed, symbols: 64156 processed, 18 removed
[2020-07-08T16:30:28.784+0000][1.466s] GC(2) Pause Remark 16M->16M(512M) 2.250ms
[2020-07-08T16:30:28.784+0000][1.466s] GC(2) User=0.00s Sys=0.00s Real=0.00s
[2020-07-08T16:30:28.784+0000][1.466s] GC(2) Concurrent Rebuild Remembered Sets
[2020-07-08T16:30:28.791+0000][1.473s] GC(2) Concurrent Rebuild Remembered Sets 6.682ms
[2020-07-08T16:30:28.791+0000][1.473s] GC(2) Pause Cleanup
[2020-07-08T16:30:28.792+0000][1.473s] GC(2) Pause Cleanup 18M->18M(512M) 0.183ms
[2020-07-08T16:30:28.792+0000][1.473s] GC(2) User=0.00s Sys=0.00s Real=0.00s
[2020-07-08T16:30:28.792+0000][1.473s] GC(2) Concurrent Cleanup for Next Mark
[2020-07-08T16:30:28.793+0000][1.475s] GC(2) Concurrent Cleanup for Next Mark 1.587ms
[2020-07-08T16:30:28.793+0000][1.475s] GC(2) Concurrent Cycle 28.606ms
[2020-07-08T16:30:29.252+0000][1.934s] GC(3) Pause Young (Normal) (G1 Evacuation Pause)
[2020-07-08T16:30:29.252+0000][1.934s] GC(3) Using 4 workers of 4 for evacuation
[2020-07-08T16:30:29.270+0000][1.952s] GC(3)   Pre Evacuate Collection Set: 0.0ms
[2020-07-08T16:30:29.270+0000][1.952s] GC(3)   Evacuate Collection Set: 16.3ms
[2020-07-08T16:30:29.270+0000][1.952s] GC(3)   Post Evacuate Collection Set: 1.5ms
[2020-07-08T16:30:29.270+0000][1.952s] GC(3)   Other: 0.1ms
[2020-07-08T16:30:29.270+0000][1.952s] GC(3) Eden regions: 31->0(41)
[2020-07-08T16:30:29.270+0000][1.952s] GC(3) Survivor regions: 12->6(6)
[2020-07-08T16:30:29.270+0000][1.952s] GC(3) Old regions: 0->13
[2020-07-08T16:30:29.270+0000][1.952s] GC(3) Humongous regions: 4->4
[2020-07-08T16:30:29.270+0000][1.952s] GC(3) Metaspace: 23047K->23047K(1071104K)
[2020-07-08T16:30:29.270+0000][1.952s] GC(3) Pause Young (Normal) (G1 Evacuation Pause) 46M->22M(512M) 18.024ms
[2020-07-08T16:30:29.270+0000][1.952s] GC(3) User=0.07s Sys=0.00s Real=0.02s
[2020-07-08T16:30:29.950+0000][2.632s] GC(4) Pause Young (Normal) (G1 Evacuation Pause)
[2020-07-08T16:30:29.950+0000][2.632s] GC(4) Using 4 workers of 4 for evacuation
[2020-07-08T16:30:29.955+0000][2.637s] GC(4)   Pre Evacuate Collection Set: 0.0ms
[2020-07-08T16:30:29.955+0000][2.637s] GC(4)   Evacuate Collection Set: 4.6ms
[2020-07-08T16:30:29.955+0000][2.637s] GC(4)   Post Evacuate Collection Set: 0.3ms
[2020-07-08T16:30:29.955+0000][2.637s] GC(4)   Other: 0.1ms
[2020-07-08T16:30:29.955+0000][2.637s] GC(4) Eden regions: 41->0(64)
[2020-07-08T16:30:29.955+0000][2.637s] GC(4) Survivor regions: 6->2(6)
[2020-07-08T16:30:29.955+0000][2.637s] GC(4) Old regions: 13->19
[2020-07-08T16:30:29.955+0000][2.637s] GC(4) Humongous regions: 4->4
[2020-07-08T16:30:29.955+0000][2.637s] GC(4) Metaspace: 27304K->27304K(1075200K)
[2020-07-08T16:30:29.955+0000][2.637s] GC(4) Pause Young (Normal) (G1 Evacuation Pause) 63M->24M(512M) 5.116ms
[2020-07-08T16:30:29.955+0000][2.637s] GC(4) User=0.02s Sys=0.00s Real=0.01s
[2020-07-08T16:30:30.691+0000][3.373s] GC(5) Pause Young (Concurrent Start) (Metadata GC Threshold)
[2020-07-08T16:30:30.691+0000][3.373s] GC(5) Using 4 workers of 4 for evacuation
[2020-07-08T16:30:30.699+0000][3.380s] GC(5)   Pre Evacuate Collection Set: 0.0ms
[2020-07-08T16:30:30.699+0000][3.380s] GC(5)   Evacuate Collection Set: 5.8ms
[2020-07-08T16:30:30.699+0000][3.380s] GC(5)   Post Evacuate Collection Set: 1.3ms
[2020-07-08T16:30:30.699+0000][3.380s] GC(5)   Other: 0.2ms
[2020-07-08T16:30:30.699+0000][3.380s] GC(5) Eden regions: 52->0(234)
[2020-07-08T16:30:30.699+0000][3.380s] GC(5) Survivor regions: 2->4(9)
[2020-07-08T16:30:30.699+0000][3.380s] GC(5) Old regions: 19->19
[2020-07-08T16:30:30.699+0000][3.380s] GC(5) Humongous regions: 4->4
[2020-07-08T16:30:30.699+0000][3.380s] GC(5) Metaspace: 34908K->34908K(1081344K)
[2020-07-08T16:30:30.699+0000][3.380s] GC(5) Pause Young (Concurrent Start) (Metadata GC Threshold) 76M->26M(512M) 7.335ms
[2020-07-08T16:30:30.699+0000][3.380s] GC(5) User=0.02s Sys=0.00s Real=0.01s
[2020-07-08T16:30:30.699+0000][3.381s] GC(6) Concurrent Cycle
[2020-07-08T16:30:30.699+0000][3.381s] GC(6) Concurrent Clear Claimed Marks
[2020-07-08T16:30:30.699+0000][3.381s] GC(6) Concurrent Clear Claimed Marks 0.044ms
[2020-07-08T16:30:30.699+0000][3.381s] GC(6) Concurrent Scan Root Regions
[2020-07-08T16:30:30.703+0000][3.385s] GC(6) Concurrent Scan Root Regions 4.534ms
[2020-07-08T16:30:30.703+0000][3.385s] GC(6) Concurrent Mark (3.385s)
[2020-07-08T16:30:30.703+0000][3.385s] GC(6) Concurrent Mark From Roots
[2020-07-08T16:30:30.703+0000][3.385s] GC(6) Using 1 workers of 1 for marking
[2020-07-08T16:30:30.745+0000][3.427s] GC(6) Concurrent Mark From Roots 41.923ms
[2020-07-08T16:30:30.745+0000][3.427s] GC(6) Concurrent Preclean
[2020-07-08T16:30:30.746+0000][3.427s] GC(6) Concurrent Preclean 0.286ms
[2020-07-08T16:30:30.746+0000][3.427s] GC(6) Concurrent Mark (3.385s, 3.427s) 42.279ms
[2020-07-08T16:30:30.746+0000][3.428s] GC(6) Pause Remark
[2020-07-08T16:30:30.751+0000][3.433s] GC(6) Cleaned string and symbol table, strings: 16935 processed, 22 removed, symbols: 108795 processed, 53 removed
[2020-07-08T16:30:30.751+0000][3.433s] GC(6) Pause Remark 32M->32M(512M) 5.063ms
[2020-07-08T16:30:30.751+0000][3.433s] GC(6) User=0.02s Sys=0.00s Real=0.01s
[2020-07-08T16:30:30.751+0000][3.433s] GC(6) Concurrent Rebuild Remembered Sets
[2020-07-08T16:30:30.779+0000][3.461s] GC(6) Concurrent Rebuild Remembered Sets 27.912ms
[2020-07-08T16:30:30.779+0000][3.461s] GC(6) Pause Cleanup
[2020-07-08T16:30:30.779+0000][3.461s] GC(6) Pause Cleanup 35M->35M(512M) 0.167ms
[2020-07-08T16:30:30.779+0000][3.461s] GC(6) User=0.00s Sys=0.00s Real=0.00s
[2020-07-08T16:30:30.780+0000][3.461s] GC(6) Concurrent Cleanup for Next Mark
[2020-07-08T16:30:30.781+0000][3.463s] GC(6) Concurrent Cleanup for Next Mark 1.453ms
[2020-07-08T16:30:30.781+0000][3.463s] GC(6) Concurrent Cycle 82.246ms
[2020-07-08T16:30:31.960+0000][4.642s] GC(7) Pause Young (Concurrent Start) (G1 Evacuation Pause)
[2020-07-08T16:30:31.960+0000][4.642s] GC(7) Using 4 workers of 4 for evacuation
[2020-07-08T16:30:31.983+0000][4.665s] GC(7)   Pre Evacuate Collection Set: 0.1ms
[2020-07-08T16:30:31.983+0000][4.665s] GC(7)   Evacuate Collection Set: 16.4ms
[2020-07-08T16:30:31.983+0000][4.665s] GC(7)   Post Evacuate Collection Set: 6.5ms
[2020-07-08T16:30:31.983+0000][4.665s] GC(7)   Other: 0.3ms
[2020-07-08T16:30:31.983+0000][4.665s] GC(7) Eden regions: 234->0(256)
[2020-07-08T16:30:31.983+0000][4.665s] GC(7) Survivor regions: 4->10(30)
[2020-07-08T16:30:31.983+0000][4.665s] GC(7) Old regions: 19->19
[2020-07-08T16:30:31.983+0000][4.665s] GC(7) Humongous regions: 5->4
[2020-07-08T16:30:31.983+0000][4.665s] GC(7) Metaspace: 42235K->42235K(1087488K)
[2020-07-08T16:30:31.983+0000][4.665s] GC(7) Pause Young (Concurrent Start) (G1 Evacuation Pause) 261M->32M(512M) 23.407ms
[2020-07-08T16:30:31.983+0000][4.665s] GC(7) User=0.08s Sys=0.00s Real=0.02s
[2020-07-08T16:30:31.983+0000][4.665s] GC(8) Concurrent Cycle
[2020-07-08T16:30:31.983+0000][4.665s] GC(8) Concurrent Clear Claimed Marks
[2020-07-08T16:30:31.984+0000][4.665s] GC(8) Concurrent Clear Claimed Marks 0.080ms
[2020-07-08T16:30:31.984+0000][4.665s] GC(8) Concurrent Scan Root Regions
[2020-07-08T16:30:32.003+0000][4.685s] GC(8) Concurrent Scan Root Regions 19.726ms
[2020-07-08T16:30:32.003+0000][4.685s] GC(8) Concurrent Mark (4.685s)
[2020-07-08T16:30:32.003+0000][4.685s] GC(8) Concurrent Mark From Roots
[2020-07-08T16:30:32.003+0000][4.685s] GC(8) Using 1 workers of 1 for marking
[2020-07-08T16:30:32.070+0000][4.752s] GC(8) Concurrent Mark From Roots 66.462ms
[2020-07-08T16:30:32.070+0000][4.752s] GC(8) Concurrent Preclean
[2020-07-08T16:30:32.070+0000][4.752s] GC(8) Concurrent Preclean 0.285ms
[2020-07-08T16:30:32.070+0000][4.752s] GC(8) Concurrent Mark (4.685s, 4.752s) 66.822ms
[2020-07-08T16:30:32.075+0000][4.757s] GC(8) Pause Remark
[2020-07-08T16:30:32.083+0000][4.764s] GC(8) Cleaned string and symbol table, strings: 20059 processed, 0 removed, symbols: 129584 processed, 104 removed
[2020-07-08T16:30:32.083+0000][4.765s] GC(8) Pause Remark 62M->62M(512M) 7.505ms
[2020-07-08T16:30:32.083+0000][4.765s] GC(8) User=0.02s Sys=0.01s Real=0.00s
[2020-07-08T16:30:32.083+0000][4.765s] GC(8) Concurrent Rebuild Remembered Sets
[2020-07-08T16:30:32.110+0000][4.791s] GC(8) Concurrent Rebuild Remembered Sets 26.524ms
[2020-07-08T16:30:32.110+0000][4.792s] GC(8) Pause Cleanup
[2020-07-08T16:30:32.110+0000][4.792s] GC(8) Pause Cleanup 75M->75M(512M) 0.125ms
[2020-07-08T16:30:32.110+0000][4.792s] GC(8) User=0.00s Sys=0.00s Real=0.00s
[2020-07-08T16:30:32.110+0000][4.792s] GC(8) Concurrent Cleanup for Next Mark
[2020-07-08T16:30:32.112+0000][4.793s] GC(8) Concurrent Cleanup for Next Mark 1.649ms
[2020-07-08T16:30:32.112+0000][4.793s] GC(8) Concurrent Cycle 128.279ms
[2020-07-08T16:31:00.172+0000][32.854s] GC(9) Pause Young (Normal) (G1 Evacuation Pause)
[2020-07-08T16:31:00.172+0000][32.854s] GC(9) Using 4 workers of 4 for evacuation
[2020-07-08T16:31:00.200+0000][32.882s] GC(9)   Pre Evacuate Collection Set: 0.0ms
[2020-07-08T16:31:00.200+0000][32.882s] GC(9)   Evacuate Collection Set: 26.1ms
[2020-07-08T16:31:00.200+0000][32.882s] GC(9)   Post Evacuate Collection Set: 1.8ms
[2020-07-08T16:31:00.201+0000][32.882s] GC(9)   Other: 0.2ms
[2020-07-08T16:31:00.201+0000][32.882s] GC(9) Eden regions: 260->0(289)
[2020-07-08T16:31:00.201+0000][32.882s] GC(9) Survivor regions: 10->18(34)
[2020-07-08T16:31:00.201+0000][32.882s] GC(9) Old regions: 19->19
[2020-07-08T16:31:00.201+0000][32.882s] GC(9) Humongous regions: 4->4
[2020-07-08T16:31:00.201+0000][32.882s] GC(9) Metaspace: 53336K->53336K(1097728K)
[2020-07-08T16:31:00.201+0000][32.882s] GC(9) Pause Young (Normal) (G1 Evacuation Pause) 292M->40M(512M) 28.271ms
[2020-07-08T16:31:00.201+0000][32.882s] GC(9) User=0.09s Sys=0.00s Real=0.03s
[2020-07-08T16:46:09.327+0000][942.009s] Heap
[2020-07-08T16:46:09.327+0000][942.009s]  garbage-first heap   total 524288K, used 89479K [0x00000000e0000000, 0x0000000100000000)
[2020-07-08T16:46:09.327+0000][942.009s]   region size 1024K, 66 young (67584K), 18 survivors (18432K)
[2020-07-08T16:46:09.327+0000][942.009s]  Metaspace       used 56473K, capacity 57644K, committed 57804K, reserved 1099776K
[2020-07-08T16:46:09.327+0000][942.009s]   class space    used 6678K, capacity 7136K, committed 7168K, reserved 1048576K
