<<<<<<< HEAD
[2020-07-08T19:20:48.918+0000][0.005s] Heap region size: 1M
[2020-07-08T19:20:48.986+0000][0.072s] Using G1
[2020-07-08T19:20:48.986+0000][0.072s] Heap address: 0x00000000e0000000, size: 512 MB, Compressed Oops mode: 32-bit
[2020-07-08T19:20:49.690+0000][0.776s] GC(0) Pause Young (Normal) (G1 Evacuation Pause)
[2020-07-08T19:20:49.690+0000][0.776s] GC(0) Using 4 workers of 4 for evacuation
[2020-07-08T19:20:49.697+0000][0.783s] GC(0)   Pre Evacuate Collection Set: 0.0ms
[2020-07-08T19:20:49.697+0000][0.783s] GC(0)   Evacuate Collection Set: 4.4ms
[2020-07-08T19:20:49.697+0000][0.783s] GC(0)   Post Evacuate Collection Set: 2.6ms
[2020-07-08T19:20:49.697+0000][0.783s] GC(0)   Other: 0.4ms
[2020-07-08T19:20:49.697+0000][0.783s] GC(0) Eden regions: 25->0(303)
[2020-07-08T19:20:49.697+0000][0.783s] GC(0) Survivor regions: 0->4(4)
[2020-07-08T19:20:49.697+0000][0.783s] GC(0) Old regions: 0->0
[2020-07-08T19:20:49.697+0000][0.783s] GC(0) Humongous regions: 0->0
[2020-07-08T19:20:49.697+0000][0.783s] GC(0) Metaspace: 11950K->11950K(1060864K)
[2020-07-08T19:20:49.697+0000][0.784s] GC(0) Pause Young (Normal) (G1 Evacuation Pause) 25M->3M(512M) 7.485ms
[2020-07-08T19:20:49.697+0000][0.784s] GC(0) User=0.02s Sys=0.00s Real=0.01s
[2020-07-08T19:20:50.633+0000][1.719s] GC(1) Pause Young (Concurrent Start) (Metadata GC Threshold)
[2020-07-08T19:20:50.633+0000][1.719s] GC(1) Using 4 workers of 4 for evacuation
[2020-07-08T19:20:50.694+0000][1.781s] GC(1)   Pre Evacuate Collection Set: 0.1ms
[2020-07-08T19:20:50.694+0000][1.781s] GC(1)   Evacuate Collection Set: 59.3ms
[2020-07-08T19:20:50.694+0000][1.781s] GC(1)   Post Evacuate Collection Set: 1.8ms
[2020-07-08T19:20:50.694+0000][1.781s] GC(1)   Other: 0.5ms
[2020-07-08T19:20:50.694+0000][1.781s] GC(1) Eden regions: 34->0(241)
[2020-07-08T19:20:50.694+0000][1.781s] GC(1) Survivor regions: 4->12(39)
[2020-07-08T19:20:50.694+0000][1.781s] GC(1) Old regions: 0->0
[2020-07-08T19:20:50.694+0000][1.781s] GC(1) Humongous regions: 4->4
[2020-07-08T19:20:50.694+0000][1.781s] GC(1) Metaspace: 20709K->20709K(1069056K)
[2020-07-08T19:20:50.694+0000][1.781s] GC(1) Pause Young (Concurrent Start) (Metadata GC Threshold) 40M->16M(512M) 61.741ms
[2020-07-08T19:20:50.694+0000][1.781s] GC(1) User=0.14s Sys=0.01s Real=0.06s
[2020-07-08T19:20:50.695+0000][1.781s] GC(2) Concurrent Cycle
[2020-07-08T19:20:50.695+0000][1.781s] GC(2) Concurrent Clear Claimed Marks
[2020-07-08T19:20:50.695+0000][1.781s] GC(2) Concurrent Clear Claimed Marks 0.037ms
[2020-07-08T19:20:50.695+0000][1.781s] GC(2) Concurrent Scan Root Regions
[2020-07-08T19:20:50.710+0000][1.797s] GC(2) Concurrent Scan Root Regions 15.486ms
[2020-07-08T19:20:50.710+0000][1.797s] GC(2) Concurrent Mark (1.797s)
[2020-07-08T19:20:50.710+0000][1.797s] GC(2) Concurrent Mark From Roots
[2020-07-08T19:20:50.710+0000][1.797s] GC(2) Using 1 workers of 1 for marking
[2020-07-08T19:20:50.714+0000][1.801s] GC(2) Concurrent Mark From Roots 4.088ms
[2020-07-08T19:20:50.714+0000][1.801s] GC(2) Concurrent Preclean
[2020-07-08T19:20:50.714+0000][1.801s] GC(2) Concurrent Preclean 0.188ms
[2020-07-08T19:20:50.714+0000][1.801s] GC(2) Concurrent Mark (1.797s, 1.801s) 4.332ms
[2020-07-08T19:20:50.715+0000][1.801s] GC(2) Pause Remark
[2020-07-08T19:20:50.717+0000][1.804s] GC(2) Cleaned string and symbol table, strings: 10908 processed, 0 removed, symbols: 64465 processed, 18 removed
[2020-07-08T19:20:50.717+0000][1.804s] GC(2) Pause Remark 17M->17M(512M) 2.804ms
[2020-07-08T19:20:50.717+0000][1.804s] GC(2) User=0.01s Sys=0.00s Real=0.00s
[2020-07-08T19:20:50.717+0000][1.804s] GC(2) Concurrent Rebuild Remembered Sets
[2020-07-08T19:20:50.720+0000][1.806s] GC(2) Concurrent Rebuild Remembered Sets 2.513ms
[2020-07-08T19:20:50.720+0000][1.807s] GC(2) Pause Cleanup
[2020-07-08T19:20:50.720+0000][1.807s] GC(2) Pause Cleanup 17M->17M(512M) 0.130ms
[2020-07-08T19:20:50.720+0000][1.807s] GC(2) User=0.00s Sys=0.00s Real=0.00s
[2020-07-08T19:20:50.720+0000][1.807s] GC(2) Concurrent Cleanup for Next Mark
[2020-07-08T19:20:50.722+0000][1.808s] GC(2) Concurrent Cleanup for Next Mark 1.527ms
[2020-07-08T19:20:50.722+0000][1.808s] GC(2) Concurrent Cycle 27.290ms
[2020-07-08T19:20:51.486+0000][2.572s] GC(3) Pause Young (Normal) (G1 Evacuation Pause)
[2020-07-08T19:20:51.486+0000][2.572s] GC(3) Using 4 workers of 4 for evacuation
[2020-07-08T19:20:51.531+0000][2.618s] GC(3)   Pre Evacuate Collection Set: 0.0ms
[2020-07-08T19:20:51.531+0000][2.618s] GC(3)   Evacuate Collection Set: 43.7ms
[2020-07-08T19:20:51.531+0000][2.618s] GC(3)   Post Evacuate Collection Set: 1.8ms
[2020-07-08T19:20:51.531+0000][2.618s] GC(3)   Other: 0.3ms
[2020-07-08T19:20:51.531+0000][2.618s] GC(3) Eden regions: 43->0(48)
[2020-07-08T19:20:51.531+0000][2.618s] GC(3) Survivor regions: 12->7(7)
[2020-07-08T19:20:51.531+0000][2.618s] GC(3) Old regions: 0->12
[2020-07-08T19:20:51.531+0000][2.618s] GC(3) Humongous regions: 4->4
[2020-07-08T19:20:51.531+0000][2.618s] GC(3) Metaspace: 25349K->25349K(1073152K)
[2020-07-08T19:20:51.531+0000][2.618s] GC(3) Pause Young (Normal) (G1 Evacuation Pause) 59M->22M(512M) 45.842ms
[2020-07-08T19:20:51.531+0000][2.618s] GC(3) User=0.17s Sys=0.01s Real=0.05s
[2020-07-08T19:20:52.313+0000][3.400s] GC(4) Pause Young (Normal) (G1 Evacuation Pause)
[2020-07-08T19:20:52.313+0000][3.400s] GC(4) Using 4 workers of 4 for evacuation
[2020-07-08T19:20:52.319+0000][3.406s] GC(4)   Pre Evacuate Collection Set: 0.0ms
[2020-07-08T19:20:52.319+0000][3.406s] GC(4)   Evacuate Collection Set: 5.3ms
[2020-07-08T19:20:52.319+0000][3.406s] GC(4)   Post Evacuate Collection Set: 0.4ms
[2020-07-08T19:20:52.319+0000][3.406s] GC(4)   Other: 0.2ms
[2020-07-08T19:20:52.319+0000][3.406s] GC(4) Eden regions: 48->0(69)
[2020-07-08T19:20:52.319+0000][3.406s] GC(4) Survivor regions: 7->1(7)
[2020-07-08T19:20:52.319+0000][3.406s] GC(4) Old regions: 12->19
[2020-07-08T19:20:52.319+0000][3.406s] GC(4) Humongous regions: 4->4
[2020-07-08T19:20:52.319+0000][3.406s] GC(4) Metaspace: 30619K->30619K(1077248K)
[2020-07-08T19:20:52.319+0000][3.406s] GC(4) Pause Young (Normal) (G1 Evacuation Pause) 70M->23M(512M) 6.037ms
[2020-07-08T19:20:52.320+0000][3.406s] GC(4) User=0.02s Sys=0.00s Real=0.00s
[2020-07-08T19:20:52.848+0000][3.934s] GC(5) Pause Young (Concurrent Start) (Metadata GC Threshold)
[2020-07-08T19:20:52.848+0000][3.934s] GC(5) Using 4 workers of 4 for evacuation
[2020-07-08T19:20:52.857+0000][3.944s] GC(5)   Pre Evacuate Collection Set: 0.1ms
[2020-07-08T19:20:52.857+0000][3.944s] GC(5)   Evacuate Collection Set: 8.0ms
[2020-07-08T19:20:52.857+0000][3.944s] GC(5)   Post Evacuate Collection Set: 1.2ms
[2020-07-08T19:20:52.857+0000][3.944s] GC(5)   Other: 0.2ms
[2020-07-08T19:20:52.857+0000][3.944s] GC(5) Eden regions: 30->0(69)
[2020-07-08T19:20:52.857+0000][3.944s] GC(5) Survivor regions: 1->4(9)
[2020-07-08T19:20:52.857+0000][3.944s] GC(5) Old regions: 19->19
[2020-07-08T19:20:52.857+0000][3.944s] GC(5) Humongous regions: 4->4
[2020-07-08T19:20:52.857+0000][3.944s] GC(5) Metaspace: 34882K->34882K(1081344K)
[2020-07-08T19:20:52.857+0000][3.944s] GC(5) Pause Young (Concurrent Start) (Metadata GC Threshold) 53M->26M(512M) 9.559ms
[2020-07-08T19:20:52.857+0000][3.944s] GC(5) User=0.03s Sys=0.00s Real=0.01s
[2020-07-08T19:20:52.857+0000][3.944s] GC(6) Concurrent Cycle
[2020-07-08T19:20:52.857+0000][3.944s] GC(6) Concurrent Clear Claimed Marks
[2020-07-08T19:20:52.857+0000][3.944s] GC(6) Concurrent Clear Claimed Marks 0.037ms
[2020-07-08T19:20:52.857+0000][3.944s] GC(6) Concurrent Scan Root Regions
[2020-07-08T19:20:52.862+0000][3.949s] GC(6) Concurrent Scan Root Regions 4.831ms
[2020-07-08T19:20:52.862+0000][3.949s] GC(6) Concurrent Mark (3.949s)
[2020-07-08T19:20:52.862+0000][3.949s] GC(6) Concurrent Mark From Roots
[2020-07-08T19:20:52.862+0000][3.949s] GC(6) Using 1 workers of 1 for marking
[2020-07-08T19:20:52.932+0000][4.019s] GC(6) Concurrent Mark From Roots 70.151ms
[2020-07-08T19:20:52.932+0000][4.019s] GC(6) Concurrent Preclean
[2020-07-08T19:20:52.933+0000][4.019s] GC(6) Concurrent Preclean 0.309ms
[2020-07-08T19:20:52.933+0000][4.019s] GC(6) Concurrent Mark (3.949s, 4.019s) 70.534ms
[2020-07-08T19:20:52.933+0000][4.020s] GC(6) Pause Remark
[2020-07-08T19:20:52.940+0000][4.026s] GC(6) Cleaned string and symbol table, strings: 16911 processed, 22 removed, symbols: 108956 processed, 53 removed
[2020-07-08T19:20:52.940+0000][4.026s] GC(6) Pause Remark 32M->32M(512M) 6.389ms
[2020-07-08T19:20:52.940+0000][4.026s] GC(6) User=0.02s Sys=0.00s Real=0.00s
[2020-07-08T19:20:52.940+0000][4.026s] GC(6) Concurrent Rebuild Remembered Sets
[2020-07-08T19:20:52.976+0000][4.063s] GC(6) Concurrent Rebuild Remembered Sets 36.615ms
[2020-07-08T19:20:52.977+0000][4.063s] GC(6) Pause Cleanup
[2020-07-08T19:20:52.977+0000][4.064s] GC(6) Pause Cleanup 35M->35M(512M) 0.240ms
[2020-07-08T19:20:52.977+0000][4.064s] GC(6) User=0.00s Sys=0.00s Real=0.00s
[2020-07-08T19:20:52.977+0000][4.064s] GC(6) Concurrent Cleanup for Next Mark
[2020-07-08T19:20:52.980+0000][4.066s] GC(6) Concurrent Cleanup for Next Mark 2.582ms
[2020-07-08T19:20:52.980+0000][4.066s] GC(6) Concurrent Cycle 122.470ms
[2020-07-08T19:20:53.554+0000][4.640s] GC(7) Pause Young (Concurrent Start) (G1 Evacuation Pause)
[2020-07-08T19:20:53.554+0000][4.640s] GC(7) Using 4 workers of 4 for evacuation
[2020-07-08T19:20:53.568+0000][4.654s] GC(7)   Pre Evacuate Collection Set: 0.1ms
[2020-07-08T19:20:53.568+0000][4.654s] GC(7)   Evacuate Collection Set: 12.9ms
[2020-07-08T19:20:53.568+0000][4.654s] GC(7)   Post Evacuate Collection Set: 1.2ms
[2020-07-08T19:20:53.568+0000][4.654s] GC(7)   Other: 0.2ms
[2020-07-08T19:20:53.568+0000][4.654s] GC(7) Eden regions: 69->0(119)
[2020-07-08T19:20:53.568+0000][4.654s] GC(7) Survivor regions: 4->7(10)
[2020-07-08T19:20:53.568+0000][4.654s] GC(7) Old regions: 19->19
[2020-07-08T19:20:53.568+0000][4.654s] GC(7) Humongous regions: 5->4
[2020-07-08T19:20:53.568+0000][4.654s] GC(7) Metaspace: 39133K->39133K(1085440K)
[2020-07-08T19:20:53.568+0000][4.654s] GC(7) Pause Young (Concurrent Start) (G1 Evacuation Pause) 96M->29M(512M) 14.412ms
[2020-07-08T19:20:53.568+0000][4.654s] GC(7) User=0.05s Sys=0.00s Real=0.01s
[2020-07-08T19:20:53.568+0000][4.654s] GC(8) Concurrent Cycle
[2020-07-08T19:20:53.568+0000][4.654s] GC(8) Concurrent Clear Claimed Marks
[2020-07-08T19:20:53.568+0000][4.655s] GC(8) Concurrent Clear Claimed Marks 0.073ms
[2020-07-08T19:20:53.568+0000][4.655s] GC(8) Concurrent Scan Root Regions
[2020-07-08T19:20:53.588+0000][4.674s] GC(8) Concurrent Scan Root Regions 19.745ms
[2020-07-08T19:20:53.588+0000][4.674s] GC(8) Concurrent Mark (4.674s)
[2020-07-08T19:20:53.588+0000][4.674s] GC(8) Concurrent Mark From Roots
[2020-07-08T19:20:53.588+0000][4.674s] GC(8) Using 1 workers of 1 for marking
[2020-07-08T19:20:53.678+0000][4.764s] GC(8) Concurrent Mark From Roots 89.644ms
[2020-07-08T19:20:53.678+0000][4.764s] GC(8) Concurrent Preclean
[2020-07-08T19:20:53.678+0000][4.764s] GC(8) Concurrent Preclean 0.296ms
[2020-07-08T19:20:53.678+0000][4.764s] GC(8) Concurrent Mark (4.674s, 4.764s) 90.013ms
[2020-07-08T19:20:53.678+0000][4.765s] GC(8) Pause Remark
[2020-07-08T19:20:53.686+0000][4.773s] GC(8) Cleaned string and symbol table, strings: 19075 processed, 0 removed, symbols: 122229 processed, 49 removed
[2020-07-08T19:20:53.687+0000][4.773s] GC(8) Pause Remark 40M->40M(512M) 8.626ms
[2020-07-08T19:20:53.687+0000][4.773s] GC(8) User=0.03s Sys=0.00s Real=0.01s
[2020-07-08T19:20:53.687+0000][4.773s] GC(8) Concurrent Rebuild Remembered Sets
[2020-07-08T19:20:53.715+0000][4.802s] GC(8) Concurrent Rebuild Remembered Sets 28.212ms
[2020-07-08T19:20:53.715+0000][4.802s] GC(8) Pause Cleanup
[2020-07-08T19:20:53.715+0000][4.802s] GC(8) Pause Cleanup 42M->42M(512M) 0.122ms
[2020-07-08T19:20:53.715+0000][4.802s] GC(8) User=0.01s Sys=0.00s Real=0.00s
[2020-07-08T19:20:53.716+0000][4.802s] GC(8) Concurrent Cleanup for Next Mark
[2020-07-08T19:20:53.728+0000][4.814s] GC(8) Concurrent Cleanup for Next Mark 12.422ms
[2020-07-08T19:20:53.728+0000][4.815s] GC(8) Concurrent Cycle 160.044ms
[2020-07-08T19:20:54.127+0000][5.214s] GC(9) Pause Young (Normal) (G1 Evacuation Pause)
[2020-07-08T19:20:54.127+0000][5.214s] GC(9) Using 4 workers of 4 for evacuation
[2020-07-08T19:20:54.144+0000][5.230s] GC(9)   Pre Evacuate Collection Set: 0.0ms
[2020-07-08T19:20:54.144+0000][5.230s] GC(9)   Evacuate Collection Set: 15.7ms
[2020-07-08T19:20:54.144+0000][5.230s] GC(9)   Post Evacuate Collection Set: 0.4ms
[2020-07-08T19:20:54.144+0000][5.230s] GC(9)   Other: 0.2ms
[2020-07-08T19:20:54.144+0000][5.230s] GC(9) Eden regions: 125->0(168)
[2020-07-08T19:20:54.144+0000][5.230s] GC(9) Survivor regions: 7->9(17)
[2020-07-08T19:20:54.144+0000][5.230s] GC(9) Old regions: 19->19
[2020-07-08T19:20:54.144+0000][5.230s] GC(9) Humongous regions: 4->4
[2020-07-08T19:20:54.144+0000][5.230s] GC(9) Metaspace: 42131K->42131K(1087488K)
[2020-07-08T19:20:54.144+0000][5.230s] GC(9) Pause Young (Normal) (G1 Evacuation Pause) 154M->31M(512M) 16.436ms
[2020-07-08T19:20:54.144+0000][5.230s] GC(9) User=0.06s Sys=0.00s Real=0.02s
[2020-07-08T19:20:54.812+0000][5.898s] GC(10) Pause Young (Normal) (G1 Evacuation Pause)
[2020-07-08T19:20:54.812+0000][5.898s] GC(10) Using 4 workers of 4 for evacuation
[2020-07-08T19:20:54.825+0000][5.912s] GC(10)   Pre Evacuate Collection Set: 0.0ms
[2020-07-08T19:20:54.825+0000][5.912s] GC(10)   Evacuate Collection Set: 12.8ms
[2020-07-08T19:20:54.825+0000][5.912s] GC(10)   Post Evacuate Collection Set: 0.5ms
[2020-07-08T19:20:54.825+0000][5.912s] GC(10)   Other: 0.2ms
[2020-07-08T19:20:54.825+0000][5.912s] GC(10) Eden regions: 168->0(237)
[2020-07-08T19:20:54.825+0000][5.912s] GC(10) Survivor regions: 9->11(23)
[2020-07-08T19:20:54.825+0000][5.912s] GC(10) Old regions: 19->19
[2020-07-08T19:20:54.825+0000][5.912s] GC(10) Humongous regions: 4->4
[2020-07-08T19:20:54.825+0000][5.912s] GC(10) Metaspace: 46108K->46108K(1091584K)
[2020-07-08T19:20:54.825+0000][5.912s] GC(10) Pause Young (Normal) (G1 Evacuation Pause) 199M->33M(512M) 13.487ms
[2020-07-08T19:20:54.825+0000][5.912s] GC(10) User=0.05s Sys=0.00s Real=0.01s
[2020-07-08T19:21:58.850+0000][69.937s] Heap
[2020-07-08T19:21:58.850+0000][69.937s]  garbage-first heap   total 524288K, used 195642K [0x00000000e0000000, 0x0000000100000000)
[2020-07-08T19:21:58.850+0000][69.937s]   region size 1024K, 170 young (174080K), 11 survivors (11264K)
[2020-07-08T19:21:58.850+0000][69.937s]  Metaspace       used 55952K, capacity 57118K, committed 57292K, reserved 1099776K
[2020-07-08T19:21:58.850+0000][69.937s]   class space    used 6663K, capacity 7154K, committed 7168K, reserved 1048576K
=======
[2020-07-09T09:08:22.242+0000][0.006s] Heap region size: 1M
[2020-07-09T09:08:22.259+0000][0.023s] Using G1
[2020-07-09T09:08:22.259+0000][0.023s] Heap address: 0x00000000e0000000, size: 512 MB, Compressed Oops mode: 32-bit
[2020-07-09T09:08:23.164+0000][0.929s] GC(0) Pause Young (Normal) (G1 Evacuation Pause)
[2020-07-09T09:08:23.167+0000][0.932s] GC(0) Using 4 workers of 4 for evacuation
[2020-07-09T09:08:23.232+0000][0.997s] GC(0)   Pre Evacuate Collection Set: 0.0ms
[2020-07-09T09:08:23.310+0000][1.075s] GC(0)   Evacuate Collection Set: 16.4ms
[2020-07-09T09:08:23.310+0000][1.075s] GC(0)   Post Evacuate Collection Set: 48.2ms
[2020-07-09T09:08:23.310+0000][1.075s] GC(0)   Other: 3.5ms
[2020-07-09T09:08:23.310+0000][1.075s] GC(0) Eden regions: 25->0(303)
[2020-07-09T09:08:23.310+0000][1.075s] GC(0) Survivor regions: 0->4(4)
[2020-07-09T09:08:23.311+0000][1.075s] GC(0) Old regions: 0->0
[2020-07-09T09:08:23.311+0000][1.075s] GC(0) Humongous regions: 0->0
[2020-07-09T09:08:23.311+0000][1.075s] GC(0) Metaspace: 11950K->11950K(1060864K)
[2020-07-09T09:08:23.311+0000][1.075s] GC(0) Pause Young (Normal) (G1 Evacuation Pause) 25M->3M(512M) 146.423ms
[2020-07-09T09:08:23.311+0000][1.075s] GC(0) User=0.14s Sys=0.00s Real=0.15s
[2020-07-09T09:08:24.173+0000][1.938s] GC(1) Pause Young (Concurrent Start) (Metadata GC Threshold)
[2020-07-09T09:08:24.173+0000][1.938s] GC(1) Using 4 workers of 4 for evacuation
[2020-07-09T09:08:24.195+0000][1.959s] GC(1)   Pre Evacuate Collection Set: 0.0ms
[2020-07-09T09:08:24.195+0000][1.959s] GC(1)   Evacuate Collection Set: 19.8ms
[2020-07-09T09:08:24.195+0000][1.959s] GC(1)   Post Evacuate Collection Set: 1.3ms
[2020-07-09T09:08:24.195+0000][1.959s] GC(1)   Other: 0.2ms
[2020-07-09T09:08:24.195+0000][1.959s] GC(1) Eden regions: 32->0(60)
[2020-07-09T09:08:24.195+0000][1.959s] GC(1) Survivor regions: 4->13(22)
[2020-07-09T09:08:24.195+0000][1.959s] GC(1) Old regions: 0->0
[2020-07-09T09:08:24.195+0000][1.959s] GC(1) Humongous regions: 4->4
[2020-07-09T09:08:24.195+0000][1.959s] GC(1) Metaspace: 20667K->20667K(1069056K)
[2020-07-09T09:08:24.195+0000][1.959s] GC(1) Pause Young (Concurrent Start) (Metadata GC Threshold) 39M->16M(512M) 21.478ms
[2020-07-09T09:08:24.195+0000][1.959s] GC(1) User=0.06s Sys=0.00s Real=0.02s
[2020-07-09T09:08:24.195+0000][1.959s] GC(2) Concurrent Cycle
[2020-07-09T09:08:24.195+0000][1.959s] GC(2) Concurrent Clear Claimed Marks
[2020-07-09T09:08:24.195+0000][1.959s] GC(2) Concurrent Clear Claimed Marks 0.029ms
[2020-07-09T09:08:24.195+0000][1.959s] GC(2) Concurrent Scan Root Regions
[2020-07-09T09:08:24.210+0000][1.975s] GC(2) Concurrent Scan Root Regions 15.487ms
[2020-07-09T09:08:24.210+0000][1.975s] GC(2) Concurrent Mark (1.975s)
[2020-07-09T09:08:24.210+0000][1.975s] GC(2) Concurrent Mark From Roots
[2020-07-09T09:08:24.210+0000][1.975s] GC(2) Using 1 workers of 1 for marking
[2020-07-09T09:08:24.217+0000][1.981s] GC(2) Concurrent Mark From Roots 6.452ms
[2020-07-09T09:08:24.217+0000][1.981s] GC(2) Concurrent Preclean
[2020-07-09T09:08:24.217+0000][1.982s] GC(2) Concurrent Preclean 0.210ms
[2020-07-09T09:08:24.217+0000][1.982s] GC(2) Concurrent Mark (1.975s, 1.982s) 6.745ms
[2020-07-09T09:08:24.217+0000][1.982s] GC(2) Pause Remark
[2020-07-09T09:08:24.220+0000][1.985s] GC(2) Cleaned string and symbol table, strings: 10912 processed, 0 removed, symbols: 64444 processed, 18 removed
[2020-07-09T09:08:24.221+0000][1.985s] GC(2) Pause Remark 17M->17M(512M) 3.335ms
[2020-07-09T09:08:24.221+0000][1.985s] GC(2) User=0.01s Sys=0.00s Real=0.00s
[2020-07-09T09:08:24.221+0000][1.985s] GC(2) Concurrent Rebuild Remembered Sets
[2020-07-09T09:08:24.225+0000][1.990s] GC(2) Concurrent Rebuild Remembered Sets 4.550ms
[2020-07-09T09:08:24.225+0000][1.990s] GC(2) Pause Cleanup
[2020-07-09T09:08:24.226+0000][1.990s] GC(2) Pause Cleanup 17M->17M(512M) 0.191ms
[2020-07-09T09:08:24.226+0000][1.990s] GC(2) User=0.00s Sys=0.00s Real=0.00s
[2020-07-09T09:08:24.226+0000][1.990s] GC(2) Concurrent Cleanup for Next Mark
[2020-07-09T09:08:24.228+0000][1.992s] GC(2) Concurrent Cleanup for Next Mark 1.872ms
[2020-07-09T09:08:24.228+0000][1.992s] GC(2) Concurrent Cycle 32.755ms
[2020-07-09T09:08:24.741+0000][2.505s] GC(3) Pause Young (Normal) (G1 Evacuation Pause)
[2020-07-09T09:08:24.741+0000][2.505s] GC(3) Using 4 workers of 4 for evacuation
[2020-07-09T09:08:24.762+0000][2.526s] GC(3)   Pre Evacuate Collection Set: 0.0ms
[2020-07-09T09:08:24.762+0000][2.526s] GC(3)   Evacuate Collection Set: 18.9ms
[2020-07-09T09:08:24.762+0000][2.526s] GC(3)   Post Evacuate Collection Set: 1.8ms
[2020-07-09T09:08:24.762+0000][2.526s] GC(3)   Other: 0.1ms
[2020-07-09T09:08:24.762+0000][2.526s] GC(3) Eden regions: 34->0(159)
[2020-07-09T09:08:24.762+0000][2.526s] GC(3) Survivor regions: 13->6(6)
[2020-07-09T09:08:24.762+0000][2.526s] GC(3) Old regions: 0->13
[2020-07-09T09:08:24.762+0000][2.526s] GC(3) Humongous regions: 4->4
[2020-07-09T09:08:24.762+0000][2.526s] GC(3) Metaspace: 23729K->23729K(1071104K)
[2020-07-09T09:08:24.762+0000][2.526s] GC(3) Pause Young (Normal) (G1 Evacuation Pause) 50M->22M(512M) 20.903ms
[2020-07-09T09:08:24.762+0000][2.526s] GC(3) User=0.08s Sys=0.00s Real=0.02s
[2020-07-09T09:08:26.407+0000][4.171s] GC(4) Pause Young (Concurrent Start) (Metadata GC Threshold)
[2020-07-09T09:08:26.407+0000][4.171s] GC(4) Using 4 workers of 4 for evacuation
[2020-07-09T09:08:26.419+0000][4.183s] GC(4)   Pre Evacuate Collection Set: 0.1ms
[2020-07-09T09:08:26.419+0000][4.183s] GC(4)   Evacuate Collection Set: 9.9ms
[2020-07-09T09:08:26.419+0000][4.183s] GC(4)   Post Evacuate Collection Set: 1.8ms
[2020-07-09T09:08:26.419+0000][4.183s] GC(4)   Other: 0.2ms
[2020-07-09T09:08:26.419+0000][4.183s] GC(4) Eden regions: 87->0(97)
[2020-07-09T09:08:26.419+0000][4.183s] GC(4) Survivor regions: 6->10(21)
[2020-07-09T09:08:26.419+0000][4.183s] GC(4) Old regions: 13->13
[2020-07-09T09:08:26.419+0000][4.183s] GC(4) Humongous regions: 4->4
[2020-07-09T09:08:26.419+0000][4.183s] GC(4) Metaspace: 34886K->34886K(1081344K)
[2020-07-09T09:08:26.419+0000][4.183s] GC(4) Pause Young (Concurrent Start) (Metadata GC Threshold) 109M->26M(512M) 12.022ms
[2020-07-09T09:08:26.419+0000][4.183s] GC(4) User=0.04s Sys=0.00s Real=0.01s
[2020-07-09T09:08:26.419+0000][4.183s] GC(5) Concurrent Cycle
[2020-07-09T09:08:26.419+0000][4.183s] GC(5) Concurrent Clear Claimed Marks
[2020-07-09T09:08:26.419+0000][4.184s] GC(5) Concurrent Clear Claimed Marks 0.068ms
[2020-07-09T09:08:26.419+0000][4.184s] GC(5) Concurrent Scan Root Regions
[2020-07-09T09:08:26.425+0000][4.189s] GC(5) Concurrent Scan Root Regions 5.856ms
[2020-07-09T09:08:26.425+0000][4.189s] GC(5) Concurrent Mark (4.189s)
[2020-07-09T09:08:26.425+0000][4.189s] GC(5) Concurrent Mark From Roots
[2020-07-09T09:08:26.425+0000][4.189s] GC(5) Using 1 workers of 1 for marking
[2020-07-09T09:08:26.467+0000][4.232s] GC(5) Concurrent Mark From Roots 42.159ms
[2020-07-09T09:08:26.467+0000][4.232s] GC(5) Concurrent Preclean
[2020-07-09T09:08:26.467+0000][4.232s] GC(5) Concurrent Preclean 0.245ms
[2020-07-09T09:08:26.467+0000][4.232s] GC(5) Concurrent Mark (4.189s, 4.232s) 42.472ms
[2020-07-09T09:08:26.468+0000][4.232s] GC(5) Pause Remark
[2020-07-09T09:08:26.474+0000][4.238s] GC(5) Cleaned string and symbol table, strings: 16894 processed, 21 removed, symbols: 108879 processed, 52 removed
[2020-07-09T09:08:26.474+0000][4.238s] GC(5) Pause Remark 31M->31M(512M) 6.255ms
[2020-07-09T09:08:26.474+0000][4.238s] GC(5) User=0.02s Sys=0.00s Real=0.01s
[2020-07-09T09:08:26.474+0000][4.238s] GC(5) Concurrent Rebuild Remembered Sets
[2020-07-09T09:08:26.495+0000][4.260s] GC(5) Concurrent Rebuild Remembered Sets 21.178ms
[2020-07-09T09:08:26.495+0000][4.260s] GC(5) Pause Cleanup
[2020-07-09T09:08:26.495+0000][4.260s] GC(5) Pause Cleanup 32M->32M(512M) 0.189ms
[2020-07-09T09:08:26.495+0000][4.260s] GC(5) User=0.00s Sys=0.00s Real=0.00s
[2020-07-09T09:08:26.496+0000][4.260s] GC(5) Concurrent Cleanup for Next Mark
[2020-07-09T09:08:26.497+0000][4.262s] GC(5) Concurrent Cleanup for Next Mark 1.603ms
[2020-07-09T09:08:26.497+0000][4.262s] GC(5) Concurrent Cycle 78.241ms
[2020-07-09T09:08:27.217+0000][4.982s] GC(6) Pause Young (Concurrent Start) (G1 Evacuation Pause)
[2020-07-09T09:08:27.217+0000][4.982s] GC(6) Using 4 workers of 4 for evacuation
[2020-07-09T09:08:27.236+0000][5.001s] GC(6)   Pre Evacuate Collection Set: 0.1ms
[2020-07-09T09:08:27.236+0000][5.001s] GC(6)   Evacuate Collection Set: 17.7ms
[2020-07-09T09:08:27.236+0000][5.001s] GC(6)   Post Evacuate Collection Set: 1.2ms
[2020-07-09T09:08:27.236+0000][5.001s] GC(6)   Other: 0.2ms
[2020-07-09T09:08:27.237+0000][5.001s] GC(6) Eden regions: 99->0(179)
[2020-07-09T09:08:27.237+0000][5.001s] GC(6) Survivor regions: 10->7(14)
[2020-07-09T09:08:27.237+0000][5.001s] GC(6) Old regions: 13->19
[2020-07-09T09:08:27.237+0000][5.001s] GC(6) Humongous regions: 4->4
[2020-07-09T09:08:27.237+0000][5.001s] GC(6) Metaspace: 39446K->39446K(1085440K)
[2020-07-09T09:08:27.237+0000][5.001s] GC(6) Pause Young (Concurrent Start) (G1 Evacuation Pause) 125M->29M(512M) 19.199ms
[2020-07-09T09:08:27.237+0000][5.001s] GC(6) User=0.07s Sys=0.00s Real=0.02s
[2020-07-09T09:08:27.237+0000][5.001s] GC(7) Concurrent Cycle
[2020-07-09T09:08:27.237+0000][5.001s] GC(7) Concurrent Clear Claimed Marks
[2020-07-09T09:08:27.237+0000][5.001s] GC(7) Concurrent Clear Claimed Marks 0.066ms
[2020-07-09T09:08:27.237+0000][5.001s] GC(7) Concurrent Scan Root Regions
[2020-07-09T09:08:27.247+0000][5.011s] GC(7) Concurrent Scan Root Regions 9.899ms
[2020-07-09T09:08:27.247+0000][5.011s] GC(7) Concurrent Mark (5.011s)
[2020-07-09T09:08:27.247+0000][5.011s] GC(7) Concurrent Mark From Roots
[2020-07-09T09:08:27.247+0000][5.011s] GC(7) Using 1 workers of 1 for marking
[2020-07-09T09:08:27.301+0000][5.066s] GC(7) Concurrent Mark From Roots 54.663ms
[2020-07-09T09:08:27.301+0000][5.066s] GC(7) Concurrent Preclean
[2020-07-09T09:08:27.302+0000][5.066s] GC(7) Concurrent Preclean 0.311ms
[2020-07-09T09:08:27.302+0000][5.066s] GC(7) Concurrent Mark (5.011s, 5.066s) 55.045ms
[2020-07-09T09:08:27.302+0000][5.066s] GC(7) Pause Remark
[2020-07-09T09:08:27.310+0000][5.074s] GC(7) Cleaned string and symbol table, strings: 19210 processed, 0 removed, symbols: 121320 processed, 80 removed
[2020-07-09T09:08:27.310+0000][5.074s] GC(7) Pause Remark 39M->39M(512M) 7.991ms
[2020-07-09T09:08:27.310+0000][5.074s] GC(7) User=0.02s Sys=0.00s Real=0.01s
[2020-07-09T09:08:27.310+0000][5.074s] GC(7) Concurrent Rebuild Remembered Sets
[2020-07-09T09:08:27.339+0000][5.103s] GC(7) Concurrent Rebuild Remembered Sets 28.679ms
[2020-07-09T09:08:27.340+0000][5.104s] GC(7) Pause Cleanup
[2020-07-09T09:08:27.340+0000][5.104s] GC(7) Pause Cleanup 45M->45M(512M) 0.123ms
[2020-07-09T09:08:27.340+0000][5.104s] GC(7) User=0.00s Sys=0.00s Real=0.00s
[2020-07-09T09:08:27.340+0000][5.104s] GC(7) Concurrent Cleanup for Next Mark
[2020-07-09T09:08:27.341+0000][5.106s] GC(7) Concurrent Cleanup for Next Mark 1.460ms
[2020-07-09T09:08:27.341+0000][5.106s] GC(7) Concurrent Cycle 104.745ms
[2020-07-09T09:08:28.387+0000][6.151s] GC(8) Pause Young (Normal) (G1 Evacuation Pause)
[2020-07-09T09:08:28.387+0000][6.151s] GC(8) Using 4 workers of 4 for evacuation
[2020-07-09T09:08:28.406+0000][6.170s] GC(8)   Pre Evacuate Collection Set: 0.0ms
[2020-07-09T09:08:28.406+0000][6.170s] GC(8)   Evacuate Collection Set: 13.1ms
[2020-07-09T09:08:28.406+0000][6.170s] GC(8)   Post Evacuate Collection Set: 5.6ms
[2020-07-09T09:08:28.406+0000][6.170s] GC(8)   Other: 0.2ms
[2020-07-09T09:08:28.406+0000][6.170s] GC(8) Eden regions: 179->0(298)
[2020-07-09T09:08:28.406+0000][6.170s] GC(8) Survivor regions: 7->9(24)
[2020-07-09T09:08:28.406+0000][6.170s] GC(8) Old regions: 19->19
[2020-07-09T09:08:28.406+0000][6.170s] GC(8) Humongous regions: 5->4
[2020-07-09T09:08:28.406+0000][6.170s] GC(8) Metaspace: 44997K->44997K(1089536K)
[2020-07-09T09:08:28.406+0000][6.170s] GC(8) Pause Young (Normal) (G1 Evacuation Pause) 209M->30M(512M) 19.117ms
[2020-07-09T09:08:28.406+0000][6.170s] GC(8) User=0.06s Sys=0.01s Real=0.02s
[2020-07-09T09:15:25.248+0000][423.013s] Heap
[2020-07-09T09:15:25.248+0000][423.013s]  garbage-first heap   total 524288K, used 136996K [0x00000000e0000000, 0x0000000100000000)
[2020-07-09T09:15:25.248+0000][423.013s]   region size 1024K, 113 young (115712K), 9 survivors (9216K)
[2020-07-09T09:15:25.248+0000][423.013s]  Metaspace       used 50281K, capacity 51353K, committed 51532K, reserved 1093632K
[2020-07-09T09:15:25.248+0000][423.013s]   class space    used 5990K, capacity 6405K, committed 6528K, reserved 1048576K
>>>>>>> f1deafe8096b4efb8bd9cd65f052f5830b3df77d
