<<<<<<< HEAD
[2020-07-09T12:38:03.218+0000][0.005s] Heap region size: 1M
[2020-07-09T12:38:03.243+0000][0.029s] Using G1
[2020-07-09T12:38:03.243+0000][0.029s] Heap address: 0x00000000e0000000, size: 512 MB, Compressed Oops mode: 32-bit
[2020-07-09T12:38:03.954+0000][0.741s] GC(0) Pause Young (Normal) (G1 Evacuation Pause)
[2020-07-09T12:38:03.955+0000][0.741s] GC(0) Using 4 workers of 4 for evacuation
[2020-07-09T12:38:03.964+0000][0.750s] GC(0)   Pre Evacuate Collection Set: 0.0ms
[2020-07-09T12:38:03.964+0000][0.750s] GC(0)   Evacuate Collection Set: 7.4ms
[2020-07-09T12:38:03.964+0000][0.750s] GC(0)   Post Evacuate Collection Set: 1.2ms
[2020-07-09T12:38:03.964+0000][0.750s] GC(0)   Other: 0.5ms
[2020-07-09T12:38:03.964+0000][0.750s] GC(0) Eden regions: 25->0(304)
[2020-07-09T12:38:03.964+0000][0.750s] GC(0) Survivor regions: 0->3(4)
[2020-07-09T12:38:03.964+0000][0.750s] GC(0) Old regions: 0->0
[2020-07-09T12:38:03.964+0000][0.750s] GC(0) Humongous regions: 0->0
[2020-07-09T12:38:03.964+0000][0.750s] GC(0) Metaspace: 11937K->11937K(1060864K)
[2020-07-09T12:38:03.964+0000][0.750s] GC(0) Pause Young (Normal) (G1 Evacuation Pause) 25M->2M(512M) 9.259ms
[2020-07-09T12:38:03.964+0000][0.750s] GC(0) User=0.03s Sys=0.00s Real=0.01s
[2020-07-09T12:38:04.961+0000][1.747s] GC(1) Pause Young (Concurrent Start) (Metadata GC Threshold)
[2020-07-09T12:38:04.961+0000][1.747s] GC(1) Using 4 workers of 4 for evacuation
[2020-07-09T12:38:04.982+0000][1.769s] GC(1)   Pre Evacuate Collection Set: 0.0ms
[2020-07-09T12:38:04.982+0000][1.769s] GC(1)   Evacuate Collection Set: 20.1ms
[2020-07-09T12:38:04.982+0000][1.769s] GC(1)   Post Evacuate Collection Set: 1.6ms
[2020-07-09T12:38:04.983+0000][1.769s] GC(1)   Other: 0.2ms
[2020-07-09T12:38:04.983+0000][1.769s] GC(1) Eden regions: 30->0(34)
[2020-07-09T12:38:04.983+0000][1.769s] GC(1) Survivor regions: 3->12(36)
[2020-07-09T12:38:04.983+0000][1.769s] GC(1) Old regions: 0->0
[2020-07-09T12:38:04.983+0000][1.769s] GC(1) Humongous regions: 4->4
[2020-07-09T12:38:04.983+0000][1.769s] GC(1) Metaspace: 20579K->20579K(1069056K)
[2020-07-09T12:38:04.983+0000][1.769s] GC(1) Pause Young (Concurrent Start) (Metadata GC Threshold) 36M->15M(512M) 22.051ms
[2020-07-09T12:38:04.983+0000][1.769s] GC(1) User=0.05s Sys=0.00s Real=0.02s
[2020-07-09T12:38:04.983+0000][1.769s] GC(2) Concurrent Cycle
[2020-07-09T12:38:04.983+0000][1.769s] GC(2) Concurrent Clear Claimed Marks
[2020-07-09T12:38:04.983+0000][1.769s] GC(2) Concurrent Clear Claimed Marks 0.027ms
[2020-07-09T12:38:04.983+0000][1.769s] GC(2) Concurrent Scan Root Regions
[2020-07-09T12:38:04.998+0000][1.784s] GC(2) Concurrent Scan Root Regions 14.781ms
[2020-07-09T12:38:04.998+0000][1.784s] GC(2) Concurrent Mark (1.784s)
[2020-07-09T12:38:04.998+0000][1.784s] GC(2) Concurrent Mark From Roots
[2020-07-09T12:38:04.998+0000][1.784s] GC(2) Using 1 workers of 1 for marking
[2020-07-09T12:38:05.003+0000][1.790s] GC(2) Concurrent Mark From Roots 5.562ms
[2020-07-09T12:38:05.003+0000][1.790s] GC(2) Concurrent Preclean
[2020-07-09T12:38:05.003+0000][1.790s] GC(2) Concurrent Preclean 0.207ms
[2020-07-09T12:38:05.003+0000][1.790s] GC(2) Concurrent Mark (1.784s, 1.790s) 5.834ms
[2020-07-09T12:38:05.004+0000][1.790s] GC(2) Pause Remark
[2020-07-09T12:38:05.006+0000][1.793s] GC(2) Cleaned string and symbol table, strings: 10829 processed, 0 removed, symbols: 64169 processed, 18 removed
[2020-07-09T12:38:05.006+0000][1.793s] GC(2) Pause Remark 18M->18M(512M) 2.883ms
[2020-07-09T12:38:05.006+0000][1.793s] GC(2) User=0.01s Sys=0.00s Real=0.00s
[2020-07-09T12:38:05.006+0000][1.793s] GC(2) Concurrent Rebuild Remembered Sets
[2020-07-09T12:38:05.014+0000][1.801s] GC(2) Concurrent Rebuild Remembered Sets 7.567ms
[2020-07-09T12:38:05.014+0000][1.801s] GC(2) Pause Cleanup
[2020-07-09T12:38:05.014+0000][1.801s] GC(2) Pause Cleanup 18M->18M(512M) 0.181ms
[2020-07-09T12:38:05.014+0000][1.801s] GC(2) User=0.00s Sys=0.00s Real=0.00s
[2020-07-09T12:38:05.014+0000][1.801s] GC(2) Concurrent Cleanup for Next Mark
[2020-07-09T12:38:05.016+0000][1.803s] GC(2) Concurrent Cleanup for Next Mark 1.636ms
[2020-07-09T12:38:05.016+0000][1.803s] GC(2) Concurrent Cycle 33.673ms
[2020-07-09T12:38:05.512+0000][2.298s] GC(3) Pause Young (Normal) (G1 Evacuation Pause)
[2020-07-09T12:38:05.512+0000][2.298s] GC(3) Using 4 workers of 4 for evacuation
[2020-07-09T12:38:05.540+0000][2.326s] GC(3)   Pre Evacuate Collection Set: 0.0ms
[2020-07-09T12:38:05.540+0000][2.326s] GC(3)   Evacuate Collection Set: 25.9ms
[2020-07-09T12:38:05.540+0000][2.326s] GC(3)   Post Evacuate Collection Set: 2.0ms
[2020-07-09T12:38:05.540+0000][2.326s] GC(3)   Other: 0.2ms
[2020-07-09T12:38:05.540+0000][2.326s] GC(3) Eden regions: 31->0(40)
[2020-07-09T12:38:05.540+0000][2.326s] GC(3) Survivor regions: 12->6(6)
[2020-07-09T12:38:05.540+0000][2.326s] GC(3) Old regions: 0->13
[2020-07-09T12:38:05.540+0000][2.326s] GC(3) Humongous regions: 4->4
[2020-07-09T12:38:05.540+0000][2.326s] GC(3) Metaspace: 23038K->23038K(1071104K)
[2020-07-09T12:38:05.540+0000][2.326s] GC(3) Pause Young (Normal) (G1 Evacuation Pause) 46M->22M(512M) 28.128ms
[2020-07-09T12:38:05.540+0000][2.326s] GC(3) User=0.10s Sys=0.01s Real=0.03s
[2020-07-09T12:38:06.361+0000][3.147s] GC(4) Pause Young (Normal) (G1 Evacuation Pause)
[2020-07-09T12:38:06.361+0000][3.147s] GC(4) Using 4 workers of 4 for evacuation
[2020-07-09T12:38:06.368+0000][3.155s] GC(4)   Pre Evacuate Collection Set: 0.0ms
[2020-07-09T12:38:06.368+0000][3.155s] GC(4)   Evacuate Collection Set: 6.4ms
[2020-07-09T12:38:06.368+0000][3.155s] GC(4)   Post Evacuate Collection Set: 0.7ms
[2020-07-09T12:38:06.368+0000][3.155s] GC(4)   Other: 0.2ms
[2020-07-09T12:38:06.368+0000][3.155s] GC(4) Eden regions: 40->0(63)
[2020-07-09T12:38:06.368+0000][3.155s] GC(4) Survivor regions: 6->1(6)
[2020-07-09T12:38:06.368+0000][3.155s] GC(4) Old regions: 13->19
[2020-07-09T12:38:06.368+0000][3.155s] GC(4) Humongous regions: 4->4
[2020-07-09T12:38:06.368+0000][3.155s] GC(4) Metaspace: 26882K->26882K(1073152K)
[2020-07-09T12:38:06.368+0000][3.155s] GC(4) Pause Young (Normal) (G1 Evacuation Pause) 62M->23M(512M) 7.508ms
[2020-07-09T12:38:06.368+0000][3.155s] GC(4) User=0.02s Sys=0.00s Real=0.01s
[2020-07-09T12:38:07.349+0000][4.135s] GC(5) Pause Young (Concurrent Start) (Metadata GC Threshold)
[2020-07-09T12:38:07.349+0000][4.135s] GC(5) Using 4 workers of 4 for evacuation
[2020-07-09T12:38:07.359+0000][4.146s] GC(5)   Pre Evacuate Collection Set: 0.1ms
[2020-07-09T12:38:07.359+0000][4.146s] GC(5)   Evacuate Collection Set: 8.8ms
[2020-07-09T12:38:07.359+0000][4.146s] GC(5)   Post Evacuate Collection Set: 1.3ms
[2020-07-09T12:38:07.359+0000][4.146s] GC(5)   Other: 0.2ms
[2020-07-09T12:38:07.359+0000][4.146s] GC(5) Eden regions: 56->0(82)
[2020-07-09T12:38:07.359+0000][4.146s] GC(5) Survivor regions: 1->4(8)
[2020-07-09T12:38:07.359+0000][4.146s] GC(5) Old regions: 19->19
[2020-07-09T12:38:07.359+0000][4.146s] GC(5) Humongous regions: 4->4
[2020-07-09T12:38:07.359+0000][4.146s] GC(5) Metaspace: 34878K->34878K(1081344K)
[2020-07-09T12:38:07.359+0000][4.146s] GC(5) Pause Young (Concurrent Start) (Metadata GC Threshold) 78M->26M(512M) 10.482ms
[2020-07-09T12:38:07.359+0000][4.146s] GC(5) User=0.04s Sys=0.00s Real=0.01s
[2020-07-09T12:38:07.359+0000][4.146s] GC(6) Concurrent Cycle
[2020-07-09T12:38:07.359+0000][4.146s] GC(6) Concurrent Clear Claimed Marks
[2020-07-09T12:38:07.359+0000][4.146s] GC(6) Concurrent Clear Claimed Marks 0.047ms
[2020-07-09T12:38:07.359+0000][4.146s] GC(6) Concurrent Scan Root Regions
[2020-07-09T12:38:07.364+0000][4.151s] GC(6) Concurrent Scan Root Regions 4.691ms
[2020-07-09T12:38:07.364+0000][4.151s] GC(6) Concurrent Mark (4.151s)
[2020-07-09T12:38:07.364+0000][4.151s] GC(6) Concurrent Mark From Roots
[2020-07-09T12:38:07.364+0000][4.151s] GC(6) Using 1 workers of 1 for marking
[2020-07-09T12:38:07.412+0000][4.199s] GC(6) Concurrent Mark From Roots 47.977ms
[2020-07-09T12:38:07.412+0000][4.199s] GC(6) Concurrent Preclean
[2020-07-09T12:38:07.412+0000][4.199s] GC(6) Concurrent Preclean 0.280ms
[2020-07-09T12:38:07.412+0000][4.199s] GC(6) Concurrent Mark (4.151s, 4.199s) 48.326ms
[2020-07-09T12:38:07.413+0000][4.200s] GC(6) Pause Remark
[2020-07-09T12:38:07.420+0000][4.207s] GC(6) Cleaned string and symbol table, strings: 16879 processed, 22 removed, symbols: 108390 processed, 52 removed
[2020-07-09T12:38:07.420+0000][4.207s] GC(6) Pause Remark 31M->31M(512M) 7.277ms
[2020-07-09T12:38:07.420+0000][4.207s] GC(6) User=0.03s Sys=0.00s Real=0.01s
[2020-07-09T12:38:07.420+0000][4.207s] GC(6) Concurrent Rebuild Remembered Sets
[2020-07-09T12:38:07.449+0000][4.236s] GC(6) Concurrent Rebuild Remembered Sets 28.631ms
[2020-07-09T12:38:07.451+0000][4.237s] GC(6) Pause Cleanup
[2020-07-09T12:38:07.451+0000][4.237s] GC(6) Pause Cleanup 33M->33M(512M) 0.142ms
[2020-07-09T12:38:07.451+0000][4.237s] GC(6) User=0.00s Sys=0.00s Real=0.00s
[2020-07-09T12:38:07.451+0000][4.237s] GC(6) Concurrent Cleanup for Next Mark
[2020-07-09T12:38:07.453+0000][4.239s] GC(6) Concurrent Cleanup for Next Mark 1.725ms
[2020-07-09T12:38:07.453+0000][4.239s] GC(6) Concurrent Cycle 93.236ms
[2020-07-09T12:38:08.204+0000][4.991s] GC(7) Pause Young (Normal) (G1 Evacuation Pause)
[2020-07-09T12:38:08.204+0000][4.991s] GC(7) Using 4 workers of 4 for evacuation
[2020-07-09T12:38:08.223+0000][5.010s] GC(7)   Pre Evacuate Collection Set: 0.0ms
[2020-07-09T12:38:08.223+0000][5.010s] GC(7)   Evacuate Collection Set: 17.6ms
[2020-07-09T12:38:08.223+0000][5.010s] GC(7)   Post Evacuate Collection Set: 1.2ms
[2020-07-09T12:38:08.223+0000][5.010s] GC(7)   Other: 0.2ms
[2020-07-09T12:38:08.223+0000][5.010s] GC(7) Eden regions: 82->0(116)
[2020-07-09T12:38:08.223+0000][5.010s] GC(7) Survivor regions: 4->8(11)
[2020-07-09T12:38:08.223+0000][5.010s] GC(7) Old regions: 19->19
[2020-07-09T12:38:08.223+0000][5.010s] GC(7) Humongous regions: 5->4
[2020-07-09T12:38:08.224+0000][5.010s] GC(7) Metaspace: 39902K->39902K(1085440K)
[2020-07-09T12:38:08.224+0000][5.010s] GC(7) Pause Young (Normal) (G1 Evacuation Pause) 109M->30M(512M) 19.153ms
[2020-07-09T12:38:08.224+0000][5.010s] GC(7) User=0.07s Sys=0.01s Real=0.02s
[2020-07-09T12:38:08.711+0000][5.497s] GC(8) Pause Young (Normal) (G1 Evacuation Pause)
[2020-07-09T12:38:08.711+0000][5.497s] GC(8) Using 4 workers of 4 for evacuation
[2020-07-09T12:38:08.724+0000][5.511s] GC(8)   Pre Evacuate Collection Set: 0.0ms
[2020-07-09T12:38:08.724+0000][5.511s] GC(8)   Evacuate Collection Set: 12.8ms
[2020-07-09T12:38:08.724+0000][5.511s] GC(8)   Post Evacuate Collection Set: 0.7ms
[2020-07-09T12:38:08.724+0000][5.511s] GC(8)   Other: 0.2ms
[2020-07-09T12:38:08.724+0000][5.511s] GC(8) Eden regions: 116->0(160)
[2020-07-09T12:38:08.724+0000][5.511s] GC(8) Survivor regions: 8->9(16)
[2020-07-09T12:38:08.724+0000][5.511s] GC(8) Old regions: 19->19
[2020-07-09T12:38:08.724+0000][5.511s] GC(8) Humongous regions: 4->4
[2020-07-09T12:38:08.724+0000][5.511s] GC(8) Metaspace: 42190K->42190K(1087488K)
[2020-07-09T12:38:08.724+0000][5.511s] GC(8) Pause Young (Normal) (G1 Evacuation Pause) 146M->31M(512M) 13.749ms
[2020-07-09T12:38:08.724+0000][5.511s] GC(8) User=0.04s Sys=0.00s Real=0.01s
[2020-07-09T12:38:09.241+0000][6.027s] GC(9) Pause Young (Normal) (G1 Evacuation Pause)
[2020-07-09T12:38:09.241+0000][6.027s] GC(9) Using 4 workers of 4 for evacuation
[2020-07-09T12:38:09.257+0000][6.043s] GC(9)   Pre Evacuate Collection Set: 0.0ms
[2020-07-09T12:38:09.257+0000][6.043s] GC(9)   Evacuate Collection Set: 15.2ms
[2020-07-09T12:38:09.257+0000][6.043s] GC(9)   Post Evacuate Collection Set: 0.5ms
[2020-07-09T12:38:09.257+0000][6.043s] GC(9)   Other: 0.2ms
[2020-07-09T12:38:09.257+0000][6.043s] GC(9) Eden regions: 160->0(218)
[2020-07-09T12:38:09.257+0000][6.043s] GC(9) Survivor regions: 9->11(22)
[2020-07-09T12:38:09.257+0000][6.043s] GC(9) Old regions: 19->19
[2020-07-09T12:38:09.257+0000][6.043s] GC(9) Humongous regions: 4->4
[2020-07-09T12:38:09.257+0000][6.043s] GC(9) Metaspace: 45585K->45585K(1091584K)
[2020-07-09T12:38:09.257+0000][6.043s] GC(9) Pause Young (Normal) (G1 Evacuation Pause) 191M->33M(512M) 15.918ms
[2020-07-09T12:38:09.257+0000][6.043s] GC(9) User=0.06s Sys=0.00s Real=0.01s
[2020-07-09T12:38:56.914+0000][53.700s] Heap
[2020-07-09T12:38:56.914+0000][53.700s]  garbage-first heap   total 524288K, used 221215K [0x00000000e0000000, 0x0000000100000000)
[2020-07-09T12:38:56.914+0000][53.700s]   region size 1024K, 195 young (199680K), 11 survivors (11264K)
[2020-07-09T12:38:56.914+0000][53.700s]  Metaspace       used 56214K, capacity 57339K, committed 57676K, reserved 1099776K
[2020-07-09T12:38:56.914+0000][53.700s]   class space    used 6678K, capacity 7140K, committed 7244K, reserved 1048576K
=======
[2020-07-09T12:39:05.595+0000][0.005s] Heap region size: 1M
[2020-07-09T12:39:05.621+0000][0.030s] Using G1
[2020-07-09T12:39:05.621+0000][0.030s] Heap address: 0x00000000e0000000, size: 512 MB, Compressed Oops mode: 32-bit
[2020-07-09T12:39:06.314+0000][0.724s] GC(0) Pause Young (Normal) (G1 Evacuation Pause)
[2020-07-09T12:39:06.315+0000][0.724s] GC(0) Using 4 workers of 4 for evacuation
[2020-07-09T12:39:06.323+0000][0.732s] GC(0)   Pre Evacuate Collection Set: 0.0ms
[2020-07-09T12:39:06.323+0000][0.732s] GC(0)   Evacuate Collection Set: 6.6ms
[2020-07-09T12:39:06.323+0000][0.732s] GC(0)   Post Evacuate Collection Set: 1.1ms
[2020-07-09T12:39:06.323+0000][0.732s] GC(0)   Other: 0.7ms
[2020-07-09T12:39:06.323+0000][0.732s] GC(0) Eden regions: 25->0(304)
[2020-07-09T12:39:06.323+0000][0.732s] GC(0) Survivor regions: 0->3(4)
[2020-07-09T12:39:06.323+0000][0.732s] GC(0) Old regions: 0->0
[2020-07-09T12:39:06.323+0000][0.732s] GC(0) Humongous regions: 0->0
[2020-07-09T12:39:06.323+0000][0.732s] GC(0) Metaspace: 11939K->11939K(1060864K)
[2020-07-09T12:39:06.323+0000][0.732s] GC(0) Pause Young (Normal) (G1 Evacuation Pause) 25M->2M(512M) 8.461ms
[2020-07-09T12:39:06.323+0000][0.732s] GC(0) User=0.03s Sys=0.01s Real=0.01s
[2020-07-09T12:39:07.018+0000][1.427s] GC(1) Pause Young (Concurrent Start) (Metadata GC Threshold)
[2020-07-09T12:39:07.018+0000][1.427s] GC(1) Using 4 workers of 4 for evacuation
[2020-07-09T12:39:07.039+0000][1.448s] GC(1)   Pre Evacuate Collection Set: 0.0ms
[2020-07-09T12:39:07.039+0000][1.448s] GC(1)   Evacuate Collection Set: 19.6ms
[2020-07-09T12:39:07.039+0000][1.448s] GC(1)   Post Evacuate Collection Set: 0.7ms
[2020-07-09T12:39:07.039+0000][1.448s] GC(1)   Other: 0.2ms
[2020-07-09T12:39:07.039+0000][1.448s] GC(1) Eden regions: 30->0(34)
[2020-07-09T12:39:07.039+0000][1.448s] GC(1) Survivor regions: 3->12(36)
[2020-07-09T12:39:07.039+0000][1.448s] GC(1) Old regions: 0->0
[2020-07-09T12:39:07.039+0000][1.448s] GC(1) Humongous regions: 4->4
[2020-07-09T12:39:07.039+0000][1.448s] GC(1) Metaspace: 20643K->20643K(1069056K)
[2020-07-09T12:39:07.039+0000][1.448s] GC(1) Pause Young (Concurrent Start) (Metadata GC Threshold) 36M->15M(512M) 20.699ms
[2020-07-09T12:39:07.039+0000][1.448s] GC(1) User=0.05s Sys=0.02s Real=0.03s
[2020-07-09T12:39:07.039+0000][1.448s] GC(2) Concurrent Cycle
[2020-07-09T12:39:07.039+0000][1.448s] GC(2) Concurrent Clear Claimed Marks
[2020-07-09T12:39:07.039+0000][1.448s] GC(2) Concurrent Clear Claimed Marks 0.028ms
[2020-07-09T12:39:07.039+0000][1.448s] GC(2) Concurrent Scan Root Regions
[2020-07-09T12:39:07.064+0000][1.473s] GC(2) Concurrent Scan Root Regions 25.313ms
[2020-07-09T12:39:07.064+0000][1.474s] GC(2) Concurrent Mark (1.474s)
[2020-07-09T12:39:07.064+0000][1.474s] GC(2) Concurrent Mark From Roots
[2020-07-09T12:39:07.064+0000][1.474s] GC(2) Using 1 workers of 1 for marking
[2020-07-09T12:39:07.068+0000][1.477s] GC(2) Concurrent Mark From Roots 3.600ms
[2020-07-09T12:39:07.068+0000][1.477s] GC(2) Concurrent Preclean
[2020-07-09T12:39:07.068+0000][1.477s] GC(2) Concurrent Preclean 0.210ms
[2020-07-09T12:39:07.068+0000][1.477s] GC(2) Concurrent Mark (1.474s, 1.477s) 3.879ms
[2020-07-09T12:39:07.068+0000][1.478s] GC(2) Pause Remark
[2020-07-09T12:39:07.071+0000][1.480s] GC(2) Cleaned string and symbol table, strings: 10887 processed, 0 removed, symbols: 64354 processed, 18 removed
[2020-07-09T12:39:07.071+0000][1.480s] GC(2) Pause Remark 18M->18M(512M) 2.821ms
[2020-07-09T12:39:07.071+0000][1.480s] GC(2) User=0.01s Sys=0.00s Real=0.00s
[2020-07-09T12:39:07.071+0000][1.480s] GC(2) Concurrent Rebuild Remembered Sets
[2020-07-09T12:39:07.075+0000][1.484s] GC(2) Concurrent Rebuild Remembered Sets 3.707ms
[2020-07-09T12:39:07.075+0000][1.484s] GC(2) Pause Cleanup
[2020-07-09T12:39:07.075+0000][1.484s] GC(2) Pause Cleanup 18M->18M(512M) 0.147ms
[2020-07-09T12:39:07.075+0000][1.484s] GC(2) User=0.00s Sys=0.00s Real=0.00s
[2020-07-09T12:39:07.075+0000][1.484s] GC(2) Concurrent Cleanup for Next Mark
[2020-07-09T12:39:07.077+0000][1.486s] GC(2) Concurrent Cleanup for Next Mark 1.640ms
[2020-07-09T12:39:07.077+0000][1.486s] GC(2) Concurrent Cycle 38.050ms
[2020-07-09T12:39:07.536+0000][1.945s] GC(3) Pause Young (Normal) (G1 Evacuation Pause)
[2020-07-09T12:39:07.536+0000][1.945s] GC(3) Using 4 workers of 4 for evacuation
[2020-07-09T12:39:07.556+0000][1.965s] GC(3)   Pre Evacuate Collection Set: 0.0ms
[2020-07-09T12:39:07.556+0000][1.965s] GC(3)   Evacuate Collection Set: 19.2ms
[2020-07-09T12:39:07.556+0000][1.965s] GC(3)   Post Evacuate Collection Set: 0.5ms
[2020-07-09T12:39:07.556+0000][1.965s] GC(3)   Other: 0.1ms
[2020-07-09T12:39:07.556+0000][1.965s] GC(3) Eden regions: 31->0(40)
[2020-07-09T12:39:07.556+0000][1.965s] GC(3) Survivor regions: 12->6(6)
[2020-07-09T12:39:07.556+0000][1.965s] GC(3) Old regions: 0->13
[2020-07-09T12:39:07.556+0000][1.965s] GC(3) Humongous regions: 4->4
[2020-07-09T12:39:07.556+0000][1.965s] GC(3) Metaspace: 23116K->23116K(1071104K)
[2020-07-09T12:39:07.556+0000][1.965s] GC(3) Pause Young (Normal) (G1 Evacuation Pause) 46M->22M(512M) 19.953ms
[2020-07-09T12:39:07.556+0000][1.965s] GC(3) User=0.08s Sys=0.01s Real=0.02s
[2020-07-09T12:39:08.284+0000][2.694s] GC(4) Pause Young (Normal) (G1 Evacuation Pause)
[2020-07-09T12:39:08.284+0000][2.694s] GC(4) Using 4 workers of 4 for evacuation
[2020-07-09T12:39:08.289+0000][2.699s] GC(4)   Pre Evacuate Collection Set: 0.0ms
[2020-07-09T12:39:08.289+0000][2.699s] GC(4)   Evacuate Collection Set: 4.4ms
[2020-07-09T12:39:08.289+0000][2.699s] GC(4)   Post Evacuate Collection Set: 0.3ms
[2020-07-09T12:39:08.289+0000][2.699s] GC(4)   Other: 0.1ms
[2020-07-09T12:39:08.289+0000][2.699s] GC(4) Eden regions: 40->0(63)
[2020-07-09T12:39:08.289+0000][2.699s] GC(4) Survivor regions: 6->1(6)
[2020-07-09T12:39:08.289+0000][2.699s] GC(4) Old regions: 13->19
[2020-07-09T12:39:08.289+0000][2.699s] GC(4) Humongous regions: 4->4
[2020-07-09T12:39:08.289+0000][2.699s] GC(4) Metaspace: 26356K->26356K(1073152K)
[2020-07-09T12:39:08.289+0000][2.699s] GC(4) Pause Young (Normal) (G1 Evacuation Pause) 62M->23M(512M) 4.924ms
[2020-07-09T12:39:08.289+0000][2.699s] GC(4) User=0.02s Sys=0.00s Real=0.01s
[2020-07-09T12:39:09.172+0000][3.582s] GC(5) Pause Young (Concurrent Start) (Metadata GC Threshold)
[2020-07-09T12:39:09.172+0000][3.582s] GC(5) Using 4 workers of 4 for evacuation
[2020-07-09T12:39:09.187+0000][3.596s] GC(5)   Pre Evacuate Collection Set: 0.1ms
[2020-07-09T12:39:09.187+0000][3.596s] GC(5)   Evacuate Collection Set: 12.1ms
[2020-07-09T12:39:09.187+0000][3.596s] GC(5)   Post Evacuate Collection Set: 2.4ms
[2020-07-09T12:39:09.187+0000][3.596s] GC(5)   Other: 0.2ms
[2020-07-09T12:39:09.187+0000][3.596s] GC(5) Eden regions: 59->0(90)
[2020-07-09T12:39:09.187+0000][3.596s] GC(5) Survivor regions: 1->4(8)
[2020-07-09T12:39:09.187+0000][3.596s] GC(5) Old regions: 19->19
[2020-07-09T12:39:09.187+0000][3.596s] GC(5) Humongous regions: 4->4
[2020-07-09T12:39:09.187+0000][3.596s] GC(5) Metaspace: 34920K->34920K(1081344K)
[2020-07-09T12:39:09.187+0000][3.596s] GC(5) Pause Young (Concurrent Start) (Metadata GC Threshold) 82M->26M(512M) 14.861ms
[2020-07-09T12:39:09.187+0000][3.597s] GC(5) User=0.04s Sys=0.01s Real=0.02s
[2020-07-09T12:39:09.187+0000][3.597s] GC(6) Concurrent Cycle
[2020-07-09T12:39:09.187+0000][3.597s] GC(6) Concurrent Clear Claimed Marks
[2020-07-09T12:39:09.187+0000][3.597s] GC(6) Concurrent Clear Claimed Marks 0.064ms
[2020-07-09T12:39:09.187+0000][3.597s] GC(6) Concurrent Scan Root Regions
[2020-07-09T12:39:09.194+0000][3.603s] GC(6) Concurrent Scan Root Regions 6.741ms
[2020-07-09T12:39:09.194+0000][3.603s] GC(6) Concurrent Mark (3.603s)
[2020-07-09T12:39:09.194+0000][3.603s] GC(6) Concurrent Mark From Roots
[2020-07-09T12:39:09.194+0000][3.603s] GC(6) Using 1 workers of 1 for marking
[2020-07-09T12:39:09.258+0000][3.667s] GC(6) Concurrent Mark From Roots 63.494ms
[2020-07-09T12:39:09.258+0000][3.667s] GC(6) Concurrent Preclean
[2020-07-09T12:39:09.258+0000][3.667s] GC(6) Concurrent Preclean 0.353ms
[2020-07-09T12:39:09.258+0000][3.667s] GC(6) Concurrent Mark (3.603s, 3.667s) 63.920ms
[2020-07-09T12:39:09.258+0000][3.668s] GC(6) Pause Remark
[2020-07-09T12:39:09.266+0000][3.676s] GC(6) Cleaned string and symbol table, strings: 16911 processed, 22 removed, symbols: 108767 processed, 53 removed
[2020-07-09T12:39:09.266+0000][3.676s] GC(6) Pause Remark 32M->32M(512M) 8.197ms
[2020-07-09T12:39:09.266+0000][3.676s] GC(6) User=0.02s Sys=0.00s Real=0.01s
[2020-07-09T12:39:09.266+0000][3.676s] GC(6) Concurrent Rebuild Remembered Sets
[2020-07-09T12:39:09.308+0000][3.718s] GC(6) Concurrent Rebuild Remembered Sets 41.777ms
[2020-07-09T12:39:09.312+0000][3.721s] GC(6) Pause Cleanup
[2020-07-09T12:39:09.312+0000][3.721s] GC(6) Pause Cleanup 34M->34M(512M) 0.128ms
[2020-07-09T12:39:09.312+0000][3.721s] GC(6) User=0.00s Sys=0.00s Real=0.00s
[2020-07-09T12:39:09.312+0000][3.721s] GC(6) Concurrent Cleanup for Next Mark
[2020-07-09T12:39:09.314+0000][3.723s] GC(6) Concurrent Cleanup for Next Mark 2.171ms
[2020-07-09T12:39:09.314+0000][3.723s] GC(6) Concurrent Cycle 126.718ms
[2020-07-09T12:39:10.075+0000][4.484s] GC(7) Pause Young (Concurrent Start) (G1 Evacuation Pause)
[2020-07-09T12:39:10.075+0000][4.484s] GC(7) Using 4 workers of 4 for evacuation
[2020-07-09T12:39:10.088+0000][4.497s] GC(7)   Pre Evacuate Collection Set: 0.1ms
[2020-07-09T12:39:10.088+0000][4.497s] GC(7)   Evacuate Collection Set: 11.9ms
[2020-07-09T12:39:10.088+0000][4.497s] GC(7)   Post Evacuate Collection Set: 1.2ms
[2020-07-09T12:39:10.088+0000][4.497s] GC(7)   Other: 0.2ms
[2020-07-09T12:39:10.088+0000][4.497s] GC(7) Eden regions: 90->0(121)
[2020-07-09T12:39:10.088+0000][4.497s] GC(7) Survivor regions: 4->6(12)
[2020-07-09T12:39:10.088+0000][4.497s] GC(7) Old regions: 19->19
[2020-07-09T12:39:10.088+0000][4.497s] GC(7) Humongous regions: 4->4
[2020-07-09T12:39:10.088+0000][4.497s] GC(7) Metaspace: 38844K->38844K(1085440K)
[2020-07-09T12:39:10.088+0000][4.497s] GC(7) Pause Young (Concurrent Start) (G1 Evacuation Pause) 116M->28M(512M) 13.454ms
[2020-07-09T12:39:10.088+0000][4.497s] GC(7) User=0.04s Sys=0.00s Real=0.02s
[2020-07-09T12:39:10.088+0000][4.498s] GC(8) Concurrent Cycle
[2020-07-09T12:39:10.088+0000][4.498s] GC(8) Concurrent Clear Claimed Marks
[2020-07-09T12:39:10.088+0000][4.498s] GC(8) Concurrent Clear Claimed Marks 0.077ms
[2020-07-09T12:39:10.088+0000][4.498s] GC(8) Concurrent Scan Root Regions
[2020-07-09T12:39:10.098+0000][4.507s] GC(8) Concurrent Scan Root Regions 9.842ms
[2020-07-09T12:39:10.098+0000][4.508s] GC(8) Concurrent Mark (4.508s)
[2020-07-09T12:39:10.098+0000][4.508s] GC(8) Concurrent Mark From Roots
[2020-07-09T12:39:10.098+0000][4.508s] GC(8) Using 1 workers of 1 for marking
[2020-07-09T12:39:10.174+0000][4.584s] GC(8) Concurrent Mark From Roots 76.154ms
[2020-07-09T12:39:10.174+0000][4.584s] GC(8) Concurrent Preclean
[2020-07-09T12:39:10.175+0000][4.584s] GC(8) Concurrent Preclean 0.312ms
[2020-07-09T12:39:10.175+0000][4.584s] GC(8) Concurrent Mark (4.508s, 4.584s) 76.543ms
[2020-07-09T12:39:10.175+0000][4.584s] GC(8) Pause Remark
[2020-07-09T12:39:10.191+0000][4.600s] GC(8) Cleaned string and symbol table, strings: 18992 processed, 0 removed, symbols: 119613 processed, 80 removed
[2020-07-09T12:39:10.191+0000][4.600s] GC(8) Pause Remark 38M->38M(512M) 16.214ms
[2020-07-09T12:39:10.191+0000][4.600s] GC(8) User=0.05s Sys=0.00s Real=0.02s
[2020-07-09T12:39:10.191+0000][4.601s] GC(8) Concurrent Rebuild Remembered Sets
[2020-07-09T12:39:10.229+0000][4.638s] GC(8) Concurrent Rebuild Remembered Sets 37.795ms
[2020-07-09T12:39:10.230+0000][4.639s] GC(8) Pause Cleanup
[2020-07-09T12:39:10.230+0000][4.639s] GC(8) Pause Cleanup 41M->41M(512M) 0.162ms
[2020-07-09T12:39:10.230+0000][4.639s] GC(8) User=0.00s Sys=0.00s Real=0.00s
[2020-07-09T12:39:10.230+0000][4.639s] GC(8) Concurrent Cleanup for Next Mark
[2020-07-09T12:39:10.232+0000][4.641s] GC(8) Concurrent Cleanup for Next Mark 1.804ms
[2020-07-09T12:39:10.232+0000][4.641s] GC(8) Concurrent Cycle 143.530ms
[2020-07-09T12:39:10.610+0000][5.019s] GC(9) Pause Young (Normal) (G1 Evacuation Pause)
[2020-07-09T12:39:10.610+0000][5.019s] GC(9) Using 4 workers of 4 for evacuation
[2020-07-09T12:39:10.625+0000][5.034s] GC(9)   Pre Evacuate Collection Set: 0.0ms
[2020-07-09T12:39:10.625+0000][5.034s] GC(9)   Evacuate Collection Set: 14.2ms
[2020-07-09T12:39:10.625+0000][5.034s] GC(9)   Post Evacuate Collection Set: 0.4ms
[2020-07-09T12:39:10.625+0000][5.034s] GC(9)   Other: 0.2ms
[2020-07-09T12:39:10.625+0000][5.034s] GC(9) Eden regions: 125->0(171)
[2020-07-09T12:39:10.625+0000][5.034s] GC(9) Survivor regions: 6->8(17)
[2020-07-09T12:39:10.625+0000][5.034s] GC(9) Old regions: 19->19
[2020-07-09T12:39:10.625+0000][5.034s] GC(9) Humongous regions: 5->4
[2020-07-09T12:39:10.625+0000][5.034s] GC(9) Metaspace: 40872K->40872K(1085440K)
[2020-07-09T12:39:10.625+0000][5.034s] GC(9) Pause Young (Normal) (G1 Evacuation Pause) 154M->30M(512M) 14.885ms
[2020-07-09T12:39:10.625+0000][5.034s] GC(9) User=0.06s Sys=0.00s Real=0.01s
[2020-07-09T12:40:58.258+0000][112.668s] GC(10) Pause Young (Normal) (G1 Evacuation Pause)
[2020-07-09T12:40:58.258+0000][112.668s] GC(10) Using 4 workers of 4 for evacuation
[2020-07-09T12:40:58.279+0000][112.689s] GC(10)   Pre Evacuate Collection Set: 0.0ms
[2020-07-09T12:40:58.279+0000][112.689s] GC(10)   Evacuate Collection Set: 19.7ms
[2020-07-09T12:40:58.279+0000][112.689s] GC(10)   Post Evacuate Collection Set: 0.9ms
[2020-07-09T12:40:58.279+0000][112.689s] GC(10)   Other: 0.2ms
[2020-07-09T12:40:58.279+0000][112.689s] GC(10) Eden regions: 171->0(264)
[2020-07-09T12:40:58.279+0000][112.689s] GC(10) Survivor regions: 8->14(23)
[2020-07-09T12:40:58.279+0000][112.689s] GC(10) Old regions: 19->19
[2020-07-09T12:40:58.279+0000][112.689s] GC(10) Humongous regions: 4->4
[2020-07-09T12:40:58.279+0000][112.689s] GC(10) Metaspace: 51935K->51935K(1095680K)
[2020-07-09T12:40:58.279+0000][112.689s] GC(10) Pause Young (Normal) (G1 Evacuation Pause) 201M->36M(512M) 20.948ms
[2020-07-09T12:40:58.279+0000][112.689s] GC(10) User=0.08s Sys=0.00s Real=0.03s
[2020-07-09T12:47:52.447+0000][526.856s] Heap
[2020-07-09T12:47:52.447+0000][526.856s]  garbage-first heap   total 524288K, used 54667K [0x00000000e0000000, 0x0000000100000000)
[2020-07-09T12:47:52.447+0000][526.856s]   region size 1024K, 32 young (32768K), 14 survivors (14336K)
[2020-07-09T12:47:52.447+0000][526.856s]  Metaspace       used 52598K, capacity 53691K, committed 53836K, reserved 1095680K
[2020-07-09T12:47:52.447+0000][526.856s]   class space    used 6271K, capacity 6725K, committed 6784K, reserved 1048576K
>>>>>>> f1deafe8096b4efb8bd9cd65f052f5830b3df77d
